/home/dimercur/Travail/git/insa-nxpcup/code/projet-2024/FRDM-K32L3A60_MASTER/drivers/fsl_usdhc.h:1038:24:USDHC_GetPresentStatusFlags	16	static
/home/dimercur/Travail/git/insa-nxpcup/code/projet-2024/FRDM-K32L3A60_MASTER/drivers/fsl_usdhc.h:1064:20:USDHC_ForceClockOn	16	static
/home/dimercur/Travail/git/insa-nxpcup/code/projet-2024/FRDM-K32L3A60_MASTER/sdmmc/host/fsl_sdmmc_host.h:235:20:SDMMCHOST_SendCardActive	16	static
/home/dimercur/Travail/git/insa-nxpcup/code/projet-2024/FRDM-K32L3A60_MASTER/sdmmc/host/fsl_sdmmc_host.h:246:24:SDMMCHOST_SetCardClock	16	static
/home/dimercur/Travail/git/insa-nxpcup/code/projet-2024/FRDM-K32L3A60_MASTER/sdmmc/host/fsl_sdmmc_host.h:269:24:SDMMCHOST_GetSignalLineStatus	16	static
/home/dimercur/Travail/git/insa-nxpcup/code/projet-2024/FRDM-K32L3A60_MASTER/sdmmc/host/fsl_sdmmc_host.h:300:20:SDMMCHOST_EnableDDRMode	24	static
/home/dimercur/Travail/git/insa-nxpcup/code/projet-2024/FRDM-K32L3A60_MASTER/sdmmc/host/fsl_sdmmc_host.h:382:20:SDMMCHOST_ForceClockOn	16	static
../sdmmc/src/fsl_sdio.c:113:24:SDIO_SelectCard	16	static
../sdmmc/src/fsl_sdio.c:120:24:SDIO_GoIdle	16	static
../sdmmc/src/fsl_sdio.c:127:17:SDIO_SwitchIOVoltage	16	static
../sdmmc/src/fsl_sdio.c:151:17:SDIO_SwitchVoltage	64	static
../sdmmc/src/fsl_sdio.c:222:17:SDIO_ExecuteTuning	16	static
../sdmmc/src/fsl_sdio.c:230:17:SDIO_SendRca	72	static
../sdmmc/src/fsl_sdio.c:269:10:SDIO_CardInActive	16	static
../sdmmc/src/fsl_sdio.c:276:17:SDIO_SendOperationCondition	80	static
../sdmmc/src/fsl_sdio.c:339:17:SDIO_IO_Access_Direct	72	static
../sdmmc/src/fsl_sdio.c:390:10:SDIO_IO_Write_Direct	48	static
../sdmmc/src/fsl_sdio.c:410:10:SDIO_IO_Read_Direct	48	static
../sdmmc/src/fsl_sdio.c:430:10:SDIO_IO_RW_Direct	48	static
../sdmmc/src/fsl_sdio.c:455:10:SDIO_IO_Write_Extended	96	static
../sdmmc/src/fsl_sdio.c:550:10:SDIO_IO_Read_Extended	96	static
../sdmmc/src/fsl_sdio.c:648:10:SDIO_IO_Transfer	112	static
../sdmmc/src/fsl_sdio.c:767:10:SDIO_GetCardCapability	48	static
../sdmmc/src/fsl_sdio.c:872:10:SDIO_SetBlockSize	48	static
../sdmmc/src/fsl_sdio.c:932:10:SDIO_CardReset	40	static
../sdmmc/src/fsl_sdio.c:945:10:SDIO_SetDataBusWidth	40	static
../sdmmc/src/fsl_sdio.c:1004:17:SDIO_SetMaxDataBusWidth	24	static
../sdmmc/src/fsl_sdio.c:1029:10:SDIO_SwitchToHighSpeed	48	static
../sdmmc/src/fsl_sdio.c:1085:17:SDIO_SelectBusTiming	56	static
../sdmmc/src/fsl_sdio.c:1238:10:SDIO_SetDriverStrength	48	static
../sdmmc/src/fsl_sdio.c:1277:10:SDIO_EnableAsyncInterrupt	40	static
../sdmmc/src/fsl_sdio.c:1322:17:SDIO_DecodeCIS	24	static
../sdmmc/src/fsl_sdio.c:1411:10:SDIO_ReadCIS	328	static
../sdmmc/src/fsl_sdio.c:1511:17:SDIO_ProbeBusVoltage	32	static
../sdmmc/src/fsl_sdio.c:1601:17:sdiocard_init	24	static
../sdmmc/src/fsl_sdio.c:1665:10:SDIO_CardInit	24	static
../sdmmc/src/fsl_sdio.c:1683:6:SDIO_CardDeinit	16	static
../sdmmc/src/fsl_sdio.c:1694:10:SDIO_HostInit	16	static
../sdmmc/src/fsl_sdio.c:1722:6:SDIO_HostDeinit	16	static
../sdmmc/src/fsl_sdio.c:1732:6:SDIO_HostDoReset	16	static
../sdmmc/src/fsl_sdio.c:1737:10:SDIO_PollingCardInsert	16	static
../sdmmc/src/fsl_sdio.c:1782:6:SDIO_IsCardPresent	16	static
../sdmmc/src/fsl_sdio.c:1811:6:SDIO_SetCardPower	24	static
../sdmmc/src/fsl_sdio.c:1838:10:SDIO_Init	24	static
../sdmmc/src/fsl_sdio.c:1878:6:SDIO_Deinit	16	static
../sdmmc/src/fsl_sdio.c:1886:10:SDIO_EnableIOInterrupt	40	static
../sdmmc/src/fsl_sdio.c:1939:10:SDIO_GetPendingInterrupt	40	static
../sdmmc/src/fsl_sdio.c:1955:10:SDIO_EnableIO	48	static
../sdmmc/src/fsl_sdio.c:2030:10:SDIO_SelectIO	40	static
../sdmmc/src/fsl_sdio.c:2049:10:SDIO_AbortIO	40	static
../sdmmc/src/fsl_sdio.c:2067:6:SDIO_SetIOIRQHandler	24	static
../sdmmc/src/fsl_sdio.c:2076:10:SDIO_HandlePendingIOInterrupt	24	static
