/home/dimercur/Travail/git/insa-nxpcup/code/projet-2024/FRDM-K32L3A60_MASTER/drivers/fsl_usdhc.h:1038:24:USDHC_GetPresentStatusFlags	16	static
/home/dimercur/Travail/git/insa-nxpcup/code/projet-2024/FRDM-K32L3A60_MASTER/drivers/fsl_usdhc.h:1064:20:USDHC_ForceClockOn	16	static
/home/dimercur/Travail/git/insa-nxpcup/code/projet-2024/FRDM-K32L3A60_MASTER/sdmmc/host/fsl_sdmmc_host.h:235:20:SDMMCHOST_SendCardActive	16	static
/home/dimercur/Travail/git/insa-nxpcup/code/projet-2024/FRDM-K32L3A60_MASTER/sdmmc/host/fsl_sdmmc_host.h:246:24:SDMMCHOST_SetCardClock	16	static
/home/dimercur/Travail/git/insa-nxpcup/code/projet-2024/FRDM-K32L3A60_MASTER/sdmmc/host/fsl_sdmmc_host.h:256:20:SDMMCHOST_IsCardBusy	16	static
/home/dimercur/Travail/git/insa-nxpcup/code/projet-2024/FRDM-K32L3A60_MASTER/sdmmc/host/fsl_sdmmc_host.h:269:24:SDMMCHOST_GetSignalLineStatus	16	static
/home/dimercur/Travail/git/insa-nxpcup/code/projet-2024/FRDM-K32L3A60_MASTER/sdmmc/host/fsl_sdmmc_host.h:300:20:SDMMCHOST_EnableDDRMode	24	static
/home/dimercur/Travail/git/insa-nxpcup/code/projet-2024/FRDM-K32L3A60_MASTER/sdmmc/host/fsl_sdmmc_host.h:382:20:SDMMCHOST_ForceClockOn	16	static
../sdmmc/src/fsl_sd.c:334:17:SD_SendApplicationCmd	16	static
../sdmmc/src/fsl_sd.c:341:17:SD_GoIdle	16	static
../sdmmc/src/fsl_sd.c:348:17:SD_SetBlockSize	16	static
../sdmmc/src/fsl_sd.c:355:17:SD_ExecuteTuning	16	static
../sdmmc/src/fsl_sd.c:363:17:SD_SwitchIOVoltage	16	static
../sdmmc/src/fsl_sd.c:387:17:SD_SwitchVoltage	64	static
../sdmmc/src/fsl_sd.c:459:17:SD_StopTransmission	64	static
../sdmmc/src/fsl_sd.c:485:17:SD_Transfer	32	static
../sdmmc/src/fsl_sd.c:549:17:SD_SendCardStatus	72	static
../sdmmc/src/fsl_sd.c:591:10:SD_PollingCardStatusBusy	32	static
../sdmmc/src/fsl_sd.c:622:17:SD_SendWriteSuccessBlocks	96	static
../sdmmc/src/fsl_sd.c:668:17:SD_SendRca	64	static
../sdmmc/src/fsl_sd.c:696:17:SD_SwitchFunction	96	static
../sdmmc/src/fsl_sd.c:727:13:SD_DecodeScr	24	static
../sdmmc/src/fsl_sd.c:788:17:SD_SendScr	88	static
../sdmmc/src/fsl_sd.c:831:17:SD_SelectFunction	56	static
../sdmmc/src/fsl_sd.c:909:17:SD_SetDataBusWidth	64	static
../sdmmc/src/fsl_sd.c:949:13:SD_DecodeCsd	24	static
../sdmmc/src/fsl_sd.c:1052:17:SD_SendCsd	64	static
../sdmmc/src/fsl_sd.c:1083:13:SD_DecodeCid	24	static
../sdmmc/src/fsl_sd.c:1108:17:SD_AllSendCid	64	static
../sdmmc/src/fsl_sd.c:1134:17:SD_ApplicationSendOperationCondition	72	static
../sdmmc/src/fsl_sd.c:1189:17:SD_SendInterfaceCondition	72	static
../sdmmc/src/fsl_sd.c:1228:17:SD_SelectBusTiming	24	static
../sdmmc/src/fsl_sd.c:1355:13:SD_DecodeStatus	16	static
../sdmmc/src/fsl_sd.c:1374:10:SD_ReadStatus	88	static
../sdmmc/src/fsl_sd.c:1421:10:SD_SelectCard	16	static
../sdmmc/src/fsl_sd.c:1428:10:SD_SetDriverStrength	24	static
../sdmmc/src/fsl_sd.c:1440:10:SD_SetMaxCurrent	24	static
../sdmmc/src/fsl_sd.c:1452:17:SD_Read	96	static
../sdmmc/src/fsl_sd.c:1504:17:SD_Write	96	static
../sdmmc/src/fsl_sd.c:1574:17:SD_Erase	80	static
../sdmmc/src/fsl_sd.c:1651:6:SD_CheckReadOnly	16	static
../sdmmc/src/fsl_sd.c:1659:10:SD_ReadBlocks	64	static
../sdmmc/src/fsl_sd.c:1723:10:SD_WriteBlocks	64	static
../sdmmc/src/fsl_sd.c:1783:17:SD_CalculateEraseTimeout	32	static
../sdmmc/src/fsl_sd.c:1806:10:SD_EraseBlocks	56	static
../sdmmc/src/fsl_sd.c:1889:17:SD_ProbeBusVoltage	24	static
../sdmmc/src/fsl_sd.c:1987:17:sdcard_init	24	static
../sdmmc/src/fsl_sd.c:2076:10:SD_CardInit	24	static
../sdmmc/src/fsl_sd.c:2094:6:SD_CardDeinit	16	static
../sdmmc/src/fsl_sd.c:2106:10:SD_HostInit	24	static
../sdmmc/src/fsl_sd.c:2133:6:SD_HostDeinit	16	static
../sdmmc/src/fsl_sd.c:2142:6:SD_SetCardPower	24	static
../sdmmc/src/fsl_sd.c:2169:6:SD_IsCardPresent	16	static
../sdmmc/src/fsl_sd.c:2198:10:SD_PollingCardInsert	16	static
../sdmmc/src/fsl_sd.c:2243:10:SD_Init	24	static
../sdmmc/src/fsl_sd.c:2281:6:SD_Deinit	16	static
../sdmmc/src/fsl_sd.c:2289:6:SD_HostDoReset	16	static
