../rpmsg_lite/rpmsg_lite/porting/environment/rpmsg_env_freertos.c:97:16:env_in_isr	8	static
../rpmsg_lite/rpmsg_lite/porting/environment/rpmsg_env_freertos.c:109:10:env_wait_for_link_up	48	static
../rpmsg_lite/rpmsg_lite/porting/environment/rpmsg_env_freertos.c:139:6:env_tx_callback	24	static
../rpmsg_lite/rpmsg_lite/porting/environment/rpmsg_env_freertos.c:159:9:env_init	16	static
../rpmsg_lite/rpmsg_lite/porting/environment/rpmsg_env_freertos.c:217:9:env_deinit	16	static
../rpmsg_lite/rpmsg_lite/porting/environment/rpmsg_env_freertos.c:258:7:env_allocate_memory	16	static
../rpmsg_lite/rpmsg_lite/porting/environment/rpmsg_env_freertos.c:268:6:env_free_memory	16	static
../rpmsg_lite/rpmsg_lite/porting/environment/rpmsg_env_freertos.c:284:6:env_memset	24	static
../rpmsg_lite/rpmsg_lite/porting/environment/rpmsg_env_freertos.c:297:6:env_memcpy	24	static
../rpmsg_lite/rpmsg_lite/porting/environment/rpmsg_env_freertos.c:310:9:env_strcmp	16	static
../rpmsg_lite/rpmsg_lite/porting/environment/rpmsg_env_freertos.c:323:6:env_strncpy	24	static
../rpmsg_lite/rpmsg_lite/porting/environment/rpmsg_env_freertos.c:336:9:env_strncmp	24	static
../rpmsg_lite/rpmsg_lite/porting/environment/rpmsg_env_freertos.c:346:6:env_mb	8	static
../rpmsg_lite/rpmsg_lite/porting/environment/rpmsg_env_freertos.c:354:6:env_rmb	8	static
../rpmsg_lite/rpmsg_lite/porting/environment/rpmsg_env_freertos.c:362:6:env_wmb	8	static
../rpmsg_lite/rpmsg_lite/porting/environment/rpmsg_env_freertos.c:372:10:env_map_vatopa	16	static
../rpmsg_lite/rpmsg_lite/porting/environment/rpmsg_env_freertos.c:382:7:env_map_patova	16	static
../rpmsg_lite/rpmsg_lite/porting/environment/rpmsg_env_freertos.c:394:9:env_create_mutex	24	static
../rpmsg_lite/rpmsg_lite/porting/environment/rpmsg_env_freertos.c:426:6:env_delete_mutex	16	static
../rpmsg_lite/rpmsg_lite/porting/environment/rpmsg_env_freertos.c:437:6:env_lock_mutex	24	static
../rpmsg_lite/rpmsg_lite/porting/environment/rpmsg_env_freertos.c:451:6:env_unlock_mutex	24	static
../rpmsg_lite/rpmsg_lite/porting/environment/rpmsg_env_freertos.c:468:9:env_create_sync_lock	24	static
../rpmsg_lite/rpmsg_lite/porting/environment/rpmsg_env_freertos.c:485:6:env_delete_sync_lock	16	static
../rpmsg_lite/rpmsg_lite/porting/environment/rpmsg_env_freertos.c:499:6:env_acquire_sync_lock	24	static
../rpmsg_lite/rpmsg_lite/porting/environment/rpmsg_env_freertos.c:519:6:env_release_sync_lock	24	static
../rpmsg_lite/rpmsg_lite/porting/environment/rpmsg_env_freertos.c:539:6:env_sleep_msec	16	static
../rpmsg_lite/rpmsg_lite/porting/environment/rpmsg_env_freertos.c:552:6:env_register_isr	16	static
../rpmsg_lite/rpmsg_lite/porting/environment/rpmsg_env_freertos.c:568:6:env_unregister_isr	16	static
../rpmsg_lite/rpmsg_lite/porting/environment/rpmsg_env_freertos.c:585:6:env_enable_interrupt	16	static
../rpmsg_lite/rpmsg_lite/porting/environment/rpmsg_env_freertos.c:598:6:env_disable_interrupt	16	static
../rpmsg_lite/rpmsg_lite/porting/environment/rpmsg_env_freertos.c:614:6:env_map_memory	24	static
../rpmsg_lite/rpmsg_lite/porting/environment/rpmsg_env_freertos.c:626:6:env_disable_cache	8	static
../rpmsg_lite/rpmsg_lite/porting/environment/rpmsg_env_freertos.c:640:10:env_get_timestamp	16	static
../rpmsg_lite/rpmsg_lite/porting/environment/rpmsg_env_freertos.c:655:6:env_isr	24	static
../rpmsg_lite/rpmsg_lite/porting/environment/rpmsg_env_freertos.c:680:9:env_create_queue	24	static
../rpmsg_lite/rpmsg_lite/porting/environment/rpmsg_env_freertos.c:711:6:env_delete_queue	16	static
../rpmsg_lite/rpmsg_lite/porting/environment/rpmsg_env_freertos.c:728:9:env_put_queue	32	static
../rpmsg_lite/rpmsg_lite/porting/environment/rpmsg_env_freertos.c:762:9:env_get_queue	32	static
../rpmsg_lite/rpmsg_lite/porting/environment/rpmsg_env_freertos.c:794:9:env_get_current_queue_size	16	static
