/home/dimercur/Travail/git/insa-nxpcup/code/projet-2024/FRDM-K32L3A60_MASTER/rpmsg_lite/include/virtio_ring.h:131:23:vring_size	24	static
../rpmsg_lite/rpmsg_lite/rpmsg_lite.c:116:22:rpmsg_lite_get_endpoint_from_addr	24	static
../rpmsg_lite/rpmsg_lite/rpmsg_lite.c:151:13:rpmsg_lite_rx_callback	56	static
../rpmsg_lite/rpmsg_lite/rpmsg_lite.c:218:13:rpmsg_lite_tx_callback	24	static
../rpmsg_lite/rpmsg_lite/rpmsg_lite.c:249:13:vq_tx_remote	32	static
../rpmsg_lite/rpmsg_lite/rpmsg_lite.c:270:14:vq_tx_alloc_remote	24	static
../rpmsg_lite/rpmsg_lite/rpmsg_lite.c:286:14:vq_rx_remote	24	static
../rpmsg_lite/rpmsg_lite/rpmsg_lite.c:300:13:vq_rx_free_remote	32	static
../rpmsg_lite/rpmsg_lite/rpmsg_lite.c:336:13:vq_tx_master	32	static
../rpmsg_lite/rpmsg_lite/rpmsg_lite.c:357:14:vq_tx_alloc_master	24	static
../rpmsg_lite/rpmsg_lite/rpmsg_lite.c:373:14:vq_rx_master	24	static
../rpmsg_lite/rpmsg_lite/rpmsg_lite.c:388:13:vq_rx_free_master	32	static
../rpmsg_lite/rpmsg_lite/rpmsg_lite.c:419:13:virtqueue_notify	16	static
../rpmsg_lite/rpmsg_lite/rpmsg_lite.c:439:29:rpmsg_lite_create_ept	40	static
../rpmsg_lite/rpmsg_lite/rpmsg_lite.c:539:9:rpmsg_lite_destroy_ept	24	static
../rpmsg_lite/rpmsg_lite/rpmsg_lite.c:582:10:rpmsg_lite_is_link_up	16	static
../rpmsg_lite/rpmsg_lite/rpmsg_lite.c:592:10:rpmsg_lite_wait_for_link_up	16	static
../rpmsg_lite/rpmsg_lite/rpmsg_lite.c:618:16:rpmsg_lite_format_message	56	static
../rpmsg_lite/rpmsg_lite/rpmsg_lite.c:692:9:rpmsg_lite_send	40	static
../rpmsg_lite/rpmsg_lite/rpmsg_lite.c:719:7:rpmsg_lite_alloc_tx_buffer	40	static
../rpmsg_lite/rpmsg_lite/rpmsg_lite.c:774:9:rpmsg_lite_send_nocopy	40	static
../rpmsg_lite/rpmsg_lite/rpmsg_lite.c:845:9:rpmsg_lite_release_rx_buffer	32	static
../rpmsg_lite/rpmsg_lite/rpmsg_lite.c:900:29:rpmsg_lite_master_init	104	static
../rpmsg_lite/rpmsg_lite/rpmsg_lite.c:1195:29:rpmsg_lite_remote_init	96	static
../rpmsg_lite/rpmsg_lite/rpmsg_lite.c:1391:9:rpmsg_lite_deinit	16	static
