../startup/startup_k32l3a60_cm0plus.c:331:6:data_init	8	static
../startup/startup_k32l3a60_cm0plus.c:340:6:bss_init	0	static
../startup/startup_k32l3a60_cm0plus.c:365:6:ResetISR	0	static
../startup/startup_k32l3a60_cm0plus.c:454:14:NMI_Handler	0	static
../startup/startup_k32l3a60_cm0plus.c:458:14:HardFault_Handler	0	static
../startup/startup_k32l3a60_cm0plus.c:462:14:SVC_Handler	0	static
../startup/startup_k32l3a60_cm0plus.c:466:14:PendSV_Handler	0	static
../startup/startup_k32l3a60_cm0plus.c:470:14:SysTick_Handler	0	static
../startup/startup_k32l3a60_cm0plus.c:478:14:IntDefaultHandler	0	static
../startup/startup_k32l3a60_cm0plus.c:488:14:CTI1_IRQHandler	8	static
../startup/startup_k32l3a60_cm0plus.c:492:14:DMA1_04_IRQHandler	8	static
../startup/startup_k32l3a60_cm0plus.c:496:14:DMA1_15_IRQHandler	8	static
../startup/startup_k32l3a60_cm0plus.c:500:14:DMA1_26_IRQHandler	8	static
../startup/startup_k32l3a60_cm0plus.c:504:14:DMA1_37_IRQHandler	8	static
../startup/startup_k32l3a60_cm0plus.c:508:14:DMA1_Error_IRQHandler	8	static
../startup/startup_k32l3a60_cm0plus.c:512:14:MSMC_IRQHandler	8	static
../startup/startup_k32l3a60_cm0plus.c:516:14:LLWU1_IRQHandler	8	static
../startup/startup_k32l3a60_cm0plus.c:520:14:MUB_IRQHandler	8	static
../startup/startup_k32l3a60_cm0plus.c:524:14:WDOG1_IRQHandler	8	static
../startup/startup_k32l3a60_cm0plus.c:528:14:CAU3_Task_Complete_IRQHandler	8	static
../startup/startup_k32l3a60_cm0plus.c:532:14:CAU3_Security_Violation_IRQHandler	8	static
../startup/startup_k32l3a60_cm0plus.c:536:14:TRNG_IRQHandler	8	static
../startup/startup_k32l3a60_cm0plus.c:540:14:LPIT1_IRQHandler	8	static
../startup/startup_k32l3a60_cm0plus.c:544:14:LPTMR2_IRQHandler	8	static
../startup/startup_k32l3a60_cm0plus.c:548:14:TPM3_IRQHandler	8	static
../startup/startup_k32l3a60_cm0plus.c:552:14:LPI2C3_IRQHandler	8	static
../startup/startup_k32l3a60_cm0plus.c:556:14:Reserved33_IRQHandler	8	static
../startup/startup_k32l3a60_cm0plus.c:560:14:Reserved34_IRQHandler	8	static
../startup/startup_k32l3a60_cm0plus.c:564:14:LPSPI3_IRQHandler	8	static
../startup/startup_k32l3a60_cm0plus.c:568:14:LPUART3_IRQHandler	8	static
../startup/startup_k32l3a60_cm0plus.c:572:14:PORTE_IRQHandler	8	static
../startup/startup_k32l3a60_cm0plus.c:576:14:LPCMP1_IRQHandler	8	static
../startup/startup_k32l3a60_cm0plus.c:580:14:RTC_IRQHandler	8	static
../startup/startup_k32l3a60_cm0plus.c:584:14:INTMUX1_0_IRQHandler	8	static
../startup/startup_k32l3a60_cm0plus.c:588:14:INTMUX1_1_IRQHandler	8	static
../startup/startup_k32l3a60_cm0plus.c:592:14:INTMUX1_2_IRQHandler	8	static
../startup/startup_k32l3a60_cm0plus.c:596:14:INTMUX1_3_IRQHandler	8	static
../startup/startup_k32l3a60_cm0plus.c:600:14:INTMUX1_4_IRQHandler	8	static
../startup/startup_k32l3a60_cm0plus.c:604:14:INTMUX1_5_IRQHandler	8	static
../startup/startup_k32l3a60_cm0plus.c:608:14:INTMUX1_6_IRQHandler	8	static
../startup/startup_k32l3a60_cm0plus.c:612:14:INTMUX1_7_IRQHandler	8	static
../startup/startup_k32l3a60_cm0plus.c:616:14:EWM_IRQHandler	8	static
../startup/startup_k32l3a60_cm0plus.c:620:14:FTFE_Command_Complete_IRQHandler	8	static
../startup/startup_k32l3a60_cm0plus.c:624:14:FTFE_Read_Collision_IRQHandler	8	static
../startup/startup_k32l3a60_cm0plus.c:628:14:SPM_IRQHandler	8	static
../startup/startup_k32l3a60_cm0plus.c:632:14:SCG_IRQHandler	8	static
../startup/startup_k32l3a60_cm0plus.c:636:14:LPIT0_IRQHandler	8	static
../startup/startup_k32l3a60_cm0plus.c:640:14:LPTMR0_IRQHandler	8	static
../startup/startup_k32l3a60_cm0plus.c:644:14:LPTMR1_IRQHandler	8	static
../startup/startup_k32l3a60_cm0plus.c:648:14:TPM0_IRQHandler	8	static
../startup/startup_k32l3a60_cm0plus.c:652:14:TPM1_IRQHandler	8	static
../startup/startup_k32l3a60_cm0plus.c:656:14:TPM2_IRQHandler	8	static
../startup/startup_k32l3a60_cm0plus.c:660:14:EMVSIM0_IRQHandler	8	static
../startup/startup_k32l3a60_cm0plus.c:664:14:FLEXIO0_IRQHandler	8	static
../startup/startup_k32l3a60_cm0plus.c:668:14:LPI2C0_IRQHandler	8	static
../startup/startup_k32l3a60_cm0plus.c:672:14:LPI2C1_IRQHandler	8	static
../startup/startup_k32l3a60_cm0plus.c:676:14:LPI2C2_IRQHandler	8	static
../startup/startup_k32l3a60_cm0plus.c:680:14:I2S0_IRQHandler	8	static
../startup/startup_k32l3a60_cm0plus.c:684:14:USDHC0_IRQHandler	8	static
../startup/startup_k32l3a60_cm0plus.c:688:14:LPSPI0_IRQHandler	8	static
../startup/startup_k32l3a60_cm0plus.c:692:14:LPSPI1_IRQHandler	8	static
../startup/startup_k32l3a60_cm0plus.c:696:14:LPSPI2_IRQHandler	8	static
../startup/startup_k32l3a60_cm0plus.c:700:14:LPUART0_IRQHandler	8	static
../startup/startup_k32l3a60_cm0plus.c:704:14:LPUART1_IRQHandler	8	static
../startup/startup_k32l3a60_cm0plus.c:708:14:LPUART2_IRQHandler	8	static
../startup/startup_k32l3a60_cm0plus.c:712:14:USB0_IRQHandler	8	static
../startup/startup_k32l3a60_cm0plus.c:716:14:PORTA_IRQHandler	8	static
../startup/startup_k32l3a60_cm0plus.c:720:14:PORTB_IRQHandler	8	static
../startup/startup_k32l3a60_cm0plus.c:724:14:PORTC_IRQHandler	8	static
../startup/startup_k32l3a60_cm0plus.c:728:14:PORTD_IRQHandler	8	static
../startup/startup_k32l3a60_cm0plus.c:732:14:LPADC0_IRQHandler	8	static
../startup/startup_k32l3a60_cm0plus.c:736:14:LPCMP0_IRQHandler	8	static
../startup/startup_k32l3a60_cm0plus.c:740:14:LPDAC0_IRQHandler	8	static
