../utilities/fsl_str.c:103:17:PrintGetWidth	24	static
../utilities/fsl_str.c:132:17:PrintGetPrecision	40	static
../utilities/fsl_str.c:189:17:PrintIsobpu	24	static
../utilities/fsl_str.c:199:17:PrintIsdi	24	static
../utilities/fsl_str.c:209:13:PrintOutputdifFobpu	32	static
../utilities/fsl_str.c:262:13:PrintOutputxX	32	static
../utilities/fsl_str.c:323:17:PrintIsfF	24	static
../utilities/fsl_str.c:333:17:PrintIsxX	24	static
../utilities/fsl_str.c:442:13:PrintFilterLengthFlag	24	static
../utilities/fsl_str.c:456:16:PrintGetRadixFromobpu	24	static
../utilities/fsl_str.c:479:17:ScanIsWhiteSpace	24	static
../utilities/fsl_str.c:489:17:ScanIgnoreWhiteSpace	24	static
../utilities/fsl_str.c:504:16:ConvertRadixNumToString	64	static
../utilities/fsl_str.c:769:5:StrFormatPrintf	144	static
../utilities/fsl_str.c:1061:16:StrFormatScanIsFormatStarting	24	static
../utilities/fsl_str.c:1080:16:StrFormatScanGetBase	16	static
../utilities/fsl_str.c:1103:16:StrFormatScanCheckSymbol	24	static
../utilities/fsl_str.c:1124:16:StrFormatScanFillInteger	24	static
../utilities/fsl_str.c:1225:16:StrFormatScanfStringHandling	40	static
../utilities/fsl_str.c:1394:5:StrFormatScanf	88	static
