Archive member included to satisfy reference by file (symbol)

/usr/local/mcuxpressoide-11.7.0_9198/ide/plugins/com.nxp.mcuxpresso.tools.linux_11.7.0.202209140929/tools/bin/../lib/gcc/arm-none-eabi/10.3.1/../../../../arm-none-eabi/lib/thumb/v7e-m+fp/hard/libcr_semihost_nf.a(_cr__main.o)
                              ./startup/startup_k32l3a60_cm4.o (__main)
/usr/local/mcuxpressoide-11.7.0_9198/ide/plugins/com.nxp.mcuxpresso.tools.linux_11.7.0.202209140929/tools/bin/../lib/gcc/arm-none-eabi/10.3.1/../../../../arm-none-eabi/lib/thumb/v7e-m+fp/hard/libcr_c.a(memcpy.o)
                              ./utilities/fsl_str.o (memcpy)
/usr/local/mcuxpressoide-11.7.0_9198/ide/plugins/com.nxp.mcuxpresso.tools.linux_11.7.0.202209140929/tools/bin/../lib/gcc/arm-none-eabi/10.3.1/../../../../arm-none-eabi/lib/thumb/v7e-m+fp/hard/libcr_c.a(memset.o)
                              ./utilities/fsl_debug_console.o (memset)
/usr/local/mcuxpressoide-11.7.0_9198/ide/plugins/com.nxp.mcuxpresso.tools.linux_11.7.0.202209140929/tools/bin/../lib/gcc/arm-none-eabi/10.3.1/../../../../arm-none-eabi/lib/thumb/v7e-m+fp/hard/libcr_c.a(alloc.o)
                              ./drivers/fsl_common.o (malloc)
/usr/local/mcuxpressoide-11.7.0_9198/ide/plugins/com.nxp.mcuxpresso.tools.linux_11.7.0.202209140929/tools/bin/../lib/gcc/arm-none-eabi/10.3.1/../../../../arm-none-eabi/lib/thumb/v7e-m+fp/hard/libcr_c.a(errno.o)
                              ./utilities/fsl_str.o (errno)
/usr/local/mcuxpressoide-11.7.0_9198/ide/plugins/com.nxp.mcuxpresso.tools.linux_11.7.0.202209140929/tools/bin/../lib/gcc/arm-none-eabi/10.3.1/../../../../arm-none-eabi/lib/thumb/v7e-m+fp/hard/libcr_c.a(initio.o)
                              /usr/local/mcuxpressoide-11.7.0_9198/ide/plugins/com.nxp.mcuxpresso.tools.linux_11.7.0.202209140929/tools/bin/../lib/gcc/arm-none-eabi/10.3.1/../../../../arm-none-eabi/lib/thumb/v7e-m+fp/hard/libcr_semihost_nf.a(_cr__main.o) (_initio)
/usr/local/mcuxpressoide-11.7.0_9198/ide/plugins/com.nxp.mcuxpresso.tools.linux_11.7.0.202209140929/tools/bin/../lib/gcc/arm-none-eabi/10.3.1/../../../../arm-none-eabi/lib/thumb/v7e-m+fp/hard/libcr_c.a(memcmp.o)
                              ./fatfs/source/ff.o (memcmp)
/usr/local/mcuxpressoide-11.7.0_9198/ide/plugins/com.nxp.mcuxpresso.tools.linux_11.7.0.202209140929/tools/bin/../lib/gcc/arm-none-eabi/10.3.1/../../../../arm-none-eabi/lib/thumb/v7e-m+fp/hard/libcr_c.a(printf.o)
                              ./utilities/fsl_assert.o (_printf)
/usr/local/mcuxpressoide-11.7.0_9198/ide/plugins/com.nxp.mcuxpresso.tools.linux_11.7.0.202209140929/tools/bin/../lib/gcc/arm-none-eabi/10.3.1/../../../../arm-none-eabi/lib/thumb/v7e-m+fp/hard/libcr_c.a(scanf.o)
                              ./utilities/fsl_str.o (strtoul)
/usr/local/mcuxpressoide-11.7.0_9198/ide/plugins/com.nxp.mcuxpresso.tools.linux_11.7.0.202209140929/tools/bin/../lib/gcc/arm-none-eabi/10.3.1/../../../../arm-none-eabi/lib/thumb/v7e-m+fp/hard/libcr_c.a(setvbuf.o)
                              /usr/local/mcuxpressoide-11.7.0_9198/ide/plugins/com.nxp.mcuxpresso.tools.linux_11.7.0.202209140929/tools/bin/../lib/gcc/arm-none-eabi/10.3.1/../../../../arm-none-eabi/lib/thumb/v7e-m+fp/hard/libcr_c.a(initio.o) (setvbuf)
/usr/local/mcuxpressoide-11.7.0_9198/ide/plugins/com.nxp.mcuxpresso.tools.linux_11.7.0.202209140929/tools/bin/../lib/gcc/arm-none-eabi/10.3.1/../../../../arm-none-eabi/lib/thumb/v7e-m+fp/hard/libcr_c.a(strchr.o)
                              ./fatfs/source/ff.o (strchr)
/usr/local/mcuxpressoide-11.7.0_9198/ide/plugins/com.nxp.mcuxpresso.tools.linux_11.7.0.202209140929/tools/bin/../lib/gcc/arm-none-eabi/10.3.1/../../../../arm-none-eabi/lib/thumb/v7e-m+fp/hard/libcr_c.a(strcmp.o)
                              ./rpmsg_lite/rpmsg_lite/porting/environment/rpmsg_env_freertos.o (strcmp)
/usr/local/mcuxpressoide-11.7.0_9198/ide/plugins/com.nxp.mcuxpresso.tools.linux_11.7.0.202209140929/tools/bin/../lib/gcc/arm-none-eabi/10.3.1/../../../../arm-none-eabi/lib/thumb/v7e-m+fp/hard/libcr_c.a(strlen.o)
                              ./utilities/fsl_str.o (strlen)
/usr/local/mcuxpressoide-11.7.0_9198/ide/plugins/com.nxp.mcuxpresso.tools.linux_11.7.0.202209140929/tools/bin/../lib/gcc/arm-none-eabi/10.3.1/../../../../arm-none-eabi/lib/thumb/v7e-m+fp/hard/libcr_c.a(strncmp.o)
                              ./rpmsg_lite/rpmsg_lite/porting/environment/rpmsg_env_freertos.o (strncmp)
/usr/local/mcuxpressoide-11.7.0_9198/ide/plugins/com.nxp.mcuxpresso.tools.linux_11.7.0.202209140929/tools/bin/../lib/gcc/arm-none-eabi/10.3.1/../../../../arm-none-eabi/lib/thumb/v7e-m+fp/hard/libcr_c.a(strncpy.o)
                              ./rpmsg_lite/rpmsg_lite/porting/environment/rpmsg_env_freertos.o (strncpy)
/usr/local/mcuxpressoide-11.7.0_9198/ide/plugins/com.nxp.mcuxpresso.tools.linux_11.7.0.202209140929/tools/bin/../lib/gcc/arm-none-eabi/10.3.1/../../../../arm-none-eabi/lib/thumb/v7e-m+fp/hard/libcr_c.a(ungetc.o)
[...]
Memory Configuration

Name             Origin             Length             Attributes
PROGRAM_FLASH_cm4 0x0000000000000000 0x0000000000100000 xr
PROGRAM_FLASH_cm0plus 0x0000000001000000 0x0000000000040000 xr
SRAM_DTC_cm4     0x0000000020000000 0x0000000000030000 xrw
SRAM_TCM_cm0plus 0x0000000009000000 0x0000000000020000 xrw
SRAM_ITC_cm4     0x0000000008000000 0x0000000000010000 xrw
FLEX_RAM         0x0000000048000000 0x0000000000001000 xrw
USB_RAM          0x0000000048010000 0x0000000000000800 xrw
*default*        0x0000000000000000 0xffffffffffffffff

Linker script and memory map

LOAD ./utilities/fsl_assert.o
LOAD ./utilities/fsl_debug_console.o
LOAD ./utilities/fsl_str.o
LOAD ./startup/boot_multicore_slave.o
LOAD ./startup/startup_k32l3a60_cm4.o
LOAD ./source/FRDM-K32L3A60_MASTER.o
LOAD ./source/semihost_hardfault.o
LOAD ./sdmmc/template/usdhc/sdmmc_config.o
LOAD ./sdmmc/src/fsl_sd.o
LOAD ./sdmmc/src/fsl_sdio.o
LOAD ./sdmmc/src/fsl_sdmmc_common.o
LOAD ./sdmmc/osa/fsl_sdmmc_osa.o
LOAD ./sdmmc/host/fsl_sdmmc_host.o
LOAD ./rpmsg_lite/virtio/virtqueue.o
LOAD ./rpmsg_lite/rpmsg_lite/porting/platform/k32l3a6/rpmsg_platform.o
LOAD ./rpmsg_lite/rpmsg_lite/porting/environment/rpmsg_env_freertos.o
LOAD ./rpmsg_lite/rpmsg_lite/rpmsg_lite.o
LOAD ./rpmsg_lite/rpmsg_lite/rpmsg_ns.o
LOAD ./rpmsg_lite/rpmsg_lite/rpmsg_queue.o
LOAD ./rpmsg_lite/common/llist.o
LOAD ./mcmgr/mcmgr.o
LOAD ./mcmgr/mcmgr_internal_core_api_k32l3a6.o
LOAD ./mcmgr/mcmgr_mu_internal.o
LOAD ./freertos/freertos-kernel/portable/MemMang/heap_4.o
LOAD ./freertos/freertos-kernel/portable/GCC/ARM_CM4F/port.o
LOAD ./freertos/freertos-kernel/croutine.o
LOAD ./freertos/freertos-kernel/event_groups.o
LOAD ./freertos/freertos-kernel/list.o
LOAD ./freertos/freertos-kernel/queue.o
LOAD ./freertos/freertos-kernel/stream_buffer.o
LOAD ./freertos/freertos-kernel/tasks.o
LOAD ./freertos/freertos-kernel/timers.o
LOAD ./fatfs/source/fsl_sd_disk/fsl_sd_disk.o
LOAD ./fatfs/source/fsl_ram_disk/fsl_ram_disk.o
LOAD ./fatfs/source/diskio.o
LOAD ./fatfs/source/ff.o
LOAD ./fatfs/source/ffsystem.o
LOAD ./fatfs/source/ffunicode.o
LOAD ./drivers/fsl_cache.o
LOAD ./drivers/fsl_clock.o
LOAD ./drivers/fsl_common.o
LOAD ./drivers/fsl_common_arm.o
LOAD ./drivers/fsl_dmamux.o
LOAD ./drivers/fsl_edma.o
LOAD ./drivers/fsl_flexbus.o
LOAD ./drivers/fsl_flexio.o
LOAD ./drivers/fsl_gpio.o
LOAD ./drivers/fsl_lpadc.o
LOAD ./drivers/fsl_lpi2c.o
LOAD ./drivers/fsl_lpit.o
LOAD ./drivers/fsl_lpspi.o
LOAD ./drivers/fsl_lptmr.o
LOAD ./drivers/fsl_lpuart.o
LOAD ./drivers/fsl_msmc.o
LOAD ./drivers/fsl_mu.o
LOAD ./drivers/fsl_tpm.o
LOAD ./drivers/fsl_usdhc.o
LOAD ./device/system_K32L3A60_cm4.o
LOAD ./component/uart/fsl_adapter_lpuart.o
LOAD ./component/serial_manager/fsl_component_serial_manager.o
LOAD ./component/serial_manager/fsl_component_serial_port_uart.o
LOAD ./component/osa/fsl_os_abstraction_free_rtos.o
LOAD ./component/lists/fsl_component_generic_list.o
LOAD ./board/board.o
LOAD ./board/clock_config.o
LOAD ./board/peripherals.o
LOAD ./board/pin_mux.o
LOAD /home/dimercur/Travail/git/insa-nxpcup/code/projet-2024/FRDM-K32L3A6_M0SLAVE/Debug/FRDM-K32L3A6_M0SLAVE.axf.o
START GROUP
LOAD /usr/local/mcuxpressoide-11.7.0_9198/ide/plugins/com.nxp.mcuxpresso.tools.linux_11.7.0.202209140929/tools/bin/../lib/gcc/arm-none-eabi/10.3.1/../../../../arm-none-eabi/lib/thumb/v7e-m+fp/hard/libcr_semihost_nf.a
LOAD /usr/local/mcuxpressoide-11.7.0_9198/ide/plugins/com.nxp.mcuxpresso.tools.linux_11.7.0.202209140929/tools/bin/../lib/gcc/arm-none-eabi/10.3.1/../../../../arm-none-eabi/lib/thumb/v7e-m+fp/hard/libcr_c.a
LOAD /usr/local/mcuxpressoide-11.7.0_9198/ide/plugins/com.nxp.mcuxpresso.tools.linux_11.7.0.202209140929/tools/bin/../lib/gcc/arm-none-eabi/10.3.1/thumb/v7e-m+fp/hard/libcr_eabihelpers.a
LOAD /usr/local/mcuxpressoide-11.7.0_9198/ide/plugins/com.nxp.mcuxpresso.tools.linux_11.7.0.202209140929/tools/bin/../lib/gcc/arm-none-eabi/10.3.1/thumb/v7e-m+fp/hard/libgcc.a
END GROUP
                0x0000000000000000                __base_PROGRAM_FLASH_cm4 = 0x0
                0x0000000000000000                __base_Flash = 0x0
                0x0000000000100000                __top_PROGRAM_FLASH_cm4 = 0x100000
                0x0000000000100000                __top_Flash = 0x100000
                0x0000000001000000                __base_PROGRAM_FLASH_cm0plus = 0x1000000
                0x0000000001000000                __base_Flash2 = 0x1000000
                0x0000000001040000                __top_PROGRAM_FLASH_cm0plus = 0x1040000
                0x0000000001040000                __top_Flash2 = 0x1040000
                0x0000000020000000                __base_SRAM_DTC_cm4 = 0x20000000
                0x0000000020000000                __base_RAM = 0x20000000
                0x0000000020030000                __top_SRAM_DTC_cm4 = 0x20030000
                0x0000000020030000                __top_RAM = 0x20030000
                0x0000000009000000                __base_SRAM_TCM_cm0plus = 0x9000000
                0x0000000009000000                __base_RAM2 = 0x9000000
                0x0000000009020000                __top_SRAM_TCM_cm0plus = 0x9020000
                0x0000000009020000                __top_RAM2 = 0x9020000
                0x0000000008000000                __base_SRAM_ITC_cm4 = 0x8000000
                0x0000000008000000                __base_RAM3 = 0x8000000
                0x0000000008010000                __top_SRAM_ITC_cm4 = 0x8010000
                0x0000000008010000                __top_RAM3 = 0x8010000
                0x0000000048000000                __base_FLEX_RAM = 0x48000000
                0x0000000048000000                __base_RAM4 = 0x48000000
                0x0000000048001000                __top_FLEX_RAM = 0x48001000
                0x0000000048001000                __top_RAM4 = 0x48001000
                0x0000000048010000                __base_USB_RAM = 0x48010000
                0x0000000048010000                __base_RAM5 = 0x48010000
                0x0000000048010800                __top_USB_RAM = 0x48010800
                0x0000000048010800                __top_RAM5 = 0x48010800

.text.core_m0slave_text
                0x0000000001000000     0x2ed8
 FILL mask 0xff
                0x0000000001000000                __core_m0slave_START__ = .
 *(SORT_BY_ALIGNMENT(.core_m0slave))
 .core_m0slave  0x0000000001000000     0x2ed8 /home/dimercur/Travail/git/insa-nxpcup/code/projet-2024/FRDM-K32L3A6_M0SLAVE/Debug/FRDM-K32L3A6_M0SLAVE.axf.o

.text.core_m0slave_ARM_extab
                0x0000000001002ed8        0x0
 FILL mask 0xff
 *(SORT_BY_ALIGNMENT(.core_m0slave.ARM.extab))

.text.core_m0slave_ARM_exidx
                0x0000000001002ed8        0x0
 FILL mask 0xff
 *(SORT_BY_ALIGNMENT(.core_m0slave.ARM.exidx))

.text.core_m0slave_data
                0x0000000001002ed8        0x8
 FILL mask 0xff
 *(SORT_BY_ALIGNMENT(.core_m0slave.data_*))
 .core_m0slave.data_RAM2
                0x0000000001002ed8        0x0 /home/dimercur/Travail/git/insa-nxpcup/code/projet-2024/FRDM-K32L3A6_M0SLAVE/Debug/FRDM-K32L3A6_M0SLAVE.axf.o
 .core_m0slave.data_RAM3
                0x0000000001002ed8        0x0 /home/dimercur/Travail/git/insa-nxpcup/code/projet-2024/FRDM-K32L3A6_M0SLAVE/Debug/FRDM-K32L3A6_M0SLAVE.axf.o
 .core_m0slave.data_RAM4
                0x0000000001002ed8        0x0 /home/dimercur/Travail/git/insa-nxpcup/code/projet-2024/FRDM-K32L3A6_M0SLAVE/Debug/FRDM-K32L3A6_M0SLAVE.axf.o
 .core_m0slave.data_RAM5
                0x0000000001002ed8        0x0 /home/dimercur/Travail/git/insa-nxpcup/code/projet-2024/FRDM-K32L3A6_M0SLAVE/Debug/FRDM-K32L3A6_M0SLAVE.axf.o
 *(SORT_BY_ALIGNMENT(.core_m0slave.data))
 .core_m0slave.data
                0x0000000001002ed8        0x8 /home/dimercur/Travail/git/insa-nxpcup/code/projet-2024/FRDM-K32L3A6_M0SLAVE/Debug/FRDM-K32L3A6_M0SLAVE.axf.o
                0x000000000a002ed8                __start_data_core_m0slave
                0x000000000a002ee0                __end_data_core_m0slave
                0x0000000001002ee0                __core_m0slave_END__ = .
                0x0000000000000001                ASSERT (! ((__core_m0slave_START__ == __core_m0slave_END__)), No slave code for _core_m0slave)
                0x0000000000000001                ASSERT ((ABSOLUTE (__core_m0slave_START__) == __vectors_start___core_m0slave), M0SLAVE execute address differs from address provided in source image)

.text_Flash2    0x0000000001002ed8        0x0
 FILL mask 0xff
 *(SORT_BY_ALIGNMENT(.text_Flash2))
 *(SORT_BY_ALIGNMENT(.text_PROGRAM_FLASH_cm0plus))
 *(SORT_BY_ALIGNMENT(.text.$Flash2))
 *(SORT_BY_ALIGNMENT(.text.$PROGRAM_FLASH_cm0plus))
 *(SORT_BY_ALIGNMENT(.text_Flash2.*))
 *(SORT_BY_ALIGNMENT(.text_PROGRAM_FLASH_cm0plus.*))
 *(SORT_BY_ALIGNMENT(.text.$Flash2.*))
 *(SORT_BY_ALIGNMENT(.text.$PROGRAM_FLASH_cm0plus.*))
 *(SORT_BY_ALIGNMENT(.rodata.$Flash2))
 *(SORT_BY_ALIGNMENT(.rodata.$PROGRAM_FLASH_cm0plus))
 *(SORT_BY_ALIGNMENT(.rodata.$Flash2.*))
 *(SORT_BY_ALIGNMENT(.rodata.$PROGRAM_FLASH_cm0plus.*))

.text           0x0000000000000000     0x5478
 FILL mask 0xff
                0x0000000000000000                __vectors_start__ = ABSOLUTE (.)
 *(SORT_BY_ALIGNMENT(.isr_vector))
 .isr_vector    0x0000000000000000      0x148 ./startup/startup_k32l3a60_cm4.o
                0x0000000000000000                __Vectors
                0x0000000000000000                g_pfnVectors
                0x0000000000000148                . = ALIGN (0x4)
                0x0000000000000148                __section_table_start = .
                0x0000000000000148                __data_section_table = .
                0x0000000000000148        0x4 LONG 0x5478 LOADADDR (.data)
                0x000000000000014c        0x4 LONG 0x20000000 ADDR (.data)
                0x0000000000000150        0x4 LONG 0x8 SIZEOF (.data)
                0x0000000000000154        0x4 LONG 0x5478 LOADADDR (.data_RAM2)
                0x0000000000000158        0x4 LONG 0x9000000 ADDR (.data_RAM2)
                0x000000000000015c        0x4 LONG 0x0 SIZEOF (.data_RAM2)
                0x0000000000000160        0x4 LONG 0x5478 LOADADDR (.data_RAM3)
                0x0000000000000164        0x4 LONG 0x8000000 ADDR (.data_RAM3)
                0x0000000000000168        0x4 LONG 0x0 SIZEOF (.data_RAM3)
                0x000000000000016c        0x4 LONG 0x5478 LOADADDR (.data_RAM4)
                0x0000000000000170        0x4 LONG 0x48000000 ADDR (.data_RAM4)
                0x0000000000000174        0x4 LONG 0x0 SIZEOF (.data_RAM4)
                0x0000000000000178        0x4 LONG 0x5478 LOADADDR (.data_RAM5)
                0x000000000000017c        0x4 LONG 0x48010000 ADDR (.data_RAM5)
                0x0000000000000180        0x4 LONG 0x0 SIZEOF (.data_RAM5)
                0x0000000000000184                __data_section_table_end = .
                0x0000000000000184                __bss_section_table = .
                0x0000000000000184        0x4 LONG 0x20000008 ADDR (.bss)
                0x0000000000000188        0x4 LONG 0x2b8 SIZEOF (.bss)
                0x000000000000018c        0x4 LONG 0x9000000 ADDR (.bss_RAM2)
                0x0000000000000190        0x4 LONG 0x0 SIZEOF (.bss_RAM2)
                0x0000000000000194        0x4 LONG 0x8000000 ADDR (.bss_RAM3)
                0x0000000000000198        0x4 LONG 0x0 SIZEOF (.bss_RAM3)
                0x000000000000019c        0x4 LONG 0x48000000 ADDR (.bss_RAM4)
                0x00000000000001a0        0x4 LONG 0x0 SIZEOF (.bss_RAM4)
                0x00000000000001a4        0x4 LONG 0x48010000 ADDR (.bss_RAM5)
                0x00000000000001a8        0x4 LONG 0x0 SIZEOF (.bss_RAM5)
                0x00000000000001ac                __bss_section_table_end = .
                0x00000000000001ac                __section_table_end = .
 *(SORT_BY_ALIGNMENT(.after_vectors*))
 .after_vectors.reset
                0x00000000000001ac       0x4c ./startup/startup_k32l3a60_cm4.o
                0x00000000000001ac                ResetISR
 .after_vectors.init_data
                0x00000000000001f8       0x1e ./startup/startup_k32l3a60_cm4.o
                0x00000000000001f8                data_init
 .after_vectors.init_bss
                0x0000000000000216       0x12 ./startup/startup_k32l3a60_cm4.o
                0x0000000000000216                bss_init
 .after_vectors
                0x0000000000000228        0xc ./startup/startup_k32l3a60_cm4.o
                0x0000000000000228                NMI_Handler
                0x0000000000000232                DMA0_Error_DriverIRQHandler
                0x0000000000000232                EMVSIM0_DriverIRQHandler
                0x0000000000000232                PORTB_DriverIRQHandler
                0x0000000000000232                SCG_DriverIRQHandler
                0x0000000000000232                LPTMR0_DriverIRQHandler
                0x0000000000000232                CAU3_Security_Violation_DriverIRQHandler
                0x0000000000000232                I2S0_DriverIRQHandler
                0x0000000000000232                TPM2_DriverIRQHandler
                0x0000000000000232                LLWU0_DriverIRQHandler
                0x0000000000000232                TRNG_DriverIRQHandler
                0x0000000000000232                CAU3_Task_Complete_DriverIRQHandler
                0x0000000000000232                LPCMP1_DriverIRQHandler
                0x0000000000000232                FTFE_Read_Collision_DriverIRQHandler
                0x0000000000000232                IntDefaultHandler
                0x0000000000000232                USB0_DriverIRQHandler
                0x0000000000000232                PORTC_DriverIRQHandler
                0x0000000000000232                LPTMR2_DriverIRQHandler
                0x0000000000000232                LPIT1_DriverIRQHandler
                0x0000000000000232                TPM0_DriverIRQHandler
                0x0000000000000232                EWM_DriverIRQHandler
                0x0000000000000232                LPDAC0_DriverIRQHandler
                0x0000000000000232                MUA_DriverIRQHandler
                0x0000000000000232                MSMC_DriverIRQHandler
                0x0000000000000232                LPADC0_DriverIRQHandler
                0x0000000000000232                PORTA_DriverIRQHandler
                0x0000000000000232                TPM3_DriverIRQHandler
                0x0000000000000232                TPM1_DriverIRQHandler
                0x0000000000000232                RTC_DriverIRQHandler
                0x0000000000000232                SPM_DriverIRQHandler
                0x0000000000000232                CTI0_MCM0_DriverIRQHandler
                0x0000000000000232                LPTMR1_DriverIRQHandler
                0x0000000000000232                LPCMP0_DriverIRQHandler
                0x0000000000000232                LPIT0_DriverIRQHandler
                0x0000000000000232                WDOG0_DriverIRQHandler
                0x0000000000000232                PORTD_DriverIRQHandler
                0x0000000000000232                FTFE_Command_Complete_DriverIRQHandler
                0x0000000000000232                PORTE_DriverIRQHandler
 *(SORT_BY_ALIGNMENT(.text*))
 *fill*         0x0000000000000234        0xc ff
 .text.SVC_Handler
                0x0000000000000240       0x28 ./freertos/freertos-kernel/portable/GCC/ARM_CM4F/port.o
                0x0000000000000240                SVC_Handler
 *fill*         0x0000000000000268        0x8 ff
 .text.PendSV_Handler
                0x0000000000000270       0x68 ./freertos/freertos-kernel/portable/GCC/ARM_CM4F/port.o
                0x0000000000000270                PendSV_Handler
 .text.__assertion_failed
                0x00000000000002d8       0x18 ./utilities/fsl_assert.o
                0x00000000000002d8                __assertion_failed
 .text.DbgConsole_SendDataReliable
                0x00000000000002f0       0x54 ./utilities/fsl_debug_console.o
                0x00000000000002f0                DbgConsole_SendDataReliable
 .text.DbgConsole_Init
                0x0000000000000344      0x12c ./utilities/fsl_debug_console.o
                0x0000000000000344                DbgConsole_Init
 .text.boot_multicore_slave
                0x0000000000000470       0x80 ./startup/boot_multicore_slave.o
                0x0000000000000470                boot_multicore_slave
 .text.main     0x00000000000004f0       0x34 ./source/FRDM-K32L3A60_MASTER.o
                0x00000000000004f0                main
 .text.MU_ReceiveMsgNonBlocking
                0x0000000000000524       0x2c ./mcmgr/mcmgr_internal_core_api_k32l3a6.o
 .text.MU_Rx3FullFlagISR
                0x0000000000000550       0x70 ./mcmgr/mcmgr_internal_core_api_k32l3a6.o
                0x0000000000000550                MU_Rx3FullFlagISR
 .text.mu_isr   0x00000000000005c0       0x8c ./mcmgr/mcmgr_mu_internal.o
 .text.MUA_IRQHandler
                0x000000000000064c       0x1c ./mcmgr/mcmgr_mu_internal.o
                0x000000000000064c                MUA_IRQHandler
 .text.SysTick_Handler
                0x0000000000000668       0x44 ./freertos/freertos-kernel/portable/GCC/ARM_CM4F/port.o
                0x0000000000000668                SysTick_Handler
 .text.xTaskIncrementTick
                0x00000000000006ac      0x210 ./freertos/freertos-kernel/tasks.o
                0x00000000000006ac                xTaskIncrementTick
 .text.vTaskSwitchContext
                0x00000000000008bc       0xb8 ./freertos/freertos-kernel/tasks.o
                0x00000000000008bc                vTaskSwitchContext
 .text.prvResetNextTaskUnblockTime
                0x0000000000000974       0x38 ./freertos/freertos-kernel/tasks.o
 .text.CLOCK_GetIpFreq
                0x00000000000009ac       0xe8 ./drivers/fsl_clock.o
                0x00000000000009ac                CLOCK_GetIpFreq
 .text.CLOCK_InitSirc
                0x0000000000000a94       0x88 ./drivers/fsl_clock.o
                0x0000000000000a94                CLOCK_InitSirc
 .text.CLOCK_DeinitSirc
                0x0000000000000b1c       0x48 ./drivers/fsl_clock.o
                0x0000000000000b1c                CLOCK_DeinitSirc
 .text.CLOCK_GetSircFreq
                0x0000000000000b64       0x38 ./drivers/fsl_clock.o
                0x0000000000000b64                CLOCK_GetSircFreq
 .text.CLOCK_GetSircAsyncFreq
                0x0000000000000b9c       0x84 ./drivers/fsl_clock.o
                0x0000000000000b9c                CLOCK_GetSircAsyncFreq
 .text.CLOCK_InitFirc
                0x0000000000000c20       0xf4 ./drivers/fsl_clock.o
                0x0000000000000c20                CLOCK_InitFirc
 .text.CLOCK_DeinitFirc
                0x0000000000000d14       0x48 ./drivers/fsl_clock.o
                0x0000000000000d14                CLOCK_DeinitFirc
 .text.CLOCK_GetFircFreq
                0x0000000000000d5c       0x38 ./drivers/fsl_clock.o
                0x0000000000000d5c                CLOCK_GetFircFreq
 .text.CLOCK_GetFircAsyncFreq
                0x0000000000000d94       0x84 ./drivers/fsl_clock.o
                0x0000000000000d94                CLOCK_GetFircAsyncFreq
 .text.CLOCK_InitLpFll
                0x0000000000000e18      0x124 ./drivers/fsl_clock.o
                0x0000000000000e18                CLOCK_InitLpFll
 .text.CLOCK_DeinitLpFll
                0x0000000000000f3c       0x48 ./drivers/fsl_clock.o
                0x0000000000000f3c                CLOCK_DeinitLpFll
 .text.CLOCK_GetLpFllFreq
                0x0000000000000f84       0x38 ./drivers/fsl_clock.o
                0x0000000000000f84                CLOCK_GetLpFllFreq
 .text.CLOCK_GetLpFllAsyncFreq
                0x0000000000000fbc       0x6c ./drivers/fsl_clock.o
                0x0000000000000fbc                CLOCK_GetLpFllAsyncFreq
 .text.EDMA_HandleIRQ
                0x0000000000001028      0x1c0 ./drivers/fsl_edma.o
                0x0000000000001028                EDMA_HandleIRQ
 .text.DMA0_DriverIRQHandler
                0x00000000000011e8       0x1c ./drivers/fsl_edma.o
                0x00000000000011e8                DMA0_DriverIRQHandler
 .text.DMA1_DriverIRQHandler
                0x0000000000001204       0x1c ./drivers/fsl_edma.o
                0x0000000000001204                DMA1_DriverIRQHandler
 .text.DMA2_DriverIRQHandler
                0x0000000000001220       0x1c ./drivers/fsl_edma.o
                0x0000000000001220                DMA2_DriverIRQHandler
 .text.DMA3_DriverIRQHandler
                0x000000000000123c       0x1c ./drivers/fsl_edma.o
                0x000000000000123c                DMA3_DriverIRQHandler
 .text.DMA4_DriverIRQHandler
                0x0000000000001258       0x1c ./drivers/fsl_edma.o
                0x0000000000001258                DMA4_DriverIRQHandler
 .text.DMA5_DriverIRQHandler
                0x0000000000001274       0x1c ./drivers/fsl_edma.o
                0x0000000000001274                DMA5_DriverIRQHandler
 .text.DMA6_DriverIRQHandler
                0x0000000000001290       0x1c ./drivers/fsl_edma.o
                0x0000000000001290                DMA6_DriverIRQHandler
 .text.DMA7_DriverIRQHandler
                0x00000000000012ac       0x1c ./drivers/fsl_edma.o
                0x00000000000012ac                DMA7_DriverIRQHandler
 .text.DMA8_DriverIRQHandler
                0x00000000000012c8       0x1c ./drivers/fsl_edma.o
                0x00000000000012c8                DMA8_DriverIRQHandler
 .text.DMA9_DriverIRQHandler
                0x00000000000012e4       0x1c ./drivers/fsl_edma.o
                0x00000000000012e4                DMA9_DriverIRQHandler
 .text.DMA10_DriverIRQHandler
                0x0000000000001300       0x1c ./drivers/fsl_edma.o
                0x0000000000001300                DMA10_DriverIRQHandler
 .text.DMA11_DriverIRQHandler
                0x000000000000131c       0x1c ./drivers/fsl_edma.o
                0x000000000000131c                DMA11_DriverIRQHandler
 .text.DMA12_DriverIRQHandler
                0x0000000000001338       0x1c ./drivers/fsl_edma.o
                0x0000000000001338                DMA12_DriverIRQHandler
 .text.DMA13_DriverIRQHandler
                0x0000000000001354       0x1c ./drivers/fsl_edma.o
                0x0000000000001354                DMA13_DriverIRQHandler
 .text.DMA14_DriverIRQHandler
                0x0000000000001370       0x1c ./drivers/fsl_edma.o
                0x0000000000001370                DMA14_DriverIRQHandler
 .text.DMA15_DriverIRQHandler
                0x000000000000138c       0x1c ./drivers/fsl_edma.o
                0x000000000000138c                DMA15_DriverIRQHandler
 .text.FLEXIO_CommonIRQHandler
                0x00000000000013a8       0x5c ./drivers/fsl_flexio.o
 .text.__NVIC_EnableIRQ
                0x0000000000001404       0x3c ./drivers/fsl_lpi2c.o
 .text.CLOCK_EnableClock
                0x0000000000001440       0x30 ./drivers/fsl_lpi2c.o
 .text.LPI2C_GetInstance
                0x0000000000001470       0x4c ./drivers/fsl_lpi2c.o
                0x0000000000001470                LPI2C_GetInstance
 .text.LPI2C_GetCyclesForWidth
                0x00000000000014bc       0x9c ./drivers/fsl_lpi2c.o
 .text.LPI2C_MasterInit
                0x0000000000001558      0x1dc ./drivers/fsl_lpi2c.o
                0x0000000000001558                LPI2C_MasterInit
 .text.LPI2C_MasterSetBaudRate
                0x0000000000001734      0x2c4 ./drivers/fsl_lpi2c.o
                0x0000000000001734                LPI2C_MasterSetBaudRate
 .text.LPI2C_MasterTransferCreateHandle
                0x00000000000019f8       0x80 ./drivers/fsl_lpi2c.o
                0x00000000000019f8                LPI2C_MasterTransferCreateHandle
 .text.LPI2C_TransferStateMachineSendCommand
                0x0000000000001a78      0x118 ./drivers/fsl_lpi2c.o
 .text.LPI2C_TransferStateMachineReadCommand
                0x0000000000001b90       0x60 ./drivers/fsl_lpi2c.o
 .text.LPI2C_TransferStateMachineTransferData
                0x0000000000001bf0       0xa4 ./drivers/fsl_lpi2c.o
 .text.LPI2C_TransferStateMachineStopState
                0x0000000000001c94       0x6c ./drivers/fsl_lpi2c.o
 .text.LPI2C_TransferStateMachineWaitState
                0x0000000000001d00       0x68 ./drivers/fsl_lpi2c.o
 .text.LPI2C_RunTransferStateMachine
                0x0000000000001d68      0x14c ./drivers/fsl_lpi2c.o
 .text.LPI2C_MasterTransferAbort
                0x0000000000001eb4       0x54 ./drivers/fsl_lpi2c.o
                0x0000000000001eb4                LPI2C_MasterTransferAbort
 .text.LPI2C_MasterTransferHandleIRQ
                0x0000000000001f08       0x8c ./drivers/fsl_lpi2c.o
                0x0000000000001f08                LPI2C_MasterTransferHandleIRQ
 .text.LPI2C_CommonIRQHandler
                0x0000000000001f94       0x78 ./drivers/fsl_lpi2c.o
 .text.LPI2C0_DriverIRQHandler
                0x000000000000200c       0x14 ./drivers/fsl_lpi2c.o
                0x000000000000200c                LPI2C0_DriverIRQHandler
 .text.LPI2C1_DriverIRQHandler
                0x0000000000002020       0x14 ./drivers/fsl_lpi2c.o
                0x0000000000002020                LPI2C1_DriverIRQHandler
 .text.LPI2C2_DriverIRQHandler
                0x0000000000002034       0x14 ./drivers/fsl_lpi2c.o
                0x0000000000002034                LPI2C2_DriverIRQHandler
 .text.LPI2C3_DriverIRQHandler
                0x0000000000002048       0x14 ./drivers/fsl_lpi2c.o
                0x0000000000002048                LPI2C3_DriverIRQHandler
 .text.LPSPI_CommonIRQHandler
                0x000000000000205c       0x44 ./drivers/fsl_lpspi.o
 .text.LPSPI0_DriverIRQHandler
                0x00000000000020a0       0x30 ./drivers/fsl_lpspi.o
                0x00000000000020a0                LPSPI0_DriverIRQHandler
 .text.LPSPI1_DriverIRQHandler
                0x00000000000020d0       0x30 ./drivers/fsl_lpspi.o
                0x00000000000020d0                LPSPI1_DriverIRQHandler
 .text.LPSPI2_DriverIRQHandler
                0x0000000000002100       0x30 ./drivers/fsl_lpspi.o
                0x0000000000002100                LPSPI2_DriverIRQHandler
 .text.LPSPI3_DriverIRQHandler
                0x0000000000002130       0x30 ./drivers/fsl_lpspi.o
                0x0000000000002130                LPSPI3_DriverIRQHandler
 .text.CLOCK_EnableClock
                0x0000000000002160       0x30 ./drivers/fsl_lpuart.o
 .text.LPUART_GetInstance
                0x0000000000002190       0x4c ./drivers/fsl_lpuart.o
                0x0000000000002190                LPUART_GetInstance
 .text.LPUART_Init
                0x00000000000021dc      0x310 ./drivers/fsl_lpuart.o
                0x00000000000021dc                LPUART_Init
 .text.LPUART_GetDefaultConfig
                0x00000000000024ec       0x88 ./drivers/fsl_lpuart.o
                0x00000000000024ec                LPUART_GetDefaultConfig
 .text.LPUART_WriteBlocking
                0x0000000000002574       0x68 ./drivers/fsl_lpuart.o
                0x0000000000002574                LPUART_WriteBlocking
 .text.LPUART0_DriverIRQHandler
                0x00000000000025dc       0x28 ./drivers/fsl_lpuart.o
                0x00000000000025dc                LPUART0_DriverIRQHandler
 .text.LPUART1_DriverIRQHandler
                0x0000000000002604       0x28 ./drivers/fsl_lpuart.o
                0x0000000000002604                LPUART1_DriverIRQHandler
 .text.LPUART2_DriverIRQHandler
                0x000000000000262c       0x28 ./drivers/fsl_lpuart.o
                0x000000000000262c                LPUART2_DriverIRQHandler
 .text.LPUART3_DriverIRQHandler
                0x0000000000002654       0x28 ./drivers/fsl_lpuart.o
                0x0000000000002654                LPUART3_DriverIRQHandler
 .text.USDHC0_DriverIRQHandler
                0x000000000000267c       0x28 ./drivers/fsl_usdhc.o
                0x000000000000267c                USDHC0_DriverIRQHandler
 .text.SystemInit
                0x00000000000026a4       0xac ./device/system_K32L3A60_cm4.o
                0x00000000000026a4                SystemInit
 .text.HAL_UartInitCommon
                0x0000000000002750       0xe0 ./component/uart/fsl_adapter_lpuart.o
 .text.HAL_UartInit
                0x0000000000002830       0x84 ./component/uart/fsl_adapter_lpuart.o
                0x0000000000002830                HAL_UartInit
 .text.HAL_UartSendBlocking
                0x00000000000028b4       0x64 ./component/uart/fsl_adapter_lpuart.o
                0x00000000000028b4                HAL_UartSendBlocking
 .text.CLOCK_SetIpSrc
                0x0000000000002918       0x60 ./board/board.o
 .text.BOARD_InitDebugConsole
                0x0000000000002978       0x30 ./board/board.o
                0x0000000000002978                BOARD_InitDebugConsole
 .text.CLOCK_SetIpSrc
                0x00000000000029a8       0x60 ./board/clock_config.o
 .text.CLOCK_SetRunModeSysClkConfig
                0x0000000000002a08       0x2c ./board/clock_config.o
 .text.CLOCK_GetCurSysClkConfig
                0x0000000000002a34       0x2c ./board/clock_config.o
 .text.BOARD_BootClockRUN
                0x0000000000002a60       0x74 ./board/clock_config.o
                0x0000000000002a60                BOARD_BootClockRUN
 .text.ACCEL_init
                0x0000000000002ad4       0x38 ./board/peripherals.o
                0x0000000000002ad4                ACCEL_init
 .text.DEBUG_UART_init
                0x0000000000002b0c       0x20 ./board/peripherals.o
                0x0000000000002b0c                DEBUG_UART_init
 .text.CLOCK_EnableClock
                0x0000000000002b2c       0x30 ./board/pin_mux.o
 .text.BOARD_InitDEBUG_UARTPins
                0x0000000000002b5c       0x4c ./board/pin_mux.o
                0x0000000000002b5c                BOARD_InitDEBUG_UARTPins
 .text.malloc   0x0000000000002ba8       0xc8 /usr/local/mcuxpressoide-11.7.0_9198/ide/plugins/com.nxp.mcuxpresso.tools.linux_11.7.0.202209140929/tools/bin/../lib/gcc/arm-none-eabi/10.3.1/../../../../arm-none-eabi/lib/thumb/v7e-m+fp/hard/libcr_c.a(alloc.o)
                0x0000000000002ba8                malloc
 .text._Csys_alloc
                0x0000000000002c70       0x20 /usr/local/mcuxpressoide-11.7.0_9198/ide/plugins/com.nxp.mcuxpresso.tools.linux_11.7.0.202209140929/tools/bin/../lib/gcc/arm-none-eabi/10.3.1/../../../../arm-none-eabi/lib/thumb/v7e-m+fp/hard/libcr_c.a(alloc.o)
                0x0000000000002c70                _Csys_alloc
 .text._initio  0x0000000000002c90       0x78 /usr/local/mcuxpressoide-11.7.0_9198/ide/plugins/com.nxp.mcuxpresso.tools.linux_11.7.0.202209140929/tools/bin/../lib/gcc/arm-none-eabi/10.3.1/../../../../arm-none-eabi/lib/thumb/v7e-m+fp/hard/libcr_c.a(initio.o)
                0x0000000000002c90                _initio
 .text.__vfprintf
                0x0000000000002d08      0xbf8 /usr/local/mcuxpressoide-11.7.0_9198/ide/plugins/com.nxp.mcuxpresso.tools.linux_11.7.0.202209140929/tools/bin/../lib/gcc/arm-none-eabi/10.3.1/../../../../arm-none-eabi/lib/thumb/v7e-m+fp/hard/libcr_c.a(printf.o)
                0x0000000000002d08                __vfprintf
 .text._vsnprintf
                0x0000000000003900       0x68 /usr/local/mcuxpressoide-11.7.0_9198/ide/plugins/com.nxp.mcuxpresso.tools.linux_11.7.0.202209140929/tools/bin/../lib/gcc/arm-none-eabi/10.3.1/../../../../arm-none-eabi/lib/thumb/v7e-m+fp/hard/libcr_c.a(printf.o)
                0x0000000000003900                _vsnprintf
 .text._printf  0x0000000000003968       0x54 /usr/local/mcuxpressoide-11.7.0_9198/ide/plugins/com.nxp.mcuxpresso.tools.linux_11.7.0.202209140929/tools/bin/../lib/gcc/arm-none-eabi/10.3.1/../../../../arm-none-eabi/lib/thumb/v7e-m+fp/hard/libcr_c.a(printf.o)
                0x0000000000003968                _printf
 .text._sbrk    0x00000000000039bc       0x3c /usr/local/mcuxpressoide-11.7.0_9198/ide/plugins/com.nxp.mcuxpresso.tools.linux_11.7.0.202209140929/tools/bin/../lib/gcc/arm-none-eabi/10.3.1/../../../../arm-none-eabi/lib/thumb/v7e-m+fp/hard/libcr_c.a(_cr_sbrk.o)
                0x00000000000039bc                _sbrk
 .text._Cwritebuf
                0x00000000000039f8       0x6c /usr/local/mcuxpressoide-11.7.0_9198/ide/plugins/com.nxp.mcuxpresso.tools.linux_11.7.0.202209140929/tools/bin/../lib/gcc/arm-none-eabi/10.3.1/../../../../arm-none-eabi/lib/thumb/v7e-m+fp/hard/libcr_c.a(_writebuf.o)
                0x00000000000039f8                _Cwritebuf
 .text.fflush   0x0000000000003a64       0x3c /usr/local/mcuxpressoide-11.7.0_9198/ide/plugins/com.nxp.mcuxpresso.tools.linux_11.7.0.202209140929/tools/bin/../lib/gcc/arm-none-eabi/10.3.1/../../../../arm-none-eabi/lib/thumb/v7e-m+fp/hard/libcr_c.a(fflush.o)
                0x0000000000003a64                fflush
 .text.fseek    0x0000000000003aa0       0xfc /usr/local/mcuxpressoide-11.7.0_9198/ide/plugins/com.nxp.mcuxpresso.tools.linux_11.7.0.202209140929/tools/bin/../lib/gcc/arm-none-eabi/10.3.1/../../../../arm-none-eabi/lib/thumb/v7e-m+fp/hard/libcr_c.a(fseek.o)
                0x0000000000003aa0                fseek
 .text.ftell    0x0000000000003b9c       0x44 /usr/local/mcuxpressoide-11.7.0_9198/ide/plugins/com.nxp.mcuxpresso.tools.linux_11.7.0.202209140929/tools/bin/../lib/gcc/arm-none-eabi/10.3.1/../../../../arm-none-eabi/lib/thumb/v7e-m+fp/hard/libcr_c.a(ftell.o)
                0x0000000000003b9c                ftell
 .text.__check_heap_overflow
                0x0000000000003be0       0x18 /usr/local/mcuxpressoide-11.7.0_9198/ide/plugins/com.nxp.mcuxpresso.tools.linux_11.7.0.202209140929/tools/bin/../lib/gcc/arm-none-eabi/10.3.1/../../../../arm-none-eabi/lib/thumb/v7e-m+fp/hard/libcr_c.a(_cr_check_heap.o)
                0x0000000000003be0                __check_heap_overflow
 .text.__sys_appexit
                0x0000000000003bf8        0xc /usr/local/mcuxpressoide-11.7.0_9198/ide/plugins/com.nxp.mcuxpresso.tools.linux_11.7.0.202209140929/tools/bin/../lib/gcc/arm-none-eabi/10.3.1/../../../../arm-none-eabi/lib/thumb/v7e-m+fp/hard/libcr_semihost_nf.a(__sys_appexit.o)
                0x0000000000003bf8                __exit
                0x0000000000003bf8                __sys_appexit
 .text.__sys_write
                0x0000000000003c04       0x3e ./utilities/fsl_debug_console.o
                0x0000000000003c04                __sys_write
 .text.CTI0_MCM0_IRQHandler
                0x0000000000003c42        0x8 ./startup/startup_k32l3a60_cm4.o
                0x0000000000003c42                CTI0_MCM0_IRQHandler
 .text.DMA0_IRQHandler
                0x0000000000003c4a        0x8 ./startup/startup_k32l3a60_cm4.o
                0x0000000000003c4a                DMA0_IRQHandler
 .text.DMA1_IRQHandler
                0x0000000000003c52        0x8 ./startup/startup_k32l3a60_cm4.o
                0x0000000000003c52                DMA1_IRQHandler
 .text.DMA2_IRQHandler
                0x0000000000003c5a        0x8 ./startup/startup_k32l3a60_cm4.o
                0x0000000000003c5a                DMA2_IRQHandler
 .text.DMA3_IRQHandler
                0x0000000000003c62        0x8 ./startup/startup_k32l3a60_cm4.o
                0x0000000000003c62                DMA3_IRQHandler
 .text.DMA4_IRQHandler
                0x0000000000003c6a        0x8 ./startup/startup_k32l3a60_cm4.o
                0x0000000000003c6a                DMA4_IRQHandler
 .text.DMA5_IRQHandler
                0x0000000000003c72        0x8 ./startup/startup_k32l3a60_cm4.o
                0x0000000000003c72                DMA5_IRQHandler
 .text.DMA6_IRQHandler
                0x0000000000003c7a        0x8 ./startup/startup_k32l3a60_cm4.o
                0x0000000000003c7a                DMA6_IRQHandler
 .text.DMA7_IRQHandler
                0x0000000000003c82        0x8 ./startup/startup_k32l3a60_cm4.o
                0x0000000000003c82                DMA7_IRQHandler
 .text.DMA8_IRQHandler
                0x0000000000003c8a        0x8 ./startup/startup_k32l3a60_cm4.o
                0x0000000000003c8a                DMA8_IRQHandler
 .text.DMA9_IRQHandler
                0x0000000000003c92        0x8 ./startup/startup_k32l3a60_cm4.o
                0x0000000000003c92                DMA9_IRQHandler
 .text.DMA10_IRQHandler
                0x0000000000003c9a        0x8 ./startup/startup_k32l3a60_cm4.o
                0x0000000000003c9a                DMA10_IRQHandler
 .text.DMA11_IRQHandler
                0x0000000000003ca2        0x8 ./startup/startup_k32l3a60_cm4.o
                0x0000000000003ca2                DMA11_IRQHandler
 .text.DMA12_IRQHandler
                0x0000000000003caa        0x8 ./startup/startup_k32l3a60_cm4.o
                0x0000000000003caa                DMA12_IRQHandler
 .text.DMA13_IRQHandler
                0x0000000000003cb2        0x8 ./startup/startup_k32l3a60_cm4.o
                0x0000000000003cb2                DMA13_IRQHandler
 .text.DMA14_IRQHandler
                0x0000000000003cba        0x8 ./startup/startup_k32l3a60_cm4.o
                0x0000000000003cba                DMA14_IRQHandler
 .text.DMA15_IRQHandler
                0x0000000000003cc2        0x8 ./startup/startup_k32l3a60_cm4.o
                0x0000000000003cc2                DMA15_IRQHandler
 .text.DMA0_Error_IRQHandler
                0x0000000000003cca        0x8 ./startup/startup_k32l3a60_cm4.o
                0x0000000000003cca                DMA0_Error_IRQHandler
 .text.MSMC_IRQHandler
                0x0000000000003cd2        0x8 ./startup/startup_k32l3a60_cm4.o
                0x0000000000003cd2                MSMC_IRQHandler
 .text.EWM_IRQHandler
                0x0000000000003cda        0x8 ./startup/startup_k32l3a60_cm4.o
                0x0000000000003cda                EWM_IRQHandler
 .text.FTFE_Command_Complete_IRQHandler
                0x0000000000003ce2        0x8 ./startup/startup_k32l3a60_cm4.o
                0x0000000000003ce2                FTFE_Command_Complete_IRQHandler
 .text.FTFE_Read_Collision_IRQHandler
                0x0000000000003cea        0x8 ./startup/startup_k32l3a60_cm4.o
                0x0000000000003cea                FTFE_Read_Collision_IRQHandler
 .text.LLWU0_IRQHandler
                0x0000000000003cf2        0x8 ./startup/startup_k32l3a60_cm4.o
                0x0000000000003cf2                LLWU0_IRQHandler
 .text.SPM_IRQHandler
                0x0000000000003cfa        0x8 ./startup/startup_k32l3a60_cm4.o
                0x0000000000003cfa                SPM_IRQHandler
 .text.WDOG0_IRQHandler
                0x0000000000003d02        0x8 ./startup/startup_k32l3a60_cm4.o
                0x0000000000003d02                WDOG0_IRQHandler
 .text.SCG_IRQHandler
                0x0000000000003d0a        0x8 ./startup/startup_k32l3a60_cm4.o
                0x0000000000003d0a                SCG_IRQHandler
 .text.LPIT0_IRQHandler
                0x0000000000003d12        0x8 ./startup/startup_k32l3a60_cm4.o
                0x0000000000003d12                LPIT0_IRQHandler
 .text.RTC_IRQHandler
                0x0000000000003d1a        0x8 ./startup/startup_k32l3a60_cm4.o
                0x0000000000003d1a                RTC_IRQHandler
 .text.LPTMR0_IRQHandler
                0x0000000000003d22        0x8 ./startup/startup_k32l3a60_cm4.o
                0x0000000000003d22                LPTMR0_IRQHandler
 .text.LPTMR1_IRQHandler
                0x0000000000003d2a        0x8 ./startup/startup_k32l3a60_cm4.o
                0x0000000000003d2a                LPTMR1_IRQHandler
 .text.TPM0_IRQHandler
                0x0000000000003d32        0x8 ./startup/startup_k32l3a60_cm4.o
                0x0000000000003d32                TPM0_IRQHandler
 .text.TPM1_IRQHandler
                0x0000000000003d3a        0x8 ./startup/startup_k32l3a60_cm4.o
                0x0000000000003d3a                TPM1_IRQHandler
 .text.TPM2_IRQHandler
                0x0000000000003d42        0x8 ./startup/startup_k32l3a60_cm4.o
                0x0000000000003d42                TPM2_IRQHandler
 .text.EMVSIM0_IRQHandler
                0x0000000000003d4a        0x8 ./startup/startup_k32l3a60_cm4.o
                0x0000000000003d4a                EMVSIM0_IRQHandler
 .text.FLEXIO0_IRQHandler
                0x0000000000003d52        0x8 ./startup/startup_k32l3a60_cm4.o
                0x0000000000003d52                FLEXIO0_IRQHandler
 .text.LPI2C0_IRQHandler
                0x0000000000003d5a        0x8 ./startup/startup_k32l3a60_cm4.o
                0x0000000000003d5a                LPI2C0_IRQHandler
 .text.LPI2C1_IRQHandler
                0x0000000000003d62        0x8 ./startup/startup_k32l3a60_cm4.o
                0x0000000000003d62                LPI2C1_IRQHandler
 .text.LPI2C2_IRQHandler
                0x0000000000003d6a        0x8 ./startup/startup_k32l3a60_cm4.o
                0x0000000000003d6a                LPI2C2_IRQHandler
 .text.I2S0_IRQHandler
                0x0000000000003d72        0x8 ./startup/startup_k32l3a60_cm4.o
                0x0000000000003d72                I2S0_IRQHandler
 .text.USDHC0_IRQHandler
                0x0000000000003d7a        0x8 ./startup/startup_k32l3a60_cm4.o
                0x0000000000003d7a                USDHC0_IRQHandler
 .text.LPSPI0_IRQHandler
                0x0000000000003d82        0x8 ./startup/startup_k32l3a60_cm4.o
                0x0000000000003d82                LPSPI0_IRQHandler
 .text.LPSPI1_IRQHandler
                0x0000000000003d8a        0x8 ./startup/startup_k32l3a60_cm4.o
                0x0000000000003d8a                LPSPI1_IRQHandler
 .text.LPSPI2_IRQHandler
                0x0000000000003d92        0x8 ./startup/startup_k32l3a60_cm4.o
                0x0000000000003d92                LPSPI2_IRQHandler
 .text.LPUART0_IRQHandler
                0x0000000000003d9a        0x8 ./startup/startup_k32l3a60_cm4.o
                0x0000000000003d9a                LPUART0_IRQHandler
 .text.LPUART1_IRQHandler
                0x0000000000003da2        0x8 ./startup/startup_k32l3a60_cm4.o
                0x0000000000003da2                LPUART1_IRQHandler
 .text.LPUART2_IRQHandler
                0x0000000000003daa        0x8 ./startup/startup_k32l3a60_cm4.o
                0x0000000000003daa                LPUART2_IRQHandler
 .text.USB0_IRQHandler
                0x0000000000003db2        0x8 ./startup/startup_k32l3a60_cm4.o
                0x0000000000003db2                USB0_IRQHandler
 .text.PORTA_IRQHandler
                0x0000000000003dba        0x8 ./startup/startup_k32l3a60_cm4.o
                0x0000000000003dba                PORTA_IRQHandler
 .text.PORTB_IRQHandler
                0x0000000000003dc2        0x8 ./startup/startup_k32l3a60_cm4.o
                0x0000000000003dc2                PORTB_IRQHandler
 .text.PORTC_IRQHandler
                0x0000000000003dca        0x8 ./startup/startup_k32l3a60_cm4.o
                0x0000000000003dca                PORTC_IRQHandler
 .text.PORTD_IRQHandler
                0x0000000000003dd2        0x8 ./startup/startup_k32l3a60_cm4.o
                0x0000000000003dd2                PORTD_IRQHandler
 .text.LPADC0_IRQHandler
                0x0000000000003dda        0x8 ./startup/startup_k32l3a60_cm4.o
                0x0000000000003dda                LPADC0_IRQHandler
 .text.LPCMP0_IRQHandler
                0x0000000000003de2        0x8 ./startup/startup_k32l3a60_cm4.o
                0x0000000000003de2                LPCMP0_IRQHandler
 .text.LPDAC0_IRQHandler
                0x0000000000003dea        0x8 ./startup/startup_k32l3a60_cm4.o
                0x0000000000003dea                LPDAC0_IRQHandler
 .text.CAU3_Task_Complete_IRQHandler
                0x0000000000003df2        0x8 ./startup/startup_k32l3a60_cm4.o
                0x0000000000003df2                CAU3_Task_Complete_IRQHandler
 .text.CAU3_Security_Violation_IRQHandler
                0x0000000000003dfa        0x8 ./startup/startup_k32l3a60_cm4.o
                0x0000000000003dfa                CAU3_Security_Violation_IRQHandler
 .text.TRNG_IRQHandler
                0x0000000000003e02        0x8 ./startup/startup_k32l3a60_cm4.o
                0x0000000000003e02                TRNG_IRQHandler
 .text.LPIT1_IRQHandler
                0x0000000000003e0a        0x8 ./startup/startup_k32l3a60_cm4.o
                0x0000000000003e0a                LPIT1_IRQHandler
 .text.LPTMR2_IRQHandler
                0x0000000000003e12        0x8 ./startup/startup_k32l3a60_cm4.o
                0x0000000000003e12                LPTMR2_IRQHandler
 .text.TPM3_IRQHandler
                0x0000000000003e1a        0x8 ./startup/startup_k32l3a60_cm4.o
                0x0000000000003e1a                TPM3_IRQHandler
 .text.LPI2C3_IRQHandler
                0x0000000000003e22        0x8 ./startup/startup_k32l3a60_cm4.o
                0x0000000000003e22                LPI2C3_IRQHandler
 .text.LPSPI3_IRQHandler
                0x0000000000003e2a        0x8 ./startup/startup_k32l3a60_cm4.o
                0x0000000000003e2a                LPSPI3_IRQHandler
 .text.LPUART3_IRQHandler
                0x0000000000003e32        0x8 ./startup/startup_k32l3a60_cm4.o
                0x0000000000003e32                LPUART3_IRQHandler
 .text.PORTE_IRQHandler
                0x0000000000003e3a        0x8 ./startup/startup_k32l3a60_cm4.o
                0x0000000000003e3a                PORTE_IRQHandler
 .text.LPCMP1_IRQHandler
                0x0000000000003e42        0x8 ./startup/startup_k32l3a60_cm4.o
                0x0000000000003e42                LPCMP1_IRQHandler
 .text.HardFault_Handler
                0x0000000000003e4a       0x2c ./source/semihost_hardfault.o
                0x0000000000003e4a                HardFault_Handler
 .text.MU_GetStatusFlags
                0x0000000000003e76       0x20 ./mcmgr/mcmgr_mu_internal.o
 .text.MU_ClearStatusFlags
                0x0000000000003e96       0x46 ./mcmgr/mcmgr_mu_internal.o
 .text.MU_Tx3EmptyFlagISR
                0x0000000000003edc        0xe ./mcmgr/mcmgr_mu_internal.o
                0x0000000000003edc                MU_Tx3EmptyFlagISR
 .text.MU_Tx2EmptyFlagISR
                0x0000000000003eea        0xe ./mcmgr/mcmgr_mu_internal.o
                0x0000000000003eea                MU_Tx2EmptyFlagISR
 .text.MU_Tx1EmptyFlagISR
                0x0000000000003ef8        0xe ./mcmgr/mcmgr_mu_internal.o
                0x0000000000003ef8                MU_Tx1EmptyFlagISR
 .text.MU_Tx0EmptyFlagISR
                0x0000000000003f06        0xe ./mcmgr/mcmgr_mu_internal.o
                0x0000000000003f06                MU_Tx0EmptyFlagISR
 .text.MU_Rx2FullFlagISR
                0x0000000000003f14        0xe ./mcmgr/mcmgr_mu_internal.o
                0x0000000000003f14                MU_Rx2FullFlagISR
 .text.MU_Rx1FullFlagISR
                0x0000000000003f22        0xe ./mcmgr/mcmgr_mu_internal.o
                0x0000000000003f22                MU_Rx1FullFlagISR
 .text.MU_Rx0FullFlagISR
                0x0000000000003f30        0xe ./mcmgr/mcmgr_mu_internal.o
                0x0000000000003f30                MU_Rx0FullFlagISR
 .text.MU_GenInt3FlagISR
                0x0000000000003f3e        0xe ./mcmgr/mcmgr_mu_internal.o
                0x0000000000003f3e                MU_GenInt3FlagISR
 .text.MU_GenInt2FlagISR
                0x0000000000003f4c        0xe ./mcmgr/mcmgr_mu_internal.o
                0x0000000000003f4c                MU_GenInt2FlagISR
 .text.MU_GenInt1FlagISR
                0x0000000000003f5a        0xe ./mcmgr/mcmgr_mu_internal.o
                0x0000000000003f5a                MU_GenInt1FlagISR
 .text.MU_GenInt0FlagISR
                0x0000000000003f68        0xe ./mcmgr/mcmgr_mu_internal.o
                0x0000000000003f68                MU_GenInt0FlagISR
 .text.FLEXIO0_DriverIRQHandler
                0x0000000000003f76        0xc ./drivers/fsl_flexio.o
                0x0000000000003f76                FLEXIO0_DriverIRQHandler
 .text.EnableIRQ
                0x0000000000003f82       0x32 ./drivers/fsl_lpi2c.o
 .text.LPI2C_MasterReset
                0x0000000000003fb4       0x20 ./drivers/fsl_lpi2c.o
 .text.LPI2C_MasterEnable
                0x0000000000003fd4       0x28 ./drivers/fsl_lpi2c.o
 .text.LPI2C_MasterGetStatusFlags
                0x0000000000003ffc       0x18 ./drivers/fsl_lpi2c.o
 .text.LPI2C_MasterClearStatusFlags
                0x0000000000004014       0x1c ./drivers/fsl_lpi2c.o
 .text.LPI2C_MasterDisableInterrupts
                0x0000000000004030       0x24 ./drivers/fsl_lpi2c.o
 .text.LPI2C_MasterSetWatermarks
                0x0000000000004054       0x2c ./drivers/fsl_lpi2c.o
 .text.LPI2C_MasterGetFifoCounts
                0x0000000000004080       0x3e ./drivers/fsl_lpi2c.o
 .text.LPI2C_MasterCheckAndClearError
                0x00000000000040be       0x80 ./drivers/fsl_lpi2c.o
                0x00000000000040be                LPI2C_MasterCheckAndClearError
 .text.LPSPI_IsMaster
                0x000000000000413e       0x26 ./drivers/fsl_lpspi.o
 .text.LPUART_SoftwareReset
                0x0000000000004164       0x2c ./drivers/fsl_lpuart.o
 .text.SystemInitHook
                0x0000000000004190        0xe ./device/system_K32L3A60_cm4.o
                0x0000000000004190                SystemInitHook
 .text.HAL_UartGetStatus
                0x000000000000419e       0x28 ./component/uart/fsl_adapter_lpuart.o
 .text.DisableGlobalIRQ
                0x00000000000041c6       0x22 ./component/serial_manager/fsl_component_serial_manager.o
 .text.EnableGlobalIRQ
                0x00000000000041e8       0x20 ./component/serial_manager/fsl_component_serial_manager.o
 .text.SerialManager_StartWriting
                0x0000000000004208       0x38 ./component/serial_manager/fsl_component_serial_manager.o
 .text.SerialManager_Write
                0x0000000000004240       0x44 ./component/serial_manager/fsl_component_serial_manager.o
 .text.SerialManager_Init
                0x0000000000004284       0x60 ./component/serial_manager/fsl_component_serial_manager.o
                0x0000000000004284                SerialManager_Init
 .text.SerialManager_OpenWriteHandle
                0x00000000000042e4       0x50 ./component/serial_manager/fsl_component_serial_manager.o
                0x00000000000042e4                SerialManager_OpenWriteHandle
 .text.SerialManager_OpenReadHandle
                0x0000000000004334       0x60 ./component/serial_manager/fsl_component_serial_manager.o
                0x0000000000004334                SerialManager_OpenReadHandle
 .text.SerialManager_WriteBlocking
                0x0000000000004394       0x20 ./component/serial_manager/fsl_component_serial_manager.o
                0x0000000000004394                SerialManager_WriteBlocking
 .text.Serial_UartInit
                0x00000000000043b4       0x3e ./component/serial_manager/fsl_component_serial_port_uart.o
                0x00000000000043b4                Serial_UartInit
 .text.Serial_UartWrite
                0x00000000000043f2       0x38 ./component/serial_manager/fsl_component_serial_port_uart.o
                0x00000000000043f2                Serial_UartWrite
 .text.CLOCK_CONFIG_FircSafeConfig
                0x000000000000442a       0x76 ./board/clock_config.o
 .text.BOARD_InitBootClocks
                0x00000000000044a0        0xc ./board/clock_config.o
                0x00000000000044a0                BOARD_InitBootClocks
 .text.BOARD_InitPeripherals_cm4
                0x00000000000044ac       0x10 ./board/peripherals.o
                0x00000000000044ac                BOARD_InitPeripherals_cm4
 .text.BOARD_InitBootPeripherals
                0x00000000000044bc        0xc ./board/peripherals.o
                0x00000000000044bc                BOARD_InitBootPeripherals
 .text.PORT_SetPinMux
                0x00000000000044c8       0x3a ./board/pin_mux.o
 .text.BOARD_InitBootPins
                0x0000000000004502       0x10 ./board/pin_mux.o
                0x0000000000004502                BOARD_InitBootPins
 .text.BOARD_InitPins_cm4
                0x0000000000004512        0xe ./board/pin_mux.o
                0x0000000000004512                BOARD_InitPins_cm4
 .text.__main   0x0000000000004520        0xe /usr/local/mcuxpressoide-11.7.0_9198/ide/plugins/com.nxp.mcuxpresso.tools.linux_11.7.0.202209140929/tools/bin/../lib/gcc/arm-none-eabi/10.3.1/../../../../arm-none-eabi/lib/thumb/v7e-m+fp/hard/libcr_semihost_nf.a(_cr__main.o)
                0x0000000000004520                __main
                0x0000000000004520                __CR_SEMIHOST
 .text.memset   0x000000000000452e        0x4 /usr/local/mcuxpressoide-11.7.0_9198/ide/plugins/com.nxp.mcuxpresso.tools.linux_11.7.0.202209140929/tools/bin/../lib/gcc/arm-none-eabi/10.3.1/../../../../arm-none-eabi/lib/thumb/v7e-m+fp/hard/libcr_c.a(memset.o)
                0x000000000000452e                memset
 .text.free     0x0000000000004532       0x30 /usr/local/mcuxpressoide-11.7.0_9198/ide/plugins/com.nxp.mcuxpresso.tools.linux_11.7.0.202209140929/tools/bin/../lib/gcc/arm-none-eabi/10.3.1/../../../../arm-none-eabi/lib/thumb/v7e-m+fp/hard/libcr_c.a(alloc.o)
                0x0000000000004532                free
 .text.no_fp_display
                0x0000000000004562        0x4 /usr/local/mcuxpressoide-11.7.0_9198/ide/plugins/com.nxp.mcuxpresso.tools.linux_11.7.0.202209140929/tools/bin/../lib/gcc/arm-none-eabi/10.3.1/../../../../arm-none-eabi/lib/thumb/v7e-m+fp/hard/libcr_c.a(printf.o)
 .text.setvbuf  0x0000000000004566       0x3e /usr/local/mcuxpressoide-11.7.0_9198/ide/plugins/com.nxp.mcuxpresso.tools.linux_11.7.0.202209140929/tools/bin/../lib/gcc/arm-none-eabi/10.3.1/../../../../arm-none-eabi/lib/thumb/v7e-m+fp/hard/libcr_c.a(setvbuf.o)
                0x0000000000004566                setvbuf
 .text.strlen   0x00000000000045a4       0x48 /usr/local/mcuxpressoide-11.7.0_9198/ide/plugins/com.nxp.mcuxpresso.tools.linux_11.7.0.202209140929/tools/bin/../lib/gcc/arm-none-eabi/10.3.1/../../../../arm-none-eabi/lib/thumb/v7e-m+fp/hard/libcr_c.a(strlen.o)
                0x00000000000045a4                strlen
 .text._deferredlazyseek
                0x00000000000045ec       0x40 /usr/local/mcuxpressoide-11.7.0_9198/ide/plugins/com.nxp.mcuxpresso.tools.linux_11.7.0.202209140929/tools/bin/../lib/gcc/arm-none-eabi/10.3.1/../../../../arm-none-eabi/lib/thumb/v7e-m+fp/hard/libcr_c.a(_deferredlazyseek.o)
                0x00000000000045ec                _deferredlazyseek
 .text.__flsbuf
                0x000000000000462c      0x140 /usr/local/mcuxpressoide-11.7.0_9198/ide/plugins/com.nxp.mcuxpresso.tools.linux_11.7.0.202209140929/tools/bin/../lib/gcc/arm-none-eabi/10.3.1/../../../../arm-none-eabi/lib/thumb/v7e-m+fp/hard/libcr_c.a(_deferredlazyseek.o)
                0x000000000000462c                __flsbuf
 .text._fdopen  0x000000000000476c       0x68 /usr/local/mcuxpressoide-11.7.0_9198/ide/plugins/com.nxp.mcuxpresso.tools.linux_11.7.0.202209140929/tools/bin/../lib/gcc/arm-none-eabi/10.3.1/../../../../arm-none-eabi/lib/thumb/v7e-m+fp/hard/libcr_c.a(_fdopen.o)
                0x000000000000476c                _fdopen
 .text._fflush  0x00000000000047d4       0x52 /usr/local/mcuxpressoide-11.7.0_9198/ide/plugins/com.nxp.mcuxpresso.tools.linux_11.7.0.202209140929/tools/bin/../lib/gcc/arm-none-eabi/10.3.1/../../../../arm-none-eabi/lib/thumb/v7e-m+fp/hard/libcr_c.a(_fflush.o)
                0x00000000000047d4                _fflush
 .text.fclose   0x0000000000004826       0x58 /usr/local/mcuxpressoide-11.7.0_9198/ide/plugins/com.nxp.mcuxpresso.tools.linux_11.7.0.202209140929/tools/bin/../lib/gcc/arm-none-eabi/10.3.1/../../../../arm-none-eabi/lib/thumb/v7e-m+fp/hard/libcr_c.a(fclose.o)
                0x0000000000004826                fclose
 .text.remove   0x000000000000487e       0x14 /usr/local/mcuxpressoide-11.7.0_9198/ide/plugins/com.nxp.mcuxpresso.tools.linux_11.7.0.202209140929/tools/bin/../lib/gcc/arm-none-eabi/10.3.1/../../../../arm-none-eabi/lib/thumb/v7e-m+fp/hard/libcr_c.a(remove.o)
                0x000000000000487e                remove
 .text._do_fflush
                0x0000000000004892       0x40 /usr/local/mcuxpressoide-11.7.0_9198/ide/plugins/com.nxp.mcuxpresso.tools.linux_11.7.0.202209140929/tools/bin/../lib/gcc/arm-none-eabi/10.3.1/../../../../arm-none-eabi/lib/thumb/v7e-m+fp/hard/libcr_c.a(_do_fflush.o)
                0x0000000000004892                _do_fflush
 .text.__aeabi_memset_lowlevel
                0x00000000000048d2       0x32 /usr/local/mcuxpressoide-11.7.0_9198/ide/plugins/com.nxp.mcuxpresso.tools.linux_11.7.0.202209140929/tools/bin/../lib/gcc/arm-none-eabi/10.3.1/thumb/v7e-m+fp/hard/libcr_eabihelpers.a(memcpy.o)
                0x00000000000048d2                __aeabi_lowlevel_memset
 .text.__sys_close
                0x0000000000004904        0xc /usr/local/mcuxpressoide-11.7.0_9198/ide/plugins/com.nxp.mcuxpresso.tools.linux_11.7.0.202209140929/tools/bin/../lib/gcc/arm-none-eabi/10.3.1/../../../../arm-none-eabi/lib/thumb/v7e-m+fp/hard/libcr_semihost_nf.a(__sys_close.o)
                0x0000000000004904                __sys_close
 .text.__sys_flen
                0x0000000000004910        0xc /usr/local/mcuxpressoide-11.7.0_9198/ide/plugins/com.nxp.mcuxpresso.tools.linux_11.7.0.202209140929/tools/bin/../lib/gcc/arm-none-eabi/10.3.1/../../../../arm-none-eabi/lib/thumb/v7e-m+fp/hard/libcr_semihost_nf.a(__sys_flen.o)
                0x0000000000004910                __sys_flen
 .text.__sys_istty
                0x000000000000491c        0xc /usr/local/mcuxpressoide-11.7.0_9198/ide/plugins/com.nxp.mcuxpresso.tools.linux_11.7.0.202209140929/tools/bin/../lib/gcc/arm-none-eabi/10.3.1/../../../../arm-none-eabi/lib/thumb/v7e-m+fp/hard/libcr_semihost_nf.a(__sys_istty.o)
                0x000000000000491c                __sys_istty
 .text.__sys_remove
                0x0000000000004928        0xc /usr/local/mcuxpressoide-11.7.0_9198/ide/plugins/com.nxp.mcuxpresso.tools.linux_11.7.0.202209140929/tools/bin/../lib/gcc/arm-none-eabi/10.3.1/../../../../arm-none-eabi/lib/thumb/v7e-m+fp/hard/libcr_semihost_nf.a(__sys_remove.o)
                0x0000000000004928                __sys_remove
 .text.__sys_seek
                0x0000000000004934        0xc /usr/local/mcuxpressoide-11.7.0_9198/ide/plugins/com.nxp.mcuxpresso.tools.linux_11.7.0.202209140929/tools/bin/../lib/gcc/arm-none-eabi/10.3.1/../../../../arm-none-eabi/lib/thumb/v7e-m+fp/hard/libcr_semihost_nf.a(__sys_seek.o)
                0x0000000000004934                __sys_seek
 .text.__sys_tmpnam
                0x0000000000004940        0xc /usr/local/mcuxpressoide-11.7.0_9198/ide/plugins/com.nxp.mcuxpresso.tools.linux_11.7.0.202209140929/tools/bin/../lib/gcc/arm-none-eabi/10.3.1/../../../../arm-none-eabi/lib/thumb/v7e-m+fp/hard/libcr_semihost_nf.a(__sys_tmpnam.o)
                0x0000000000004940                __sys_tmpnam
 *freertos*/tasks.o(SORT_BY_ALIGNMENT(.rodata*))
 .rodata.vTaskStartScheduler.str1.4
                0x000000000000494c        0x5 ./freertos/freertos-kernel/tasks.o
 *(SORT_BY_ALIGNMENT(.rodata) SORT_BY_ALIGNMENT(.rodata.*) SORT_BY_ALIGNMENT(.constdata) SORT_BY_ALIGNMENT(.constdata.*))
 *fill*         0x0000000000004951        0x3 ff
 .rodata.__assertion_failed.str1.4
                0x0000000000004954       0x14 ./utilities/fsl_assert.o
 .rodata.main.str1.4
                0x0000000000004968       0x19 ./source/FRDM-K32L3A60_MASTER.o
 *fill*         0x0000000000004981        0x3 ff
 .rodata.MU_ReceiveMsgNonBlocking.str1.4
                0x0000000000004984       0x7b ./mcmgr/mcmgr_internal_core_api_k32l3a6.o
 *fill*         0x00000000000049ff        0x1 ff
 .rodata.MU_interrupts
                0x0000000000004a00       0x30 ./mcmgr/mcmgr_mu_internal.o
 .rodata.CLOCK_GetIpFreq.str1.4
                0x0000000000004a30       0x2b ./drivers/fsl_clock.o
 *fill*         0x0000000000004a5b        0x1 ff
 .rodata.CLOCK_InitSirc.str1.4
                0x0000000000004a5c       0x19 ./drivers/fsl_clock.o
 *fill*         0x0000000000004a75        0x3 ff
 .rodata.CLOCK_InitFirc.str1.4
                0x0000000000004a78       0x19 ./drivers/fsl_clock.o
 *fill*         0x0000000000004a91        0x3 ff
 .rodata.CLOCK_InitLpFll.str1.4
                0x0000000000004a94       0x19 ./drivers/fsl_clock.o
 *fill*         0x0000000000004aad        0x3 ff
 .rodata.sircFreq.2
                0x0000000000004ab0        0x8 ./drivers/fsl_clock.o
 .rodata.fircFreq.1
                0x0000000000004ab8       0x10 ./drivers/fsl_clock.o
 .rodata.lpfllFreq.0
                0x0000000000004ac8       0x10 ./drivers/fsl_clock.o
 .rodata.EDMA_HandleIRQ.str1.4
                0x0000000000004ad8       0x21 ./drivers/fsl_edma.o
 *fill*         0x0000000000004af9        0x3 ff
 .rodata.CLOCK_EnableClock.str1.4
                0x0000000000004afc       0x4e ./drivers/fsl_lpi2c.o
 *fill*         0x0000000000004b4a        0x2 ff
 .rodata.kLpi2cBases
                0x0000000000004b4c       0x10 ./drivers/fsl_lpi2c.o
 .rodata.kLpi2cIrqs
                0x0000000000004b5c        0x4 ./drivers/fsl_lpi2c.o
                0x0000000000004b5c                kLpi2cIrqs
 .rodata.kLpi2cClocks
                0x0000000000004b60       0x10 ./drivers/fsl_lpi2c.o
 .rodata.LPI2C_GetInstance.str1.4
                0x0000000000004b70       0x35 ./drivers/fsl_lpi2c.o
 *fill*         0x0000000000004ba5        0x3 ff
 .rodata.LPI2C_GetCyclesForWidth.str1.4
                0x0000000000004ba8       0x26 ./drivers/fsl_lpi2c.o
 *fill*         0x0000000000004bce        0x2 ff
 .rodata.LPI2C_MasterTransferCreateHandle.str1.4
                0x0000000000004bd0       0x22 ./drivers/fsl_lpi2c.o
 *fill*         0x0000000000004bf2        0x2 ff
 .rodata.LPI2C_TransferStateMachineSendCommand.str1.4
                0x0000000000004bf4       0x27 ./drivers/fsl_lpi2c.o
 *fill*         0x0000000000004c1b        0x1 ff
 .rodata.LPI2C_TransferStateMachineReadCommand.str1.4
                0x0000000000004c1c       0x27 ./drivers/fsl_lpi2c.o
 *fill*         0x0000000000004c43        0x1 ff
 .rodata.LPI2C_TransferStateMachineTransferData.str1.4
                0x0000000000004c44       0x27 ./drivers/fsl_lpi2c.o
 *fill*         0x0000000000004c6b        0x1 ff
 .rodata.LPI2C_TransferStateMachineStopState.str1.4
                0x0000000000004c6c       0x27 ./drivers/fsl_lpi2c.o
 *fill*         0x0000000000004c93        0x1 ff
 .rodata.LPI2C_TransferStateMachineWaitState.str1.4
                0x0000000000004c94       0x27 ./drivers/fsl_lpi2c.o
 *fill*         0x0000000000004cbb        0x1 ff
 .rodata.LPI2C_RunTransferStateMachine.str1.4
                0x0000000000004cbc       0x5d ./drivers/fsl_lpi2c.o
 *fill*         0x0000000000004d19        0x3 ff
 .rodata.LPI2C_MasterTransferHandleIRQ.str1.4
                0x0000000000004d1c       0x2d ./drivers/fsl_lpi2c.o
 *fill*         0x0000000000004d49        0x3 ff
 .rodata.LPSPI0_DriverIRQHandler.str1.4
                0x0000000000004d4c       0x2c ./drivers/fsl_lpspi.o
 .rodata.LPSPI1_DriverIRQHandler.str1.4
                0x0000000000004d78       0x2c ./drivers/fsl_lpspi.o
 .rodata.LPSPI2_DriverIRQHandler.str1.4
                0x0000000000004da4       0x2c ./drivers/fsl_lpspi.o
 .rodata.LPSPI3_DriverIRQHandler.str1.4
                0x0000000000004dd0       0x2c ./drivers/fsl_lpspi.o
 .rodata.CLOCK_EnableClock.str1.4
                0x0000000000004dfc       0x4e ./drivers/fsl_lpuart.o
 .rodata.s_lpuartBases
                0x0000000000004dfc       0x10 ./drivers/fsl_lpuart.o
 .rodata.s_lpuartClock
                0x0000000000004e0c       0x10 ./drivers/fsl_lpuart.o
 .rodata.LPUART_GetInstance.str1.4
                0x0000000000004e1c       0x38 ./drivers/fsl_lpuart.o
 .rodata.LPUART_Init.str1.4
                0x0000000000004e54      0x10a ./drivers/fsl_lpuart.o
 *fill*         0x0000000000004f5e        0x2 ff
 .rodata.LPUART_GetDefaultConfig.str1.4
                0x0000000000004f60       0x22 ./drivers/fsl_lpuart.o
 *fill*         0x0000000000004f82        0x2 ff
 .rodata.LPUART_WriteBlocking.str1.4
                0x0000000000004f84       0x20 ./drivers/fsl_lpuart.o
 .rodata.s_LpuartAdapterBase
                0x0000000000004fa4       0x10 ./component/uart/fsl_adapter_lpuart.o
 .rodata.HAL_UartInit.str1.4
                0x0000000000004fb4      0x105 ./component/uart/fsl_adapter_lpuart.o
 *fill*         0x00000000000050b9        0x3 ff
 .rodata.HAL_UartSendBlocking.str1.4
                0x00000000000050bc       0x7b ./component/uart/fsl_adapter_lpuart.o
 *fill*         0x0000000000005137        0x1 ff
 .rodata.CLOCK_SetIpSrc.str1.4
                0x0000000000005138      0x10c ./board/board.o
 .rodata.CLOCK_SetIpSrc.str1.4
                0x0000000000005244      0x10c ./board/clock_config.o
 .rodata.CLOCK_SetRunModeSysClkConfig.str1.4
                0x0000000000005244       0x6e ./board/clock_config.o
 *fill*         0x00000000000052b2        0x2 ff
 .rodata.CLOCK_GetCurSysClkConfig.str1.4
                0x00000000000052b4       0x6e ./board/clock_config.o
 *fill*         0x0000000000005322        0x2 ff
 .rodata.g_sysClkConfig_BOARD_BootClockRUN
                0x0000000000005324        0x4 ./board/clock_config.o
                0x0000000000005324                g_sysClkConfig_BOARD_BootClockRUN
 .rodata.g_scgSircConfig_BOARD_BootClockRUN
                0x0000000000005328        0x8 ./board/clock_config.o
                0x0000000000005328                g_scgSircConfig_BOARD_BootClockRUN
 .rodata.g_scgFircConfig_BOARD_BootClockRUN
                0x0000000000005330        0xc ./board/clock_config.o
                0x0000000000005330                g_scgFircConfig_BOARD_BootClockRUN
 .rodata.g_scgLpFllConfig_BOARD_BootClockRUN
                0x000000000000533c        0xc ./board/clock_config.o
                0x000000000000533c                g_scgLpFllConfig_BOARD_BootClockRUN
 .rodata.ACCEL_masterConfig
                0x0000000000005348       0x1c ./board/peripherals.o
                0x0000000000005348                ACCEL_masterConfig
 .rodata.DEBUG_UART_config
                0x0000000000005364       0x14 ./board/peripherals.o
                0x0000000000005364                DEBUG_UART_config
 .rodata.CLOCK_EnableClock.str1.4
                0x0000000000005378       0xa3 ./board/pin_mux.o
 *fill*         0x000000000000541b        0x1 ff
 .rodata.__num_Ciob_streams
                0x000000000000541c        0x4 /usr/local/mcuxpressoide-11.7.0_9198/ide/plugins/com.nxp.mcuxpresso.tools.linux_11.7.0.202209140929/tools/bin/../lib/gcc/arm-none-eabi/10.3.1/../../../../arm-none-eabi/lib/thumb/v7e-m+fp/hard/libcr_semihost_nf.a(__ciob.o)
                0x000000000000541c                __num_Ciob_streams
 .rodata._Csys_alloc.str1.1
                0x0000000000005420       0x18 /usr/local/mcuxpressoide-11.7.0_9198/ide/plugins/com.nxp.mcuxpresso.tools.linux_11.7.0.202209140929/tools/bin/../lib/gcc/arm-none-eabi/10.3.1/../../../../arm-none-eabi/lib/thumb/v7e-m+fp/hard/libcr_c.a(alloc.o)
 .rodata._initio.str1.1
                0x0000000000005438        0x4 /usr/local/mcuxpressoide-11.7.0_9198/ide/plugins/com.nxp.mcuxpresso.tools.linux_11.7.0.202209140929/tools/bin/../lib/gcc/arm-none-eabi/10.3.1/../../../../arm-none-eabi/lib/thumb/v7e-m+fp/hard/libcr_c.a(initio.o)
 .rodata.__vfprintf.str1.1
                0x000000000000543c       0x37 /usr/local/mcuxpressoide-11.7.0_9198/ide/plugins/com.nxp.mcuxpresso.tools.linux_11.7.0.202209140929/tools/bin/../lib/gcc/arm-none-eabi/10.3.1/../../../../arm-none-eabi/lib/thumb/v7e-m+fp/hard/libcr_c.a(printf.o)
                                         0x38 (size before relaxing)
                0x0000000000005478                . = ALIGN (0x8)
 *fill*         0x0000000000005473        0x5 ff

.glue_7         0x0000000000005478        0x0
 .glue_7        0x0000000000005478        0x0 linker stubs

.glue_7t        0x0000000000005478        0x0
 .glue_7t       0x0000000000005478        0x0 linker stubs

.vfp11_veneer   0x0000000000005478        0x0
 .vfp11_veneer  0x0000000000005478        0x0 linker stubs

.v4_bx          0x0000000000005478        0x0
 .v4_bx         0x0000000000005478        0x0 linker stubs

.iplt           0x0000000000005478        0x0
 .iplt          0x0000000000005478        0x0 ./utilities/fsl_assert.o

.rel.dyn        0x0000000000005478        0x0
 .rel.iplt      0x0000000000005478        0x0 ./utilities/fsl_assert.o

.ARM.extab
 *(SORT_BY_ALIGNMENT(.ARM.extab*) SORT_BY_ALIGNMENT(.gnu.linkonce.armextab.*))

.ARM.exidx      0x0000000000005478        0x0
                0x0000000000005478                __exidx_start = .
 *(SORT_BY_ALIGNMENT(.ARM.exidx*) SORT_BY_ALIGNMENT(.gnu.linkonce.armexidx.*))
                0x0000000000005478                __exidx_end = .
                0x0000000000005478                _etext = .

.m_usb_data
 *(SORT_BY_ALIGNMENT(m_usb_bdt))
 *(SORT_BY_ALIGNMENT(m_usb_global))

.data_RAM2      0x0000000009000000        0x0 load address 0x0000000000005478
 FILL mask 0xff
                [!provide]                        PROVIDE (__start_data_RAM2 = .)
                [!provide]                        PROVIDE (__start_data_SRAM_TCM_cm0plus = .)
 *(SORT_BY_ALIGNMENT(.ramfunc.$RAM2))
 *(SORT_BY_ALIGNMENT(.ramfunc.$SRAM_TCM_cm0plus))
 *(SORT_BY_ALIGNMENT(.data.$RAM2))
 *(SORT_BY_ALIGNMENT(.data.$SRAM_TCM_cm0plus))
 *(SORT_BY_ALIGNMENT(.data.$RAM2.*))
 *(SORT_BY_ALIGNMENT(.data.$SRAM_TCM_cm0plus.*))
                0x0000000009000000                . = ALIGN (0x8)
                [!provide]                        PROVIDE (__end_data_RAM2 = .)
                [!provide]                        PROVIDE (__end_data_SRAM_TCM_cm0plus = .)

.data_RAM3      0x0000000008000000        0x0 load address 0x0000000000005478
 FILL mask 0xff
                [!provide]                        PROVIDE (__start_data_RAM3 = .)
                [!provide]                        PROVIDE (__start_data_SRAM_ITC_cm4 = .)
 *(SORT_BY_ALIGNMENT(.ramfunc.$RAM3))
 *(SORT_BY_ALIGNMENT(.ramfunc.$SRAM_ITC_cm4))
 *(SORT_BY_ALIGNMENT(.data.$RAM3))
 *(SORT_BY_ALIGNMENT(.data.$SRAM_ITC_cm4))
 *(SORT_BY_ALIGNMENT(.data.$RAM3.*))
 *(SORT_BY_ALIGNMENT(.data.$SRAM_ITC_cm4.*))
                0x0000000008000000                . = ALIGN (0x8)
                [!provide]                        PROVIDE (__end_data_RAM3 = .)
                [!provide]                        PROVIDE (__end_data_SRAM_ITC_cm4 = .)

.data_RAM4      0x0000000048000000        0x0 load address 0x0000000000005478
 FILL mask 0xff
                [!provide]                        PROVIDE (__start_data_RAM4 = .)
                [!provide]                        PROVIDE (__start_data_FLEX_RAM = .)
 *(SORT_BY_ALIGNMENT(.ramfunc.$RAM4))
 *(SORT_BY_ALIGNMENT(.ramfunc.$FLEX_RAM))
 *(SORT_BY_ALIGNMENT(.data.$RAM4))
 *(SORT_BY_ALIGNMENT(.data.$FLEX_RAM))
 *(SORT_BY_ALIGNMENT(.data.$RAM4.*))
 *(SORT_BY_ALIGNMENT(.data.$FLEX_RAM.*))
                0x0000000048000000                . = ALIGN (0x8)
                [!provide]                        PROVIDE (__end_data_RAM4 = .)
                [!provide]                        PROVIDE (__end_data_FLEX_RAM = .)

.data_RAM5      0x0000000048010000        0x0 load address 0x0000000000005478
 FILL mask 0xff
                [!provide]                        PROVIDE (__start_data_RAM5 = .)
                [!provide]                        PROVIDE (__start_data_USB_RAM = .)
 *(SORT_BY_ALIGNMENT(.ramfunc.$RAM5))
 *(SORT_BY_ALIGNMENT(.ramfunc.$USB_RAM))
 *(SORT_BY_ALIGNMENT(.data.$RAM5))
 *(SORT_BY_ALIGNMENT(.data.$USB_RAM))
 *(SORT_BY_ALIGNMENT(.data.$RAM5.*))
 *(SORT_BY_ALIGNMENT(.data.$USB_RAM.*))
                0x0000000048010000                . = ALIGN (0x8)
                [!provide]                        PROVIDE (__end_data_RAM5 = .)
                [!provide]                        PROVIDE (__end_data_USB_RAM = .)

.uninit_RESERVED
                0x0000000020000000        0x0
                0x0000000020000000                _start_uninit_RESERVED = .
 *(SORT_BY_ALIGNMENT(.bss.$RESERVED*))
                0x0000000020000000                . = ALIGN (0x8)
                0x0000000020000000                _end_uninit_RESERVED = .
 .uninit_RESERVED
                0x0000000020000000        0x0 /home/dimercur/Travail/git/insa-nxpcup/code/projet-2024/FRDM-K32L3A6_M0SLAVE/Debug/FRDM-K32L3A6_M0SLAVE.axf.o

.data           0x0000000020000000        0x8 load address 0x0000000000005478
 FILL mask 0xff
                0x0000000020000000                _data = .
                [!provide]                        PROVIDE (__start_data_RAM = .)
                [!provide]                        PROVIDE (__start_data_SRAM_DTC_cm4 = .)
 *(SORT_BY_ALIGNMENT(vtable))
 *(SORT_BY_ALIGNMENT(.ramfunc*))
 *(SORT_BY_ALIGNMENT(CodeQuickAccess))
 *(SORT_BY_ALIGNMENT(DataQuickAccess))
 *(SORT_BY_ALIGNMENT(RamFunction))
 *(SORT_BY_ALIGNMENT(.data*))
 .data.SystemCoreClock
                0x0000000020000000        0x4 ./device/system_K32L3A60_cm4.o
                0x0000000020000000                SystemCoreClock
                0x0000000020000008                . = ALIGN (0x8)
 *fill*         0x0000000020000004        0x4 ff
                0x0000000020000008                _edata = .
                [!provide]                        PROVIDE (__end_data_RAM = .)
                [!provide]                        PROVIDE (__end_data_SRAM_DTC_cm4 = .)

.igot.plt       0x0000000020000008        0x0 load address 0x0000000000005480
 .igot.plt      0x0000000020000008        0x0 ./utilities/fsl_assert.o

.bss_RAM2       0x0000000009000000        0x0
                [!provide]                        PROVIDE (__start_bss_RAM2 = .)
                [!provide]                        PROVIDE (__start_bss_SRAM_TCM_cm0plus = .)
 *(SORT_BY_ALIGNMENT(.bss.$RAM2))
 *(SORT_BY_ALIGNMENT(.bss.$SRAM_TCM_cm0plus))
 *(SORT_BY_ALIGNMENT(.bss.$RAM2.*))
 *(SORT_BY_ALIGNMENT(.bss.$SRAM_TCM_cm0plus.*))
                0x0000000009000000                . = ALIGN ((. != 0x0)?0x8:0x1)
                [!provide]                        PROVIDE (__end_bss_RAM2 = .)
                [!provide]                        PROVIDE (__end_bss_SRAM_TCM_cm0plus = .)

.bss_RAM3       0x0000000008000000        0x0
                [!provide]                        PROVIDE (__start_bss_RAM3 = .)
                [!provide]                        PROVIDE (__start_bss_SRAM_ITC_cm4 = .)
 *(SORT_BY_ALIGNMENT(.bss.$RAM3))
 *(SORT_BY_ALIGNMENT(.bss.$SRAM_ITC_cm4))
 *(SORT_BY_ALIGNMENT(.bss.$RAM3.*))
 *(SORT_BY_ALIGNMENT(.bss.$SRAM_ITC_cm4.*))
                0x0000000008000000                . = ALIGN ((. != 0x0)?0x8:0x1)
                [!provide]                        PROVIDE (__end_bss_RAM3 = .)
                [!provide]                        PROVIDE (__end_bss_SRAM_ITC_cm4 = .)

.bss_RAM4       0x0000000048000000        0x0
                [!provide]                        PROVIDE (__start_bss_RAM4 = .)
                [!provide]                        PROVIDE (__start_bss_FLEX_RAM = .)
 *(SORT_BY_ALIGNMENT(.bss.$RAM4))
 *(SORT_BY_ALIGNMENT(.bss.$FLEX_RAM))
 *(SORT_BY_ALIGNMENT(.bss.$RAM4.*))
 *(SORT_BY_ALIGNMENT(.bss.$FLEX_RAM.*))
                0x0000000048000000                . = ALIGN ((. != 0x0)?0x8:0x1)
                [!provide]                        PROVIDE (__end_bss_RAM4 = .)
                [!provide]                        PROVIDE (__end_bss_FLEX_RAM = .)

.bss_RAM5       0x0000000048010000        0x0
                [!provide]                        PROVIDE (__start_bss_RAM5 = .)
                [!provide]                        PROVIDE (__start_bss_USB_RAM = .)
 *(SORT_BY_ALIGNMENT(.bss.$RAM5))
 *(SORT_BY_ALIGNMENT(.bss.$USB_RAM))
 *(SORT_BY_ALIGNMENT(.bss.$RAM5.*))
 *(SORT_BY_ALIGNMENT(.bss.$USB_RAM.*))
                0x0000000048010000                . = ALIGN ((. != 0x0)?0x8:0x1)
                [!provide]                        PROVIDE (__end_bss_RAM5 = .)
                [!provide]                        PROVIDE (__end_bss_USB_RAM = .)

.bss            0x0000000020000008      0x2b8
                0x0000000020000008                _bss = .
                [!provide]                        PROVIDE (__start_bss_RAM = .)
                [!provide]                        PROVIDE (__start_bss_SRAM_DTC_cm4 = .)
 *(SORT_BY_ALIGNMENT(.bss*))
 .bss.s_debugConsoleState
                0x0000000020000008       0x20 ./utilities/fsl_debug_console.o
 .bss.g_serialHandle
                0x0000000020000028        0x4 ./utilities/fsl_debug_console.o
                0x0000000020000028                g_serialHandle
 .bss.i.0       0x000000002000002c        0x4 ./source/FRDM-K32L3A60_MASTER.o
 .bss.MCMGR_eventTable
                0x0000000020000030       0x48 ./mcmgr/mcmgr.o
                0x0000000020000030                MCMGR_eventTable
 .bss.pxCurrentTCB
                0x0000000020000078        0x4 ./freertos/freertos-kernel/tasks.o
                0x0000000020000078                pxCurrentTCB
 .bss.pxReadyTasksLists
                0x000000002000007c       0x64 ./freertos/freertos-kernel/tasks.o
 .bss.pxDelayedTaskList
                0x00000000200000e0        0x4 ./freertos/freertos-kernel/tasks.o
 .bss.pxOverflowDelayedTaskList
                0x00000000200000e4        0x4 ./freertos/freertos-kernel/tasks.o
 .bss.xTickCount
                0x00000000200000e8        0x4 ./freertos/freertos-kernel/tasks.o
 .bss.uxTopReadyPriority
                0x00000000200000ec        0x4 ./freertos/freertos-kernel/tasks.o
 .bss.xPendedTicks
                0x00000000200000f0        0x4 ./freertos/freertos-kernel/tasks.o
 .bss.xYieldPending
                0x00000000200000f4        0x4 ./freertos/freertos-kernel/tasks.o
 .bss.xNumOfOverflows
                0x00000000200000f8        0x4 ./freertos/freertos-kernel/tasks.o
 .bss.xNextTaskUnblockTime
                0x00000000200000fc        0x4 ./freertos/freertos-kernel/tasks.o
 .bss.uxSchedulerSuspended
                0x0000000020000100        0x4 ./freertos/freertos-kernel/tasks.o
 .bss.s_EDMAHandle
                0x0000000020000104       0x40 ./drivers/fsl_edma.o
 .bss.s_flexioHandle
                0x0000000020000144        0x8 ./drivers/fsl_flexio.o
 .bss.s_flexioType
                0x000000002000014c        0x8 ./drivers/fsl_flexio.o
 .bss.s_flexioIsr
                0x0000000020000154        0x8 ./drivers/fsl_flexio.o
 .bss.s_lpi2cMasterIsr
                0x000000002000015c        0x4 ./drivers/fsl_lpi2c.o
                0x000000002000015c                s_lpi2cMasterIsr
 .bss.s_lpi2cMasterHandle
                0x0000000020000160       0x10 ./drivers/fsl_lpi2c.o
                0x0000000020000160                s_lpi2cMasterHandle
 .bss.s_lpi2cSlaveIsr
                0x0000000020000170        0x4 ./drivers/fsl_lpi2c.o
 .bss.s_lpi2cSlaveHandle
                0x0000000020000174       0x10 ./drivers/fsl_lpi2c.o
 .bss.s_lpspiHandle
                0x0000000020000184       0x10 ./drivers/fsl_lpspi.o
 .bss.s_lpspiMasterIsr
                0x0000000020000194        0x4 ./drivers/fsl_lpspi.o
 .bss.s_lpspiSlaveIsr
                0x0000000020000198        0x4 ./drivers/fsl_lpspi.o
 .bss.s_lpuartHandle
                0x000000002000019c       0x10 ./drivers/fsl_lpuart.o
                0x000000002000019c                s_lpuartHandle
 .bss.s_lpuartIsr
                0x00000000200001ac       0x10 ./drivers/fsl_lpuart.o
                0x00000000200001ac                s_lpuartIsr
 .bss.s_usdhcHandle
                0x00000000200001bc        0x4 ./drivers/fsl_usdhc.o
 .bss.s_usdhcIsr
                0x00000000200001c0        0x4 ./drivers/fsl_usdhc.o
 .bss.ACCEL_masterHandle
                0x00000000200001c4       0x34 ./board/peripherals.o
                0x00000000200001c4                ACCEL_masterHandle
 .bss.errno     0x00000000200001f8        0x4 /usr/local/mcuxpressoide-11.7.0_9198/ide/plugins/com.nxp.mcuxpresso.tools.linux_11.7.0.202209140929/tools/bin/../lib/gcc/arm-none-eabi/10.3.1/../../../../arm-none-eabi/lib/thumb/v7e-m+fp/hard/libcr_c.a(errno.o)
                0x00000000200001f8                errno
 .bss.__end_of_heap
                0x00000000200001fc        0x4 /usr/local/mcuxpressoide-11.7.0_9198/ide/plugins/com.nxp.mcuxpresso.tools.linux_11.7.0.202209140929/tools/bin/../lib/gcc/arm-none-eabi/10.3.1/../../../../arm-none-eabi/lib/thumb/v7e-m+fp/hard/libcr_c.a(__init_alloc.o)
                0x00000000200001fc                __end_of_heap
 .bss.__heaps   0x0000000020000200        0x4 /usr/local/mcuxpressoide-11.7.0_9198/ide/plugins/com.nxp.mcuxpresso.tools.linux_11.7.0.202209140929/tools/bin/../lib/gcc/arm-none-eabi/10.3.1/../../../../arm-none-eabi/lib/thumb/v7e-m+fp/hard/libcr_c.a(__init_alloc.o)
                0x0000000020000200                __heaps
 .bss.__Ciob    0x0000000020000204       0xb4 /usr/local/mcuxpressoide-11.7.0_9198/ide/plugins/com.nxp.mcuxpresso.tools.linux_11.7.0.202209140929/tools/bin/../lib/gcc/arm-none-eabi/10.3.1/../../../../arm-none-eabi/lib/thumb/v7e-m+fp/hard/libcr_semihost_nf.a(__ciob.o)
                0x0000000020000204                __Ciob
 .bss.s_debugConsoleReadWaitSemaphore
                0x00000000200002b8        0x1 ./utilities/fsl_debug_console.o
 *(SORT_BY_ALIGNMENT(COMMON))
                0x00000000200002c0                . = ALIGN (0x8)
 *fill*         0x00000000200002b9        0x7 
                0x00000000200002c0                _ebss = .
                [!provide]                        PROVIDE (__end_bss_RAM = .)
                [!provide]                        PROVIDE (__end_bss_SRAM_DTC_cm4 = .)
                [!provide]                        PROVIDE (end = .)

.noinit_RAM2    0x0000000009000000        0x0
                [!provide]                        PROVIDE (__start_noinit_RAM2 = .)
                [!provide]                        PROVIDE (__start_noinit_SRAM_TCM_cm0plus = .)
 *(SORT_BY_ALIGNMENT(.noinit.$RAM2))
 *(SORT_BY_ALIGNMENT(.noinit.$SRAM_TCM_cm0plus))
 *(SORT_BY_ALIGNMENT(.noinit.$RAM2.*))
 *(SORT_BY_ALIGNMENT(.noinit.$SRAM_TCM_cm0plus.*))
                0x0000000009000000                . = ALIGN (0x8)
                [!provide]                        PROVIDE (__end_noinit_RAM2 = .)
                [!provide]                        PROVIDE (__end_noinit_SRAM_TCM_cm0plus = .)

.noinit_RAM3    0x0000000008000000        0x0
                [!provide]                        PROVIDE (__start_noinit_RAM3 = .)
                [!provide]                        PROVIDE (__start_noinit_SRAM_ITC_cm4 = .)
 *(SORT_BY_ALIGNMENT(.noinit.$RAM3))
 *(SORT_BY_ALIGNMENT(.noinit.$SRAM_ITC_cm4))
 *(SORT_BY_ALIGNMENT(.noinit.$RAM3.*))
 *(SORT_BY_ALIGNMENT(.noinit.$SRAM_ITC_cm4.*))
                0x0000000008000000                . = ALIGN (0x8)
                [!provide]                        PROVIDE (__end_noinit_RAM3 = .)
                [!provide]                        PROVIDE (__end_noinit_SRAM_ITC_cm4 = .)

.noinit_RAM4    0x0000000048000000        0x0
                [!provide]                        PROVIDE (__start_noinit_RAM4 = .)
                [!provide]                        PROVIDE (__start_noinit_FLEX_RAM = .)
 *(SORT_BY_ALIGNMENT(.noinit.$RAM4))
 *(SORT_BY_ALIGNMENT(.noinit.$FLEX_RAM))
 *(SORT_BY_ALIGNMENT(.noinit.$RAM4.*))
 *(SORT_BY_ALIGNMENT(.noinit.$FLEX_RAM.*))
                0x0000000048000000                . = ALIGN (0x8)
                [!provide]                        PROVIDE (__end_noinit_RAM4 = .)
                [!provide]                        PROVIDE (__end_noinit_FLEX_RAM = .)

.noinit_RAM5    0x0000000048010000        0x0
                [!provide]                        PROVIDE (__start_noinit_RAM5 = .)
                [!provide]                        PROVIDE (__start_noinit_USB_RAM = .)
 *(SORT_BY_ALIGNMENT(.noinit.$RAM5))
 *(SORT_BY_ALIGNMENT(.noinit.$USB_RAM))
 *(SORT_BY_ALIGNMENT(.noinit.$RAM5.*))
 *(SORT_BY_ALIGNMENT(.noinit.$USB_RAM.*))
                0x0000000048010000                . = ALIGN (0x8)
                [!provide]                        PROVIDE (__end_noinit_RAM5 = .)
                [!provide]                        PROVIDE (__end_noinit_USB_RAM = .)

.noinit         0x00000000200002c0        0x0
                0x00000000200002c0                _noinit = .
                [!provide]                        PROVIDE (__start_noinit_RAM = .)
                [!provide]                        PROVIDE (__start_noinit_SRAM_DTC_cm4 = .)
 *(SORT_BY_ALIGNMENT(.noinit*))
                0x00000000200002c0                . = ALIGN (0x8)
                0x00000000200002c0                _end_noinit = .
                [!provide]                        PROVIDE (__end_noinit_RAM = .)
                [!provide]                        PROVIDE (__end_noinit_SRAM_DTC_cm4 = .)
                0x0000000000001000                _HeapSize = 0x1000

.heap           0x00000000200002c0     0x1000
                0x00000000200002c0                _pvHeapStart = .
                0x00000000200012c0                . = (. + _HeapSize)
 *fill*         0x00000000200002c0     0x1000 
                0x00000000200012c0                . = ALIGN (0x8)
                0x00000000200012c0                _pvHeapLimit = .
                0x0000000000001000                _StackSize = 0x1000

.heap2stackfill
                0x00000000200012c0     0x1000
                0x00000000200022c0                . = (. + _StackSize)
 *fill*         0x00000000200012c0     0x1000 

.stack          0x000000002002f000        0x0
                0x000000002002f000                _vStackBase = .
                0x000000002002f000                . = ALIGN (0x8)
                0x0000000020030000                _vStackTop = (. + _StackSize)
 .stack         0x000000002002f000        0x0 /home/dimercur/Travail/git/insa-nxpcup/code/projet-2024/FRDM-K32L3A6_M0SLAVE/Debug/FRDM-K32L3A6_M0SLAVE.axf.o
                0x0000000000000000                _image_start = LOADADDR (.text)
                0x0000000000005480                _image_end = (LOADADDR (.data) + SIZEOF (.data))
                0x0000000000005480                _image_size = (_image_end - _image_start)
OUTPUT(FRDM-K32L3A60_MASTER.axf elf32-littlearm)
LOAD linker stubs

.debug_info     0x0000000000000000    0x19c53
 .debug_info    0x0000000000000000       0xaa ./utilities/fsl_assert.o
 .debug_info    0x00000000000000aa      0x9cc ./utilities/fsl_debug_console.o
 .debug_info    0x0000000000000a76      0x23c ./startup/boot_multicore_slave.o
 .debug_info    0x0000000000000cb2      0x71a ./startup/startup_k32l3a60_cm4.o
 .debug_info    0x00000000000013cc       0xaa ./source/FRDM-K32L3A60_MASTER.o
 .debug_info    0x0000000000001476       0x3c ./source/semihost_hardfault.o
 .debug_info    0x00000000000014b2      0x735 ./mcmgr/mcmgr.o
 .debug_info    0x0000000000001be7     0x150f ./mcmgr/mcmgr_internal_core_api_k32l3a6.o
 .debug_info    0x00000000000030f6      0x7c6 ./mcmgr/mcmgr_mu_internal.o
 .debug_info    0x00000000000038bc      0x4d9 ./freertos/freertos-kernel/portable/GCC/ARM_CM4F/port.o
 .debug_info    0x0000000000003d95     0x2565 ./freertos/freertos-kernel/tasks.o
 .debug_info    0x00000000000062fa     0x185c ./drivers/fsl_clock.o
 .debug_info    0x0000000000007b56     0x23c8 ./drivers/fsl_edma.o
 .debug_info    0x0000000000009f1e     0x136f ./drivers/fsl_flexio.o
 .debug_info    0x000000000000b28d     0x2a8c ./drivers/fsl_lpi2c.o
 .debug_info    0x000000000000dd19     0x262a ./drivers/fsl_lpspi.o
 .debug_info    0x0000000000010343     0x20b0 ./drivers/fsl_lpuart.o
 .debug_info    0x00000000000123f3     0x25db ./drivers/fsl_usdhc.o
 .debug_info    0x00000000000149ce      0x91c ./device/system_K32L3A60_cm4.o
 .debug_info    0x00000000000152ea      0xb19 ./component/uart/fsl_adapter_lpuart.o
 .debug_info    0x0000000000015e03      0xcae ./component/serial_manager/fsl_component_serial_manager.o
 .debug_info    0x0000000000016ab1      0x48c ./component/serial_manager/fsl_component_serial_port_uart.o
 .debug_info    0x0000000000016f3d      0x3a1 ./board/board.o
 .debug_info    0x00000000000172de     0x1059 ./board/clock_config.o
 .debug_info    0x0000000000018337      0xf6d ./board/peripherals.o
 .debug_info    0x00000000000192a4      0x9af ./board/pin_mux.o

.debug_abbrev   0x0000000000000000     0x37ca
 .debug_abbrev  0x0000000000000000       0x66 ./utilities/fsl_assert.o
 .debug_abbrev  0x0000000000000066      0x1f2 ./utilities/fsl_debug_console.o
 .debug_abbrev  0x0000000000000258      0x121 ./startup/boot_multicore_slave.o
 .debug_abbrev  0x0000000000000379      0x165 ./startup/startup_k32l3a60_cm4.o
 .debug_abbrev  0x00000000000004de       0x61 ./source/FRDM-K32L3A60_MASTER.o
 .debug_abbrev  0x000000000000053f       0x31 ./source/semihost_hardfault.o
 .debug_abbrev  0x0000000000000570      0x1c9 ./mcmgr/mcmgr.o
 .debug_abbrev  0x0000000000000739      0x34c ./mcmgr/mcmgr_internal_core_api_k32l3a6.o
 .debug_abbrev  0x0000000000000a85      0x22c ./mcmgr/mcmgr_mu_internal.o
 .debug_abbrev  0x0000000000000cb1      0x231 ./freertos/freertos-kernel/portable/GCC/ARM_CM4F/port.o
 .debug_abbrev  0x0000000000000ee2      0x2d7 ./freertos/freertos-kernel/tasks.o
 .debug_abbrev  0x00000000000011b9      0x2ef ./drivers/fsl_clock.o
 .debug_abbrev  0x00000000000014a8      0x3d4 ./drivers/fsl_edma.o
 .debug_abbrev  0x000000000000187c      0x2d6 ./drivers/fsl_flexio.o
 .debug_abbrev  0x0000000000001b52      0x374 ./drivers/fsl_lpi2c.o
 .debug_abbrev  0x0000000000001ec6      0x340 ./drivers/fsl_lpspi.o
 .debug_abbrev  0x0000000000002206      0x40a ./drivers/fsl_lpuart.o
 .debug_abbrev  0x0000000000002610      0x30d ./drivers/fsl_usdhc.o
 .debug_abbrev  0x000000000000291d      0x148 ./device/system_K32L3A60_cm4.o
 .debug_abbrev  0x0000000000002a65      0x1ad ./component/uart/fsl_adapter_lpuart.o
 .debug_abbrev  0x0000000000002c12      0x299 ./component/serial_manager/fsl_component_serial_manager.o
 .debug_abbrev  0x0000000000002eab      0x167 ./component/serial_manager/fsl_component_serial_port_uart.o
 .debug_abbrev  0x0000000000003012       0xea ./board/board.o
 .debug_abbrev  0x00000000000030fc      0x29e ./board/clock_config.o
 .debug_abbrev  0x000000000000339a      0x1a7 ./board/peripherals.o
 .debug_abbrev  0x0000000000003541      0x289 ./board/pin_mux.o

.debug_aranges  0x0000000000000000     0x14f8
 .debug_aranges
                0x0000000000000000       0x20 ./utilities/fsl_assert.o
 .debug_aranges
                0x0000000000000020       0x70 ./utilities/fsl_debug_console.o
 .debug_aranges
                0x0000000000000090       0x20 ./startup/boot_multicore_slave.o
 .debug_aranges
                0x00000000000000b0      0x270 ./startup/startup_k32l3a60_cm4.o
 .debug_aranges
                0x0000000000000320       0x20 ./source/FRDM-K32L3A60_MASTER.o
 .debug_aranges
                0x0000000000000340       0x20 ./source/semihost_hardfault.o
 .debug_aranges
                0x0000000000000360       0x90 ./mcmgr/mcmgr.o
 .debug_aranges
                0x00000000000003f0       0xa8 ./mcmgr/mcmgr_internal_core_api_k32l3a6.o
 .debug_aranges
                0x0000000000000498       0x98 ./mcmgr/mcmgr_mu_internal.o
 .debug_aranges
                0x0000000000000530       0x80 ./freertos/freertos-kernel/portable/GCC/ARM_CM4F/port.o
 .debug_aranges
                0x00000000000005b0      0x208 ./freertos/freertos-kernel/tasks.o
 .debug_aranges
                0x00000000000007b8       0xf0 ./drivers/fsl_clock.o
 .debug_aranges
                0x00000000000008a8      0x1f8 ./drivers/fsl_edma.o
 .debug_aranges
                0x0000000000000aa0       0xb8 ./drivers/fsl_flexio.o
 .debug_aranges
                0x0000000000000b58      0x208 ./drivers/fsl_lpi2c.o
 .debug_aranges
                0x0000000000000d60      0x1e8 ./drivers/fsl_lpspi.o
 .debug_aranges
                0x0000000000000f48      0x178 ./drivers/fsl_lpuart.o
 .debug_aranges
                0x00000000000010c0      0x180 ./drivers/fsl_usdhc.o
 .debug_aranges
                0x0000000000001240       0x30 ./device/system_K32L3A60_cm4.o
 .debug_aranges
                0x0000000000001270       0x58 ./component/uart/fsl_adapter_lpuart.o
 .debug_aranges
                0x00000000000012c8       0xa0 ./component/serial_manager/fsl_component_serial_manager.o
 .debug_aranges
                0x0000000000001368       0x48 ./component/serial_manager/fsl_component_serial_port_uart.o
 .debug_aranges
                0x00000000000013b0       0x28 ./board/board.o
 .debug_aranges
                0x00000000000013d8       0x68 ./board/clock_config.o
 .debug_aranges
                0x0000000000001440       0x38 ./board/peripherals.o
 .debug_aranges
                0x0000000000001478       0x80 ./board/pin_mux.o

.debug_ranges   0x0000000000000000     0x13b8
 .debug_ranges  0x0000000000000000       0x10 ./utilities/fsl_assert.o
 .debug_ranges  0x0000000000000010       0x60 ./utilities/fsl_debug_console.o
 .debug_ranges  0x0000000000000070       0x10 ./startup/boot_multicore_slave.o
 .debug_ranges  0x0000000000000080      0x260 ./startup/startup_k32l3a60_cm4.o
 .debug_ranges  0x00000000000002e0       0x10 ./source/FRDM-K32L3A60_MASTER.o
 .debug_ranges  0x00000000000002f0       0x10 ./source/semihost_hardfault.o
 .debug_ranges  0x0000000000000300       0x80 ./mcmgr/mcmgr.o
 .debug_ranges  0x0000000000000380       0xb0 ./mcmgr/mcmgr_internal_core_api_k32l3a6.o
 .debug_ranges  0x0000000000000430       0x88 ./mcmgr/mcmgr_mu_internal.o
 .debug_ranges  0x00000000000004b8       0x70 ./freertos/freertos-kernel/portable/GCC/ARM_CM4F/port.o
 .debug_ranges  0x0000000000000528      0x1f8 ./freertos/freertos-kernel/tasks.o
 .debug_ranges  0x0000000000000720       0xe0 ./drivers/fsl_clock.o
 .debug_ranges  0x0000000000000800      0x1e8 ./drivers/fsl_edma.o
 .debug_ranges  0x00000000000009e8       0xa8 ./drivers/fsl_flexio.o
 .debug_ranges  0x0000000000000a90      0x240 ./drivers/fsl_lpi2c.o
 .debug_ranges  0x0000000000000cd0      0x1d8 ./drivers/fsl_lpspi.o
 .debug_ranges  0x0000000000000ea8      0x168 ./drivers/fsl_lpuart.o
 .debug_ranges  0x0000000000001010      0x170 ./drivers/fsl_usdhc.o
 .debug_ranges  0x0000000000001180       0x20 ./device/system_K32L3A60_cm4.o
 .debug_ranges  0x00000000000011a0       0x48 ./component/uart/fsl_adapter_lpuart.o
 .debug_ranges  0x00000000000011e8       0x90 ./component/serial_manager/fsl_component_serial_manager.o
 .debug_ranges  0x0000000000001278       0x38 ./component/serial_manager/fsl_component_serial_port_uart.o
 .debug_ranges  0x00000000000012b0       0x18 ./board/board.o
 .debug_ranges  0x00000000000012c8       0x58 ./board/clock_config.o
 .debug_ranges  0x0000000000001320       0x28 ./board/peripherals.o
 .debug_ranges  0x0000000000001348       0x70 ./board/pin_mux.o

.debug_macro    0x0000000000000000    0x15d2f
 .debug_macro   0x0000000000000000      0x1c2 ./utilities/fsl_assert.o