../startup/startup_k32l3a60_cm4.c:337:6:data_init	4	static
../startup/startup_k32l3a60_cm4.c:346:6:bss_init	0	static
../startup/startup_k32l3a60_cm4.c:371:6:ResetISR	0	static
../startup/startup_k32l3a60_cm4.c:479:14:NMI_Handler	0	static
../startup/startup_k32l3a60_cm4.c:483:14:HardFault_Handler	0	static
../startup/startup_k32l3a60_cm4.c:487:14:SVC_Handler	0	static
../startup/startup_k32l3a60_cm4.c:491:14:PendSV_Handler	0	static
../startup/startup_k32l3a60_cm4.c:495:14:SysTick_Handler	0	static
../startup/startup_k32l3a60_cm4.c:503:14:IntDefaultHandler	0	static
../startup/startup_k32l3a60_cm4.c:513:11:CTI0_MCM0_IRQHandler	8	static
../startup/startup_k32l3a60_cm4.c:517:11:DMA0_IRQHandler	8	static
../startup/startup_k32l3a60_cm4.c:521:11:DMA1_IRQHandler	8	static
../startup/startup_k32l3a60_cm4.c:525:11:DMA2_IRQHandler	8	static
../startup/startup_k32l3a60_cm4.c:529:11:DMA3_IRQHandler	8	static
../startup/startup_k32l3a60_cm4.c:533:11:DMA4_IRQHandler	8	static
../startup/startup_k32l3a60_cm4.c:537:11:DMA5_IRQHandler	8	static
../startup/startup_k32l3a60_cm4.c:541:11:DMA6_IRQHandler	8	static
../startup/startup_k32l3a60_cm4.c:545:11:DMA7_IRQHandler	8	static
../startup/startup_k32l3a60_cm4.c:549:11:DMA8_IRQHandler	8	static
../startup/startup_k32l3a60_cm4.c:553:11:DMA9_IRQHandler	8	static
../startup/startup_k32l3a60_cm4.c:557:11:DMA10_IRQHandler	8	static
../startup/startup_k32l3a60_cm4.c:561:11:DMA11_IRQHandler	8	static
../startup/startup_k32l3a60_cm4.c:565:11:DMA12_IRQHandler	8	static
../startup/startup_k32l3a60_cm4.c:569:11:DMA13_IRQHandler	8	static
../startup/startup_k32l3a60_cm4.c:573:11:DMA14_IRQHandler	8	static
../startup/startup_k32l3a60_cm4.c:577:11:DMA15_IRQHandler	8	static
../startup/startup_k32l3a60_cm4.c:581:11:DMA0_Error_IRQHandler	8	static
../startup/startup_k32l3a60_cm4.c:585:11:MSMC_IRQHandler	8	static
../startup/startup_k32l3a60_cm4.c:589:11:EWM_IRQHandler	8	static
../startup/startup_k32l3a60_cm4.c:593:11:FTFE_Command_Complete_IRQHandler	8	static
../startup/startup_k32l3a60_cm4.c:597:11:FTFE_Read_Collision_IRQHandler	8	static
../startup/startup_k32l3a60_cm4.c:601:11:LLWU0_IRQHandler	8	static
../startup/startup_k32l3a60_cm4.c:605:11:MUA_IRQHandler	8	static
../startup/startup_k32l3a60_cm4.c:609:11:SPM_IRQHandler	8	static
../startup/startup_k32l3a60_cm4.c:613:11:WDOG0_IRQHandler	8	static
../startup/startup_k32l3a60_cm4.c:617:11:SCG_IRQHandler	8	static
../startup/startup_k32l3a60_cm4.c:621:11:LPIT0_IRQHandler	8	static
../startup/startup_k32l3a60_cm4.c:625:11:RTC_IRQHandler	8	static
../startup/startup_k32l3a60_cm4.c:629:11:LPTMR0_IRQHandler	8	static
../startup/startup_k32l3a60_cm4.c:633:11:LPTMR1_IRQHandler	8	static
../startup/startup_k32l3a60_cm4.c:637:11:TPM0_IRQHandler	8	static
../startup/startup_k32l3a60_cm4.c:641:11:TPM1_IRQHandler	8	static
../startup/startup_k32l3a60_cm4.c:645:11:TPM2_IRQHandler	8	static
../startup/startup_k32l3a60_cm4.c:649:11:EMVSIM0_IRQHandler	8	static
../startup/startup_k32l3a60_cm4.c:653:11:FLEXIO0_IRQHandler	8	static
../startup/startup_k32l3a60_cm4.c:657:11:LPI2C0_IRQHandler	8	static
../startup/startup_k32l3a60_cm4.c:661:11:LPI2C1_IRQHandler	8	static
../startup/startup_k32l3a60_cm4.c:665:11:LPI2C2_IRQHandler	8	static
../startup/startup_k32l3a60_cm4.c:669:11:I2S0_IRQHandler	8	static
../startup/startup_k32l3a60_cm4.c:673:11:USDHC0_IRQHandler	8	static
../startup/startup_k32l3a60_cm4.c:677:11:LPSPI0_IRQHandler	8	static
../startup/startup_k32l3a60_cm4.c:681:11:LPSPI1_IRQHandler	8	static
../startup/startup_k32l3a60_cm4.c:685:11:LPSPI2_IRQHandler	8	static
../startup/startup_k32l3a60_cm4.c:689:11:LPUART0_IRQHandler	8	static
../startup/startup_k32l3a60_cm4.c:693:11:LPUART1_IRQHandler	8	static
../startup/startup_k32l3a60_cm4.c:697:11:LPUART2_IRQHandler	8	static
../startup/startup_k32l3a60_cm4.c:701:11:USB0_IRQHandler	8	static
../startup/startup_k32l3a60_cm4.c:705:11:PORTA_IRQHandler	8	static
../startup/startup_k32l3a60_cm4.c:709:11:PORTB_IRQHandler	8	static
../startup/startup_k32l3a60_cm4.c:713:11:PORTC_IRQHandler	8	static
../startup/startup_k32l3a60_cm4.c:717:11:PORTD_IRQHandler	8	static
../startup/startup_k32l3a60_cm4.c:721:11:LPADC0_IRQHandler	8	static
../startup/startup_k32l3a60_cm4.c:725:11:LPCMP0_IRQHandler	8	static
../startup/startup_k32l3a60_cm4.c:729:11:LPDAC0_IRQHandler	8	static
../startup/startup_k32l3a60_cm4.c:733:11:CAU3_Task_Complete_IRQHandler	8	static
../startup/startup_k32l3a60_cm4.c:737:11:CAU3_Security_Violation_IRQHandler	8	static
../startup/startup_k32l3a60_cm4.c:741:11:TRNG_IRQHandler	8	static
../startup/startup_k32l3a60_cm4.c:745:11:LPIT1_IRQHandler	8	static
../startup/startup_k32l3a60_cm4.c:749:11:LPTMR2_IRQHandler	8	static
../startup/startup_k32l3a60_cm4.c:753:11:TPM3_IRQHandler	8	static
../startup/startup_k32l3a60_cm4.c:757:11:LPI2C3_IRQHandler	8	static
../startup/startup_k32l3a60_cm4.c:761:11:LPSPI3_IRQHandler	8	static
../startup/startup_k32l3a60_cm4.c:765:11:LPUART3_IRQHandler	8	static
../startup/startup_k32l3a60_cm4.c:769:11:PORTE_IRQHandler	8	static
../startup/startup_k32l3a60_cm4.c:773:11:LPCMP1_IRQHandler	8	static
