Archive member included because of file (symbol)

G:/Logiciels_travail/Codewarrior_NXP/CW MCU v11.1/MCU/ARM_GCC_Support/ewl/lib/armv6-m\libc.a(exit.o)
                              ./Project_Settings/Startup_Code/__arm_start.o (exit)
G:/Logiciels_travail/Codewarrior_NXP/CW MCU v11.1/MCU/ARM_GCC_Support/ewl/lib/armv6-m\libc.a(memset.o)
                              ./Project_Settings/Startup_Code/__arm_start.o (memset)
G:/Logiciels_travail/Codewarrior_NXP/CW MCU v11.1/MCU/ARM_GCC_Support/ewl/lib/armv6-m\libc.a(__filll_mem.o)
                              G:/Logiciels_travail/Codewarrior_NXP/CW MCU v11.1/MCU/ARM_GCC_Support/ewl/lib/armv6-m\libc.a(memset.o) (__fill_mem)
G:/Logiciels_travail/Codewarrior_NXP/CW MCU v11.1/MCU/ARM_GCC_Support/ewl/lib/armv6-m\libc.a(printformat_.o)
                              (__pformatter_)
G:/Logiciels_travail/Codewarrior_NXP/CW MCU v11.1/MCU/ARM_GCC_Support/ewl/lib/armv6-m\libc.a(scanformat_.o)
                              (__sformatter)
G:/Logiciels_travail/Codewarrior_NXP/CW MCU v11.1/MCU/ARM_GCC_Support/ewl/lib/armv6-m\libc.a(ctype_aeabi.o)
                              G:/Logiciels_travail/Codewarrior_NXP/CW MCU v11.1/MCU/ARM_GCC_Support/ewl/lib/armv6-m\libc.a(scanformat_.o) (isspace)
G:/Logiciels_travail/Codewarrior_NXP/CW MCU v11.1/MCU/ARM_GCC_Support/ewl/lib/armv6-m\libc.a(__strtoul.o)
                              G:/Logiciels_travail/Codewarrior_NXP/CW MCU v11.1/MCU/ARM_GCC_Support/ewl/lib/armv6-m\libc.a(scanformat_.o) (__strtoul)
G:/Logiciels_travail/Codewarrior_NXP/CW MCU v11.1/MCU/ARM_GCC_Support/ewl/lib/armv6-m\libc.a(strchr.o)
                              G:/Logiciels_travail/Codewarrior_NXP/CW MCU v11.1/MCU/ARM_GCC_Support/ewl/lib/armv6-m\libc.a(printformat_.o) (strchr)
G:/Logiciels_travail/Codewarrior_NXP/CW MCU v11.1/MCU/ARM_GCC_Support/ewl/lib/armv6-m\libc.a(memcpy.o)
                              G:/Logiciels_travail/Codewarrior_NXP/CW MCU v11.1/MCU/ARM_GCC_Support/ewl/lib/armv6-m\libc.a(scanformat_.o) (memcpy)
G:/Logiciels_travail/Codewarrior_NXP/CW MCU v11.1/MCU/ARM_GCC_Support/ewl/lib/armv6-m\libc.a(strlen.o)
                              G:/Logiciels_travail/Codewarrior_NXP/CW MCU v11.1/MCU/ARM_GCC_Support/ewl/lib/armv6-m\libc.a(printformat_.o) (strlen)
G:/Logiciels_travail/Codewarrior_NXP/CW MCU v11.1/MCU/ARM_GCC_Support/ewl/lib/armv6-m\libc.a(memchr.o)
                              G:/Logiciels_travail/Codewarrior_NXP/CW MCU v11.1/MCU/ARM_GCC_Support/ewl/lib/armv6-m\libc.a(printformat_.o) (memchr)
g:/logiciels_travail/codewarrior_nxp/cw mcu v11.1/cross_tools/arm-none-eabi-gcc-4_7_3/bin/../lib/gcc/arm-none-eabi/4.7.3/armv6-m\libgcc.a(_thumb1_case_sqi.o)
                              G:/Logiciels_travail/Codewarrior_NXP/CW MCU v11.1/MCU/ARM_GCC_Support/ewl/lib/armv6-m\libc.a(__strtoul.o) (__gnu_thumb1_case_sqi)
g:/logiciels_travail/codewarrior_nxp/cw mcu v11.1/cross_tools/arm-none-eabi-gcc-4_7_3/bin/../lib/gcc/arm-none-eabi/4.7.3/armv6-m\libgcc.a(_thumb1_case_uqi.o)
                              G:/Logiciels_travail/Codewarrior_NXP/CW MCU v11.1/MCU/ARM_GCC_Support/ewl/lib/armv6-m\libc.a(scanformat_.o) (__gnu_thumb1_case_uqi)
g:/logiciels_travail/codewarrior_nxp/cw mcu v11.1/cross_tools/arm-none-eabi-gcc-4_7_3/bin/../lib/gcc/arm-none-eabi/4.7.3/armv6-m\libgcc.a(_udivsi3.o)
                              G:/Logiciels_travail/Codewarrior_NXP/CW MCU v11.1/MCU/ARM_GCC_Support/ewl/lib/armv6-m\libc.a(printformat_.o) (__aeabi_uidiv)
g:/logiciels_travail/codewarrior_nxp/cw mcu v11.1/cross_tools/arm-none-eabi-gcc-4_7_3/bin/../lib/gcc/arm-none-eabi/4.7.3/armv6-m\libgcc.a(_dvmd_tls.o)
                              g:/logiciels_travail/codewarrior_nxp/cw mcu v11.1/cross_tools/arm-none-eabi-gcc-4_7_3/bin/../lib/gcc/arm-none-eabi/4.7.3/armv6-m\libgcc.a(_udivsi3.o) (__aeabi_idiv0)
G:/Logiciels_travail/Codewarrior_NXP/CW MCU v11.1/MCU/ARM_GCC_Support/ewl/lib/armv6-m\librt.a(gcc_ctor_dtor.o)
                              ./Project_Settings/Startup_Code/__arm_start.o (__init_cpp)
G:/Logiciels_travail/Codewarrior_NXP/CW MCU v11.1/MCU/ARM_GCC_Support/ewl/lib/armv6-m\librt.a(__arm_eabi_init.o)
                              G:/Logiciels_travail/Codewarrior_NXP/CW MCU v11.1/MCU/ARM_GCC_Support/ewl/lib/armv6-m\libc.a(exit.o) (__destroy_global_chain)
G:/Logiciels_travail/Codewarrior_NXP/CW MCU v11.1/MCU/ARM_GCC_Support/ewl/lib/armv6-m\librt.a(ROMCopy.o)
                              ./Project_Settings/Startup_Code/__arm_start.o (__copy_rom_sections_to_ram)

Allocating common symbols
Common symbol       size              file

CompareData_classic
                    0x4               ./Sources/camera.o
j                   0x4               ./Sources/camera.o
gaussian1           0x4               ./Sources/camera.o
ImageDataDifference
                    0x200             ./Sources/camera.o
CompareData_low     0x4               ./Sources/camera.o
validate_gradient   0x4               ./Sources/camera.o
CompareData_high    0x4               ./Sources/camera.o
temp_reg            0x4               ./Sources/main.o
gaussian2           0x4               ./Sources/camera.o
ImageData           0x200             ./Sources/camera.o

Discarded input sections

 .text          0x00000000        0x0 ./Project_Settings/Startup_Code/kinetis_sysinit.o
 .data          0x00000000        0x0 ./Project_Settings/Startup_Code/kinetis_sysinit.o
 .bss           0x00000000        0x0 ./Project_Settings/Startup_Code/kinetis_sysinit.o
 .text          0x00000000        0x0 ./Project_Settings/Startup_Code/__arm_start.o
 .data          0x00000000        0x0 ./Project_Settings/Startup_Code/__arm_start.o
 .bss           0x00000000        0x0 ./Project_Settings/Startup_Code/__arm_start.o
 .text.__iar_program_start
                0x00000000        0x4 ./Project_Settings/Startup_Code/__arm_start.o
 .text          0x00000000        0x0 ./Project_Settings/Startup_Code/__arm_end.o
 .data          0x00000000        0x0 ./Project_Settings/Startup_Code/__arm_end.o
 .bss           0x00000000        0x0 ./Project_Settings/Startup_Code/__arm_end.o
 .text          0x00000000        0x0 ./Sources/sa_mtb.o
 .data          0x00000000        0x0 ./Sources/sa_mtb.o
 .bss           0x00000000        0x0 ./Sources/sa_mtb.o
 .debug_info    0x00000000       0x21 ./Sources/sa_mtb.o
 .debug_abbrev  0x00000000       0x12 ./Sources/sa_mtb.o
 .debug_aranges
                0x00000000       0x18 ./Sources/sa_mtb.o
 .debug_macinfo
                0x00000000     0x24d8 ./Sources/sa_mtb.o
 .debug_line    0x00000000       0xc2 ./Sources/sa_mtb.o
 .debug_str     0x00000000       0xe7 ./Sources/sa_mtb.o
 .comment       0x00000000       0x7a ./Sources/sa_mtb.o
 .ARM.attributes
                0x00000000       0x31 ./Sources/sa_mtb.o
 .text          0x00000000        0x0 ./Sources/movement.o
 .data          0x00000000        0x0 ./Sources/movement.o
 .bss           0x00000000        0x0 ./Sources/movement.o
 .text          0x00000000        0x0 ./Sources/main.o
 .data          0x00000000        0x0 ./Sources/main.o
 .bss           0x00000000        0x0 ./Sources/main.o
 .bss.count_time
                0x00000000        0x4 ./Sources/main.o
 .text          0x00000000        0x0 ./Sources/camera.o
 .data          0x00000000        0x0 ./Sources/camera.o
 .bss           0x00000000        0x0 ./Sources/camera.o
 .text          0x00000000        0x0 G:/Logiciels_travail/Codewarrior_NXP/CW MCU v11.1/MCU/ARM_GCC_Support/ewl/lib/armv6-m\libc.a(exit.o)
 .data          0x00000000        0x0 G:/Logiciels_travail/Codewarrior_NXP/CW MCU v11.1/MCU/ARM_GCC_Support/ewl/lib/armv6-m\libc.a(exit.o)
 .bss           0x00000000        0x0 G:/Logiciels_travail/Codewarrior_NXP/CW MCU v11.1/MCU/ARM_GCC_Support/ewl/lib/armv6-m\libc.a(exit.o)
 .text          0x00000000        0x0 G:/Logiciels_travail/Codewarrior_NXP/CW MCU v11.1/MCU/ARM_GCC_Support/ewl/lib/armv6-m\libc.a(memset.o)
 .data          0x00000000        0x0 G:/Logiciels_travail/Codewarrior_NXP/CW MCU v11.1/MCU/ARM_GCC_Support/ewl/lib/armv6-m\libc.a(memset.o)
 .bss           0x00000000        0x0 G:/Logiciels_travail/Codewarrior_NXP/CW MCU v11.1/MCU/ARM_GCC_Support/ewl/lib/armv6-m\libc.a(memset.o)
 .text          0x00000000        0x0 G:/Logiciels_travail/Codewarrior_NXP/CW MCU v11.1/MCU/ARM_GCC_Support/ewl/lib/armv6-m\libc.a(__filll_mem.o)
 .data          0x00000000        0x0 G:/Logiciels_travail/Codewarrior_NXP/CW MCU v11.1/MCU/ARM_GCC_Support/ewl/lib/armv6-m\libc.a(__filll_mem.o)
 .bss           0x00000000        0x0 G:/Logiciels_travail/Codewarrior_NXP/CW MCU v11.1/MCU/ARM_GCC_Support/ewl/lib/armv6-m\libc.a(__filll_mem.o)
 .text          0x00000000        0x0 G:/Logiciels_travail/Codewarrior_NXP/CW MCU v11.1/MCU/ARM_GCC_Support/ewl/lib/armv6-m\libc.a(printformat_.o)
 .data          0x00000000        0x0 G:/Logiciels_travail/Codewarrior_NXP/CW MCU v11.1/MCU/ARM_GCC_Support/ewl/lib/armv6-m\libc.a(printformat_.o)
 .bss           0x00000000        0x0 G:/Logiciels_travail/Codewarrior_NXP/CW MCU v11.1/MCU/ARM_GCC_Support/ewl/lib/armv6-m\libc.a(printformat_.o)
 .text          0x00000000        0x0 G:/Logiciels_travail/Codewarrior_NXP/CW MCU v11.1/MCU/ARM_GCC_Support/ewl/lib/armv6-m\libc.a(scanformat_.o)
 .data          0x00000000        0x0 G:/Logiciels_travail/Codewarrior_NXP/CW MCU v11.1/MCU/ARM_GCC_Support/ewl/lib/armv6-m\libc.a(scanformat_.o)
 .bss           0x00000000        0x0 G:/Logiciels_travail/Codewarrior_NXP/CW MCU v11.1/MCU/ARM_GCC_Support/ewl/lib/armv6-m\libc.a(scanformat_.o)
 .text          0x00000000        0x0 G:/Logiciels_travail/Codewarrior_NXP/CW MCU v11.1/MCU/ARM_GCC_Support/ewl/lib/armv6-m\libc.a(ctype_aeabi.o)
 .data          0x00000000        0x0 G:/Logiciels_travail/Codewarrior_NXP/CW MCU v11.1/MCU/ARM_GCC_Support/ewl/lib/armv6-m\libc.a(ctype_aeabi.o)
 .bss           0x00000000        0x0 G:/Logiciels_travail/Codewarrior_NXP/CW MCU v11.1/MCU/ARM_GCC_Support/ewl/lib/armv6-m\libc.a(ctype_aeabi.o)
 .text.isalnum  0x00000000       0x1c G:/Logiciels_travail/Codewarrior_NXP/CW MCU v11.1/MCU/ARM_GCC_Support/ewl/lib/armv6-m\libc.a(ctype_aeabi.o)
 .text.iscntrl  0x00000000       0x20 G:/Logiciels_travail/Codewarrior_NXP/CW MCU v11.1/MCU/ARM_GCC_Support/ewl/lib/armv6-m\libc.a(ctype_aeabi.o)
 .text.isdigit  0x00000000        0xe G:/Logiciels_travail/Codewarrior_NXP/CW MCU v11.1/MCU/ARM_GCC_Support/ewl/lib/armv6-m\libc.a(ctype_aeabi.o)
 .text.isgraph  0x00000000       0x1c G:/Logiciels_travail/Codewarrior_NXP/CW MCU v11.1/MCU/ARM_GCC_Support/ewl/lib/armv6-m\libc.a(ctype_aeabi.o)
 .text.islower  0x00000000       0x20 G:/Logiciels_travail/Codewarrior_NXP/CW MCU v11.1/MCU/ARM_GCC_Support/ewl/lib/armv6-m\libc.a(ctype_aeabi.o)
 .text.isprint  0x00000000       0x1c G:/Logiciels_travail/Codewarrior_NXP/CW MCU v11.1/MCU/ARM_GCC_Support/ewl/lib/armv6-m\libc.a(ctype_aeabi.o)
 .text.ispunct  0x00000000       0x20 G:/Logiciels_travail/Codewarrior_NXP/CW MCU v11.1/MCU/ARM_GCC_Support/ewl/lib/armv6-m\libc.a(ctype_aeabi.o)
 .text.isupper  0x00000000       0x20 G:/Logiciels_travail/Codewarrior_NXP/CW MCU v11.1/MCU/ARM_GCC_Support/ewl/lib/armv6-m\libc.a(ctype_aeabi.o)
 .text.isxdigit
                0x00000000       0x20 G:/Logiciels_travail/Codewarrior_NXP/CW MCU v11.1/MCU/ARM_GCC_Support/ewl/lib/armv6-m\libc.a(ctype_aeabi.o)
 .text.isblank  0x00000000       0x28 G:/Logiciels_travail/Codewarrior_NXP/CW MCU v11.1/MCU/ARM_GCC_Support/ewl/lib/armv6-m\libc.a(ctype_aeabi.o)
 .text.tolower  0x00000000        0xe G:/Logiciels_travail/Codewarrior_NXP/CW MCU v11.1/MCU/ARM_GCC_Support/ewl/lib/armv6-m\libc.a(ctype_aeabi.o)
 .text          0x00000000        0x0 G:/Logiciels_travail/Codewarrior_NXP/CW MCU v11.1/MCU/ARM_GCC_Support/ewl/lib/armv6-m\libc.a(__strtoul.o)
 .data          0x00000000        0x0 G:/Logiciels_travail/Codewarrior_NXP/CW MCU v11.1/MCU/ARM_GCC_Support/ewl/lib/armv6-m\libc.a(__strtoul.o)
 .bss           0x00000000        0x0 G:/Logiciels_travail/Codewarrior_NXP/CW MCU v11.1/MCU/ARM_GCC_Support/ewl/lib/armv6-m\libc.a(__strtoul.o)
 .text          0x00000000        0x0 G:/Logiciels_travail/Codewarrior_NXP/CW MCU v11.1/MCU/ARM_GCC_Support/ewl/lib/armv6-m\libc.a(strchr.o)
 .data          0x00000000        0x0 G:/Logiciels_travail/Codewarrior_NXP/CW MCU v11.1/MCU/ARM_GCC_Support/ewl/lib/armv6-m\libc.a(strchr.o)
 .bss           0x00000000        0x0 G:/Logiciels_travail/Codewarrior_NXP/CW MCU v11.1/MCU/ARM_GCC_Support/ewl/lib/armv6-m\libc.a(strchr.o)
 .text          0x00000000        0x0 G:/Logiciels_travail/Codewarrior_NXP/CW MCU v11.1/MCU/ARM_GCC_Support/ewl/lib/armv6-m\libc.a(memcpy.o)
 .data          0x00000000        0x0 G:/Logiciels_travail/Codewarrior_NXP/CW MCU v11.1/MCU/ARM_GCC_Support/ewl/lib/armv6-m\libc.a(memcpy.o)
 .bss           0x00000000        0x0 G:/Logiciels_travail/Codewarrior_NXP/CW MCU v11.1/MCU/ARM_GCC_Support/ewl/lib/armv6-m\libc.a(memcpy.o)
 .text          0x00000000        0x0 G:/Logiciels_travail/Codewarrior_NXP/CW MCU v11.1/MCU/ARM_GCC_Support/ewl/lib/armv6-m\libc.a(strlen.o)
 .data          0x00000000        0x0 G:/Logiciels_travail/Codewarrior_NXP/CW MCU v11.1/MCU/ARM_GCC_Support/ewl/lib/armv6-m\libc.a(strlen.o)
 .bss           0x00000000        0x0 G:/Logiciels_travail/Codewarrior_NXP/CW MCU v11.1/MCU/ARM_GCC_Support/ewl/lib/armv6-m\libc.a(strlen.o)
 .text          0x00000000        0x0 G:/Logiciels_travail/Codewarrior_NXP/CW MCU v11.1/MCU/ARM_GCC_Support/ewl/lib/armv6-m\libc.a(memchr.o)
 .data          0x00000000        0x0 G:/Logiciels_travail/Codewarrior_NXP/CW MCU v11.1/MCU/ARM_GCC_Support/ewl/lib/armv6-m\libc.a(memchr.o)
 .bss           0x00000000        0x0 G:/Logiciels_travail/Codewarrior_NXP/CW MCU v11.1/MCU/ARM_GCC_Support/ewl/lib/armv6-m\libc.a(memchr.o)
 .data          0x00000000        0x0 g:/logiciels_travail/codewarrior_nxp/cw mcu v11.1/cross_tools/arm-none-eabi-gcc-4_7_3/bin/../lib/gcc/arm-none-eabi/4.7.3/armv6-m\libgcc.a(_thumb1_case_sqi.o)
 .bss           0x00000000        0x0 g:/logiciels_travail/codewarrior_nxp/cw mcu v11.1/cross_tools/arm-none-eabi-gcc-4_7_3/bin/../lib/gcc/arm-none-eabi/4.7.3/armv6-m\libgcc.a(_thumb1_case_sqi.o)
 .data          0x00000000        0x0 g:/logiciels_travail/codewarrior_nxp/cw mcu v11.1/cross_tools/arm-none-eabi-gcc-4_7_3/bin/../lib/gcc/arm-none-eabi/4.7.3/armv6-m\libgcc.a(_thumb1_case_uqi.o)
 .bss           0x00000000        0x0 g:/logiciels_travail/codewarrior_nxp/cw mcu v11.1/cross_tools/arm-none-eabi-gcc-4_7_3/bin/../lib/gcc/arm-none-eabi/4.7.3/armv6-m\libgcc.a(_thumb1_case_uqi.o)
 .data          0x00000000        0x0 g:/logiciels_travail/codewarrior_nxp/cw mcu v11.1/cross_tools/arm-none-eabi-gcc-4_7_3/bin/../lib/gcc/arm-none-eabi/4.7.3/armv6-m\libgcc.a(_udivsi3.o)
 .bss           0x00000000        0x0 g:/logiciels_travail/codewarrior_nxp/cw mcu v11.1/cross_tools/arm-none-eabi-gcc-4_7_3/bin/../lib/gcc/arm-none-eabi/4.7.3/armv6-m\libgcc.a(_udivsi3.o)
 .data          0x00000000        0x0 g:/logiciels_travail/codewarrior_nxp/cw mcu v11.1/cross_tools/arm-none-eabi-gcc-4_7_3/bin/../lib/gcc/arm-none-eabi/4.7.3/armv6-m\libgcc.a(_dvmd_tls.o)
 .bss           0x00000000        0x0 g:/logiciels_travail/codewarrior_nxp/cw mcu v11.1/cross_tools/arm-none-eabi-gcc-4_7_3/bin/../lib/gcc/arm-none-eabi/4.7.3/armv6-m\libgcc.a(_dvmd_tls.o)
 .text          0x00000000        0x0 G:/Logiciels_travail/Codewarrior_NXP/CW MCU v11.1/MCU/ARM_GCC_Support/ewl/lib/armv6-m\librt.a(gcc_ctor_dtor.o)
 .data          0x00000000        0x0 G:/Logiciels_travail/Codewarrior_NXP/CW MCU v11.1/MCU/ARM_GCC_Support/ewl/lib/armv6-m\librt.a(gcc_ctor_dtor.o)
 .bss           0x00000000        0x0 G:/Logiciels_travail/Codewarrior_NXP/CW MCU v11.1/MCU/ARM_GCC_Support/ewl/lib/armv6-m\librt.a(gcc_ctor_dtor.o)
 .bss.__dso_handle
                0x00000000        0x4 G:/Logiciels_travail/Codewarrior_NXP/CW MCU v11.1/MCU/ARM_GCC_Support/ewl/lib/armv6-m\librt.a(gcc_ctor_dtor.o)
 .text          0x00000000        0x0 G:/Logiciels_travail/Codewarrior_NXP/CW MCU v11.1/MCU/ARM_GCC_Support/ewl/lib/armv6-m\librt.a(__arm_eabi_init.o)
 .data          0x00000000        0x0 G:/Logiciels_travail/Codewarrior_NXP/CW MCU v11.1/MCU/ARM_GCC_Support/ewl/lib/armv6-m\librt.a(__arm_eabi_init.o)
 .bss           0x00000000        0x0 G:/Logiciels_travail/Codewarrior_NXP/CW MCU v11.1/MCU/ARM_GCC_Support/ewl/lib/armv6-m\librt.a(__arm_eabi_init.o)
 .text.__register_global_object
                0x00000000       0x14 G:/Logiciels_travail/Codewarrior_NXP/CW MCU v11.1/MCU/ARM_GCC_Support/ewl/lib/armv6-m\librt.a(__arm_eabi_init.o)
 .text.__cxa_atexit
                0x00000000       0x38 G:/Logiciels_travail/Codewarrior_NXP/CW MCU v11.1/MCU/ARM_GCC_Support/ewl/lib/armv6-m\librt.a(__arm_eabi_init.o)
 .text.__aeabi_atexit
                0x00000000        0xe G:/Logiciels_travail/Codewarrior_NXP/CW MCU v11.1/MCU/ARM_GCC_Support/ewl/lib/armv6-m\librt.a(__arm_eabi_init.o)
 .text.__register_atexit
                0x00000000        0xc G:/Logiciels_travail/Codewarrior_NXP/CW MCU v11.1/MCU/ARM_GCC_Support/ewl/lib/armv6-m\librt.a(__arm_eabi_init.o)
 .text.__init_hardware
                0x00000000        0x4 G:/Logiciels_travail/Codewarrior_NXP/CW MCU v11.1/MCU/ARM_GCC_Support/ewl/lib/armv6-m\librt.a(__arm_eabi_init.o)
 .bss.atexit_curr_func
                0x00000000        0x4 G:/Logiciels_travail/Codewarrior_NXP/CW MCU v11.1/MCU/ARM_GCC_Support/ewl/lib/armv6-m\librt.a(__arm_eabi_init.o)
 .bss.atexit_funcs
                0x00000000      0x300 G:/Logiciels_travail/Codewarrior_NXP/CW MCU v11.1/MCU/ARM_GCC_Support/ewl/lib/armv6-m\librt.a(__arm_eabi_init.o)
 .text          0x00000000        0x0 G:/Logiciels_travail/Codewarrior_NXP/CW MCU v11.1/MCU/ARM_GCC_Support/ewl/lib/armv6-m\librt.a(ROMCopy.o)
 .data          0x00000000        0x0 G:/Logiciels_travail/Codewarrior_NXP/CW MCU v11.1/MCU/ARM_GCC_Support/ewl/lib/armv6-m\librt.a(ROMCopy.o)
 .bss           0x00000000        0x0 G:/Logiciels_travail/Codewarrior_NXP/CW MCU v11.1/MCU/ARM_GCC_Support/ewl/lib/armv6-m\librt.a(ROMCopy.o)
 .text.__flush_cache
                0x00000000        0x2 G:/Logiciels_travail/Codewarrior_NXP/CW MCU v11.1/MCU/ARM_GCC_Support/ewl/lib/armv6-m\librt.a(ROMCopy.o)

Memory Configuration

Name             Origin             Length             Attributes
m_interrupts     0x00000000         0x000000c0         xr
m_cfmprotrom     0x00000400         0x00000010         xr
m_text           0x00000800         0x0000f800         xr
m_data           0x1ffff800         0x00002000         xrw
*default*        0x00000000         0xffffffff

Linker script and memory map

LOAD ./Project_Settings/Startup_Code/kinetis_sysinit.o
LOAD ./Project_Settings/Startup_Code/__arm_start.o
LOAD ./Project_Settings/Startup_Code/__arm_end.o
LOAD ./Sources/sa_mtb.o
LOAD ./Sources/movement.o
LOAD ./Sources/main.o
LOAD ./Sources/camera.o
                0x00001688                __pformatter = __pformatter_
                [0x00001ab0]                __sformatter = __sformatter
START GROUP
LOAD G:/Logiciels_travail/Codewarrior_NXP/CW MCU v11.1/MCU/ARM_GCC_Support/ewl/lib/armv6-m\libc.a
LOAD G:/Logiciels_travail/Codewarrior_NXP/CW MCU v11.1/MCU/ARM_GCC_Support/ewl/lib/armv6-m\libm.a
LOAD g:/logiciels_travail/codewarrior_nxp/cw mcu v11.1/cross_tools/arm-none-eabi-gcc-4_7_3/bin/../lib/gcc/arm-none-eabi/4.7.3/armv6-m\libgcc.a
LOAD G:/Logiciels_travail/Codewarrior_NXP/CW MCU v11.1/MCU/ARM_GCC_Support/ewl/lib/armv6-m\librt.a
LOAD G:/Logiciels_travail/Codewarrior_NXP/CW MCU v11.1/MCU/ARM_GCC_Support/ewl/lib/armv6-m\libuart.a
END GROUP
                0x20001800                _estack = 0x20001800
                0x20001800                __SP_INIT = _estack
                0x00000100                __heap_size = 0x100
                0x00000100                __stack_size = 0x100

.interrupts     0x00000000       0xc0
                0x00000000                __vector_table = .
                0x00000000                . = ALIGN (0x4)
 *(.vectortable)
 .vectortable   0x00000000       0xc0 ./Project_Settings/Startup_Code/kinetis_sysinit.o
                0x00000000                InterruptVector
                0x000000c0                . = ALIGN (0x4)

.cfmprotect     0x00000400        0x0
                0x00000400                . = ALIGN (0x4)
 *(.cfmconfig)
                0x00000400                . = ALIGN (0x4)

.text           0x00000800     0x1e00
                0x00000800                . = ALIGN (0x4)
 *(.text)
 .text          0x00000800       0x14 g:/logiciels_travail/codewarrior_nxp/cw mcu v11.1/cross_tools/arm-none-eabi-gcc-4_7_3/bin/../lib/gcc/arm-none-eabi/4.7.3/armv6-m\libgcc.a(_thumb1_case_sqi.o)
                0x00000800                __gnu_thumb1_case_sqi
 .text          0x00000814       0x14 g:/logiciels_travail/codewarrior_nxp/cw mcu v11.1/cross_tools/arm-none-eabi-gcc-4_7_3/bin/../lib/gcc/arm-none-eabi/4.7.3/armv6-m\libgcc.a(_thumb1_case_uqi.o)
                0x00000814                __gnu_thumb1_case_uqi
 .text          0x00000828       0x9c g:/logiciels_travail/codewarrior_nxp/cw mcu v11.1/cross_tools/arm-none-eabi-gcc-4_7_3/bin/../lib/gcc/arm-none-eabi/4.7.3/armv6-m\libgcc.a(_udivsi3.o)
                0x00000828                __aeabi_uidiv
                0x00000828                __udivsi3
                0x000008b0                __aeabi_uidivmod
 .text          0x000008c4        0x4 g:/logiciels_travail/codewarrior_nxp/cw mcu v11.1/cross_tools/arm-none-eabi-gcc-4_7_3/bin/../lib/gcc/arm-none-eabi/4.7.3/armv6-m\libgcc.a(_dvmd_tls.o)
                0x000008c4                __aeabi_idiv0
                0x000008c4                __aeabi_ldiv0
 *(.text*)
 .text.Default_Handler
                0x000008c8        0xc ./Project_Settings/Startup_Code/kinetis_sysinit.o
                0x000008c8                RTC_Alarm_IRQHandler
                0x000008c8                I2C0_IRQHandler
                0x000008c8                HardFault_Handler
                0x000008c8                SysTick_Handler
                0x000008c8                PendSV_Handler
                0x000008c8                NMI_Handler
                0x000008c8                I2C1_IRQHandler
                0x000008c8                UART1_IRQHandler
                0x000008c8                DMA2_IRQHandler
                0x000008c8                TSI0_IRQHandler
                0x000008c8                UART0_IRQHandler
                0x000008c8                ADC0_IRQHandler
                0x000008c8                SPI1_IRQHandler
                0x000008c8                PORTD_IRQHandler
                0x000008c8                LPTimer_IRQHandler
                0x000008c8                RTC_Seconds_IRQHandler
                0x000008c8                MCG_IRQHandler
                0x000008c8                UART2_IRQHandler
                0x000008c8                Default_Handler
                0x000008c8                LLW_IRQHandler
                0x000008c8                PIT_IRQHandler
                0x000008c8                SVC_Handler
                0x000008c8                USBOTG_IRQHandler
                0x000008c8                DMA3_IRQHandler
                0x000008c8                DMA0_IRQHandler
                0x000008c8                DAC0_IRQHandler
                0x000008c8                PMC_IRQHandler
                0x000008c8                SPI0_IRQHandler
                0x000008c8                FTM0_IRQHandler
                0x000008c8                PORTA_IRQHandler
                0x000008c8                MCM_IRQHandler
                0x000008c8                FTFL_IRQHandler
                0x000008c8                FTM2_IRQHandler
                0x000008c8                CMP0_IRQHandler
                0x000008c8                DMA1_IRQHandler
 .text.__init_hardware
                0x000008d4       0x2c ./Project_Settings/Startup_Code/kinetis_sysinit.o
                0x000008d4                __init_hardware
 .text.zero_fill_bss
                0x00000900       0x24 ./Project_Settings/Startup_Code/__arm_start.o
 .text.__thumb_startup
                0x00000924       0x30 ./Project_Settings/Startup_Code/__arm_start.o
                0x00000924                __thumb_startup
 .text._ExitProcess
                0x00000954        0xc ./Project_Settings/Startup_Code/__arm_end.o
                0x00000954                _ExitProcess
 .text.middlecalculate
                0x00000960       0xd8 ./Sources/movement.o
                0x00000960                middlecalculate
 .text.main     0x00000a38      0x3c0 ./Sources/main.o
                0x00000a38                main
 .text.FTM1_IRQHandler
                0x00000df8      0x140 ./Sources/main.o
                0x00000df8                FTM1_IRQHandler
 .text.fill_ImageDataDifference
                0x00000f38       0x70 ./Sources/camera.o
                0x00000f38                fill_ImageDataDifference
 .text.image_processing
                0x00000fa8      0x37c ./Sources/camera.o
                0x00000fa8                image_processing
 .text.ImageCapture
                0x00001324      0x104 ./Sources/camera.o
                0x00001324                ImageCapture
 .text.exit     0x00001428       0x38 G:/Logiciels_travail/Codewarrior_NXP/CW MCU v11.1/MCU/ARM_GCC_Support/ewl/lib/armv6-m\libc.a(exit.o)
                0x00001428                exit
 .text.memset   0x00001460        0xc G:/Logiciels_travail/Codewarrior_NXP/CW MCU v11.1/MCU/ARM_GCC_Support/ewl/lib/armv6-m\libc.a(memset.o)
                0x00001460                memset
 .text.__fill_mem
                0x0000146c       0x7e G:/Logiciels_travail/Codewarrior_NXP/CW MCU v11.1/MCU/ARM_GCC_Support/ewl/lib/armv6-m\libc.a(__filll_mem.o)
                0x0000146c                __fill_mem
 *fill*         0x000014ea        0x2 00
 .text.long2str.isra.0
                0x000014ec      0x19c G:/Logiciels_travail/Codewarrior_NXP/CW MCU v11.1/MCU/ARM_GCC_Support/ewl/lib/armv6-m\libc.a(printformat_.o)
 .text.__pformatter_
                0x00001688      0x428 G:/Logiciels_travail/Codewarrior_NXP/CW MCU v11.1/MCU/ARM_GCC_Support/ewl/lib/armv6-m\libc.a(printformat_.o)
                0x00001688                __pformatter_
 .text.__sformatter
                0x00001ab0      0x698 G:/Logiciels_travail/Codewarrior_NXP/CW MCU v11.1/MCU/ARM_GCC_Support/ewl/lib/armv6-m\libc.a(scanformat_.o)
                0x00001ab0                __sformatter
 .text.isalpha  0x00002148       0x20 G:/Logiciels_travail/Codewarrior_NXP/CW MCU v11.1/MCU/ARM_GCC_Support/ewl/lib/armv6-m\libc.a(ctype_aeabi.o)
                0x00002148                isalpha
 .text.isspace  0x00002168       0x20 G:/Logiciels_travail/Codewarrior_NXP/CW MCU v11.1/MCU/ARM_GCC_Support/ewl/lib/armv6-m\libc.a(ctype_aeabi.o)
                0x00002168                isspace
 .text.toupper  0x00002188        0xe G:/Logiciels_travail/Codewarrior_NXP/CW MCU v11.1/MCU/ARM_GCC_Support/ewl/lib/armv6-m\libc.a(ctype_aeabi.o)
                0x00002188                toupper
 .text.__strtoul
                0x00002196      0x1ce G:/Logiciels_travail/Codewarrior_NXP/CW MCU v11.1/MCU/ARM_GCC_Support/ewl/lib/armv6-m\libc.a(__strtoul.o)
                0x00002196                __strtoul
 .text.strchr   0x00002364       0x1e G:/Logiciels_travail/Codewarrior_NXP/CW MCU v11.1/MCU/ARM_GCC_Support/ewl/lib/armv6-m\libc.a(strchr.o)
                0x00002364                strchr
 .text.memcpy   0x00002382       0x12 G:/Logiciels_travail/Codewarrior_NXP/CW MCU v11.1/MCU/ARM_GCC_Support/ewl/lib/armv6-m\libc.a(memcpy.o)
                0x00002382                memcpy
 .text.strlen   0x00002394       0x10 G:/Logiciels_travail/Codewarrior_NXP/CW MCU v11.1/MCU/ARM_GCC_Support/ewl/lib/armv6-m\libc.a(strlen.o)
                0x00002394                strlen
 .text.memchr   0x000023a4       0x1a G:/Logiciels_travail/Codewarrior_NXP/CW MCU v11.1/MCU/ARM_GCC_Support/ewl/lib/armv6-m\libc.a(memchr.o)
                0x000023a4                memchr
 *fill*         0x000023be        0x2 00
 .text.__init_cpp
                0x000023c0       0x48 G:/Logiciels_travail/Codewarrior_NXP/CW MCU v11.1/MCU/ARM_GCC_Support/ewl/lib/armv6-m\librt.a(gcc_ctor_dtor.o)
                0x000023c0                __init_cpp
 .text.__fini_cpp
                0x00002408       0x34 G:/Logiciels_travail/Codewarrior_NXP/CW MCU v11.1/MCU/ARM_GCC_Support/ewl/lib/armv6-m\librt.a(gcc_ctor_dtor.o)
                0x00002408                __fini_cpp
 .text.__destroy_global_chain
                0x0000243c       0x1c G:/Logiciels_travail/Codewarrior_NXP/CW MCU v11.1/MCU/ARM_GCC_Support/ewl/lib/armv6-m\librt.a(__arm_eabi_init.o)
                0x0000243c                __destroy_global_chain
 .text.__init_registers
                0x00002458       0x1c G:/Logiciels_travail/Codewarrior_NXP/CW MCU v11.1/MCU/ARM_GCC_Support/ewl/lib/armv6-m\librt.a(__arm_eabi_init.o)
                0x00002458                __init_registers
 .text.__init_user
                0x00002474        0x4 G:/Logiciels_travail/Codewarrior_NXP/CW MCU v11.1/MCU/ARM_GCC_Support/ewl/lib/armv6-m\librt.a(__arm_eabi_init.o)
                0x00002474                __init_user
 .text.__copy_rom_section
                0x00002478       0x48 G:/Logiciels_travail/Codewarrior_NXP/CW MCU v11.1/MCU/ARM_GCC_Support/ewl/lib/armv6-m\librt.a(ROMCopy.o)
                0x00002478                __copy_rom_section
 .text.__copy_rom_sections_to_ram
                0x000024c0       0x34 G:/Logiciels_travail/Codewarrior_NXP/CW MCU v11.1/MCU/ARM_GCC_Support/ewl/lib/armv6-m\librt.a(ROMCopy.o)
                0x000024c0                __copy_rom_sections_to_ram
 *(.rodata)
 *(.rodata*)
 .rodata.str1.1
                0x000024f4        0x1 G:/Logiciels_travail/Codewarrior_NXP/CW MCU v11.1/MCU/ARM_GCC_Support/ewl/lib/armv6-m\libc.a(printformat_.o)
 .rodata.CSWTCH.20
                0x000024f5        0x5 G:/Logiciels_travail/Codewarrior_NXP/CW MCU v11.1/MCU/ARM_GCC_Support/ewl/lib/armv6-m\libc.a(printformat_.o)
 .rodata.CSWTCH.21
                0x000024fa        0x5 G:/Logiciels_travail/Codewarrior_NXP/CW MCU v11.1/MCU/ARM_GCC_Support/ewl/lib/armv6-m\libc.a(printformat_.o)
 .rodata.__aeabi_ctype_table_C
                0x000024ff      0x101 G:/Logiciels_travail/Codewarrior_NXP/CW MCU v11.1/MCU/ARM_GCC_Support/ewl/lib/armv6-m\libc.a(ctype_aeabi.o)
                0x000024ff                __aeabi_ctype_table_C
 *(.glue_7)
 .glue_7        0x00000000        0x0 linker stubs
 *(.glue_7t)
 .glue_7t       0x00000000        0x0 linker stubs
 *(.eh_frame)
 *(.init)
 *(.fini)
                0x00002600                . = ALIGN (0x4)
                0x00002600                _etext = .

.vfp11_veneer   0x00002600        0x0
 .vfp11_veneer  0x00000000        0x0 linker stubs

.v4_bx          0x00002600        0x0
 .v4_bx         0x00000000        0x0 linker stubs

.iplt           0x00002600        0x0
 .iplt          0x00000000        0x0 ./Project_Settings/Startup_Code/kinetis_sysinit.o

.rel.dyn        0x00002600        0x0
 .rel.iplt      0x00000000        0x0 ./Project_Settings/Startup_Code/kinetis_sysinit.o

.ARM.extab
 *(.ARM.extab* .gnu.linkonce.armextab.*)

.ARM            0x00002600        0x0
                0x00002600                __exidx_start = .
 *(.ARM.exidx*)
                0x00002600                __exidx_end = .

.ctors          0x00002600        0x0
                0x00002600                __CTOR_LIST__ = .
 *crtbegin.o(.ctors)
 *(EXCLUDE_FILE(*crtend.o) .ctors)
 *(SORT(.ctors.*))
 *(.ctors)
                0x00002600                __CTOR_END__ = .

.dtors          0x00002600        0x0
                0x00002600                __DTOR_LIST__ = .
 *crtbegin.o(.dtors)
 *(EXCLUDE_FILE(*crtend.o) .dtors)
 *(SORT(.dtors.*))
 *(.dtors)
                0x00002600                __DTOR_END__ = .

.preinit_array  0x00002600        0x0
                0x00002600                PROVIDE (__preinit_array_start, .)
 *(.preinit_array*)
                0x00002600                PROVIDE (__preinit_array_end, .)

.init_array     0x00002600        0x0
                0x00002600                PROVIDE (__init_array_start, .)
 *(SORT(.init_array.*))
 *(.init_array*)
                0x00002600                PROVIDE (__init_array_end, .)

.fini_array     0x00002600        0x0
                0x00002600                PROVIDE (__fini_array_start, .)
 *(SORT(.fini_array.*))
 *(.fini_array*)
                0x00002600                PROVIDE (__fini_array_end, .)
                0x00002600                ___ROM_AT = .

.mtb            0x1ffff800        0x0
                0x1ffff800                . = ALIGN (0x8)
                0x1ffff800                _mtb_start = .
 *(.mtb_buf)
                0x1ffff800                . = ALIGN (0x8)
                0x1ffff800                _mtb_end = .

.data           0x1ffff800        0x8 load address 0x00002600
                0x1ffff800                . = ALIGN (0x4)
                0x1ffff800                _sdata = .
 *(.data)
 *(.data*)
 .data.servo_base
                0x1ffff800        0x4 ./Sources/main.o
                0x1ffff800                servo_base
 .data.BlackLineRight
                0x1ffff804        0x4 ./Sources/main.o
                0x1ffff804                BlackLineRight
                0x1ffff808                . = ALIGN (0x4)
                0x1ffff808                _edata = .
                0x00000008                ___data_size = (_edata - _sdata)

.igot.plt       0x1ffff808        0x0 load address 0x00002608
 .igot.plt      0x00000000        0x0 ./Project_Settings/Startup_Code/kinetis_sysinit.o
                0x1ffff808                . = ALIGN (0x4)

.bss            0x1ffff808      0x45c load address 0x00002608
                0x1ffff808                __START_BSS = .
                0x1ffff808                PROVIDE (__bss_start__, __START_BSS)
 *(.bss)
 *(.bss*)
 .bss.argv      0x1ffff808        0x4 ./Project_Settings/Startup_Code/__arm_start.o
 .bss.i         0x1ffff80c        0x4 ./Sources/movement.o
                0x1ffff80c                i
 .bss.diff      0x1ffff810        0x4 ./Sources/main.o
                0x1ffff810                diff
 .bss.diff_old  0x1ffff814        0x4 ./Sources/main.o
                0x1ffff814                diff_old
 .bss.servo_position
                0x1ffff818        0x4 ./Sources/main.o
                0x1ffff818                servo_position
 .bss.RoadMiddle
                0x1ffff81c        0x4 ./Sources/main.o
                0x1ffff81c                RoadMiddle
 .bss.RoadMiddle_old
                0x1ffff820        0x4 ./Sources/main.o
                0x1ffff820                RoadMiddle_old
 .bss.BlackLineLeft
                0x1ffff824        0x4 ./Sources/main.o
                0x1ffff824                BlackLineLeft
 .bss.number_edges
                0x1ffff828        0x4 ./Sources/main.o
                0x1ffff828                number_edges
 .bss.__stdio_exit
                0x1ffff82c        0x4 G:/Logiciels_travail/Codewarrior_NXP/CW MCU v11.1/MCU/ARM_GCC_Support/ewl/lib/armv6-m\libc.a(exit.o)
                0x1ffff82c                __stdio_exit
 .bss.__console_exit
                0x1ffff830        0x4 G:/Logiciels_travail/Codewarrior_NXP/CW MCU v11.1/MCU/ARM_GCC_Support/ewl/lib/armv6-m\libc.a(exit.o)
                0x1ffff830                __console_exit
 .bss.__global_destructor_chain
                0x1ffff834        0x4 G:/Logiciels_travail/Codewarrior_NXP/CW MCU v11.1/MCU/ARM_GCC_Support/ewl/lib/armv6-m\librt.a(__arm_eabi_init.o)
                0x1ffff834                __global_destructor_chain
 .bss.__S_romp  0x1ffff838        0xc G:/Logiciels_travail/Codewarrior_NXP/CW MCU v11.1/MCU/ARM_GCC_Support/ewl/lib/armv6-m\librt.a(ROMCopy.o)
 *(COMMON)
 COMMON         0x1ffff844        0x4 ./Sources/main.o
                0x1ffff844                temp_reg
 COMMON         0x1ffff848      0x41c ./Sources/camera.o
                0x1ffff848                CompareData_classic
                0x1ffff84c                j
                0x1ffff850                gaussian1
                0x1ffff854                ImageDataDifference
                0x1ffffa54                CompareData_low
                0x1ffffa58                validate_gradient
                0x1ffffa5c                CompareData_high
                0x1ffffa60                gaussian2
                0x1ffffa64                ImageData
                0x1ffffc64                . = ALIGN (0x4)
                0x1ffffc64                __END_BSS = .
                0x1ffffc64                PROVIDE (__bss_end__, __END_BSS)
                0x00002608                _romp_at = (___ROM_AT + SIZEOF (.data))

.romp           0x1ffffc64       0x18 load address 0x00002608
                0x00002608                __S_romp = _romp_at
                0x1ffffc64        0x4 LONG 0x2600 ___ROM_AT
                0x1ffffc68        0x4 LONG 0x1ffff800 _sdata
                0x1ffffc6c        0x4 LONG 0x8 ___data_size
                0x1ffffc70        0x4 LONG 0x0
                0x1ffffc74        0x4 LONG 0x0
                0x1ffffc78        0x4 LONG 0x0

._user_heap_stack
                0x1ffffc7c      0x200 load address 0x00002620
                0x1ffffc7c                . = ALIGN (0x4)
                0x1ffffc7c                PROVIDE (end, .)
                0x1ffffc7c                PROVIDE (_end, .)
                0x1ffffc7c                __heap_addr = .
                0x1ffffd7c                . = (. + __heap_size)
 *fill*         0x1ffffc7c      0x100 00
                0x1ffffe7c                . = (. + __stack_size)
 *fill*         0x1ffffd7c      0x100 00
                0x1ffffe7c                . = ALIGN (0x4)

.ARM.attributes
                0x00000000       0x31
 *(.ARM.attributes)
 .ARM.attributes
                0x00000000       0x31 ./Project_Settings/Startup_Code/kinetis_sysinit.o
 .ARM.attributes
                0x00000031       0x31 ./Project_Settings/Startup_Code/__arm_start.o
 .ARM.attributes
                0x00000062       0x31 ./Project_Settings/Startup_Code/__arm_end.o
 .ARM.attributes
                0x00000093       0x31 ./Sources/movement.o
 .ARM.attributes
                0x000000c4       0x31 ./Sources/main.o
 .ARM.attributes
                0x000000f5       0x31 ./Sources/camera.o
 .ARM.attributes
                0x00000126       0x31 G:/Logiciels_travail/Codewarrior_NXP/CW MCU v11.1/MCU/ARM_GCC_Support/ewl/lib/armv6-m\libc.a(exit.o)
 .ARM.attributes
                0x00000157       0x31 G:/Logiciels_travail/Codewarrior_NXP/CW MCU v11.1/MCU/ARM_GCC_Support/ewl/lib/armv6-m\libc.a(memset.o)
 .ARM.attributes
                0x00000188       0x31 G:/Logiciels_travail/Codewarrior_NXP/CW MCU v11.1/MCU/ARM_GCC_Support/ewl/lib/armv6-m\libc.a(__filll_mem.o)
 .ARM.attributes
                0x000001b9       0x31 G:/Logiciels_travail/Codewarrior_NXP/CW MCU v11.1/MCU/ARM_GCC_Support/ewl/lib/armv6-m\libc.a(printformat_.o)
 .ARM.attributes
                0x000001ea       0x31 G:/Logiciels_travail/Codewarrior_NXP/CW MCU v11.1/MCU/ARM_GCC_Support/ewl/lib/armv6-m\libc.a(scanformat_.o)
 .ARM.attributes
                0x0000021b       0x31 G:/Logiciels_travail/Codewarrior_NXP/CW MCU v11.1/MCU/ARM_GCC_Support/ewl/lib/armv6-m\libc.a(ctype_aeabi.o)
 .ARM.attributes
                0x0000024c       0x31 G:/Logiciels_travail/Codewarrior_NXP/CW MCU v11.1/MCU/ARM_GCC_Support/ewl/lib/armv6-m\libc.a(__strtoul.o)
 .ARM.attributes
                0x0000027d       0x31 G:/Logiciels_travail/Codewarrior_NXP/CW MCU v11.1/MCU/ARM_GCC_Support/ewl/lib/armv6-m\libc.a(strchr.o)
 .ARM.attributes
                0x000002ae       0x31 G:/Logiciels_travail/Codewarrior_NXP/CW MCU v11.1/MCU/ARM_GCC_Support/ewl/lib/armv6-m\libc.a(memcpy.o)
 .ARM.attributes
                0x000002df       0x31 G:/Logiciels_travail/Codewarrior_NXP/CW MCU v11.1/MCU/ARM_GCC_Support/ewl/lib/armv6-m\libc.a(strlen.o)
 .ARM.attributes
                0x00000310       0x31 G:/Logiciels_travail/Codewarrior_NXP/CW MCU v11.1/MCU/ARM_GCC_Support/ewl/lib/armv6-m\libc.a(memchr.o)
 .ARM.attributes
                0x00000341       0x1e g:/logiciels_travail/codewarrior_nxp/cw mcu v11.1/cross_tools/arm-none-eabi-gcc-4_7_3/bin/../lib/gcc/arm-none-eabi/4.7.3/armv6-m\libgcc.a(_thumb1_case_sqi.o)
 .ARM.attributes
                0x0000035f       0x1e g:/logiciels_travail/codewarrior_nxp/cw mcu v11.1/cross_tools/arm-none-eabi-gcc-4_7_3/bin/../lib/gcc/arm-none-eabi/4.7.3/armv6-m\libgcc.a(_thumb1_case_uqi.o)
 .ARM.attributes
                0x0000037d       0x1e g:/logiciels_travail/codewarrior_nxp/cw mcu v11.1/cross_tools/arm-none-eabi-gcc-4_7_3/bin/../lib/gcc/arm-none-eabi/4.7.3/armv6-m\libgcc.a(_udivsi3.o)
 .ARM.attributes
                0x0000039b       0x1e g:/logiciels_travail/codewarrior_nxp/cw mcu v11.1/cross_tools/arm-none-eabi-gcc-4_7_3/bin/../lib/gcc/arm-none-eabi/4.7.3/armv6-m\libgcc.a(_dvmd_tls.o)
 .ARM.attributes
                0x000003b9       0x31 G:/Logiciels_travail/Codewarrior_NXP/CW MCU v11.1/MCU/ARM_GCC_Support/ewl/lib/armv6-m\librt.a(gcc_ctor_dtor.o)
 .ARM.attributes
                0x000003ea       0x31 G:/Logiciels_travail/Codewarrior_NXP/CW MCU v11.1/MCU/ARM_GCC_Support/ewl/lib/armv6-m\librt.a(__arm_eabi_init.o)
 .ARM.attributes
                0x0000041b       0x31 G:/Logiciels_travail/Codewarrior_NXP/CW MCU v11.1/MCU/ARM_GCC_Support/ewl/lib/armv6-m\librt.a(ROMCopy.o)
OUTPUT(2019_03_08_CodeFonctions_V1.elf elf32-littlearm)

.debug_info     0x00000000     0x309e
 .debug_info    0x00000000      0x447 ./Project_Settings/Startup_Code/kinetis_sysinit.o
 .debug_info    0x00000447      0x12a ./Project_Settings/Startup_Code/__arm_start.o
 .debug_info    0x00000571       0x54 ./Project_Settings/Startup_Code/__arm_end.o
 .debug_info    0x000005c5      0x11d ./Sources/movement.o
 .debug_info    0x000006e2      0x968 ./Sources/main.o
 .debug_info    0x0000104a      0x43c ./Sources/camera.o
 .debug_info    0x00001486       0xe8 G:/Logiciels_travail/Codewarrior_NXP/CW MCU v11.1/MCU/ARM_GCC_Support/ewl/lib/armv6-m\libc.a(exit.o)
 .debug_info    0x0000156e       0xec G:/Logiciels_travail/Codewarrior_NXP/CW MCU v11.1/MCU/ARM_GCC_Support/ewl/lib/armv6-m\libc.a(memset.o)
 .debug_info    0x0000165a      0x137 G:/Logiciels_travail/Codewarrior_NXP/CW MCU v11.1/MCU/ARM_GCC_Support/ewl/lib/armv6-m\libc.a(__filll_mem.o)
 .debug_info    0x00001791      0x50d G:/Logiciels_travail/Codewarrior_NXP/CW MCU v11.1/MCU/ARM_GCC_Support/ewl/lib/armv6-m\libc.a(printformat_.o)
 .debug_info    0x00001c9e      0x568 G:/Logiciels_travail/Codewarrior_NXP/CW MCU v11.1/MCU/ARM_GCC_Support/ewl/lib/armv6-m\libc.a(scanformat_.o)
 .debug_info    0x00002206      0x313 G:/Logiciels_travail/Codewarrior_NXP/CW MCU v11.1/MCU/ARM_GCC_Support/ewl/lib/armv6-m\libc.a(ctype_aeabi.o)
 .debug_info    0x00002519      0x1d6 G:/Logiciels_travail/Codewarrior_NXP/CW MCU v11.1/MCU/ARM_GCC_Support/ewl/lib/armv6-m\libc.a(__strtoul.o)
 .debug_info    0x000026ef      0x10b G:/Logiciels_travail/Codewarrior_NXP/CW MCU v11.1/MCU/ARM_GCC_Support/ewl/lib/armv6-m\libc.a(strchr.o)
 .debug_info    0x000027fa      0x10f G:/Logiciels_travail/Codewarrior_NXP/CW MCU v11.1/MCU/ARM_GCC_Support/ewl/lib/armv6-m\libc.a(memcpy.o)
 .debug_info    0x00002909       0xea G:/Logiciels_travail/Codewarrior_NXP/CW MCU v11.1/MCU/ARM_GCC_Support/ewl/lib/armv6-m\libc.a(strlen.o)
 .debug_info    0x000029f3      0x121 G:/Logiciels_travail/Codewarrior_NXP/CW MCU v11.1/MCU/ARM_GCC_Support/ewl/lib/armv6-m\libc.a(memchr.o)
 .debug_info    0x00002b14      0x136 G:/Logiciels_travail/Codewarrior_NXP/CW MCU v11.1/MCU/ARM_GCC_Support/ewl/lib/armv6-m\librt.a(gcc_ctor_dtor.o)
 .debug_info    0x00002c4a      0x2b9 G:/Logiciels_travail/Codewarrior_NXP/CW MCU v11.1/MCU/ARM_GCC_Support/ewl/lib/armv6-m\librt.a(__arm_eabi_init.o)
 .debug_info    0x00002f03      0x19b G:/Logiciels_travail/Codewarrior_NXP/CW MCU v11.1/MCU/ARM_GCC_Support/ewl/lib/armv6-m\librt.a(ROMCopy.o)

.debug_abbrev   0x00000000     0x10bc
 .debug_abbrev  0x00000000       0xe7 ./Project_Settings/Startup_Code/kinetis_sysinit.o
 .debug_abbrev  0x000000e7       0x92 ./Project_Settings/Startup_Code/__arm_start.o
 .debug_abbrev  0x00000179       0x4c ./Project_Settings/Startup_Code/__arm_end.o
 .debug_abbrev  0x000001c5       0x68 ./Sources/movement.o
 .debug_abbrev  0x0000022d      0x12f ./Sources/main.o
 .debug_abbrev  0x0000035c      0x132 ./Sources/camera.o
 .debug_abbrev  0x0000048e       0x7a G:/Logiciels_travail/Codewarrior_NXP/CW MCU v11.1/MCU/ARM_GCC_Support/ewl/lib/armv6-m\libc.a(exit.o)
 .debug_abbrev  0x00000508       0x62 G:/Logiciels_travail/Codewarrior_NXP/CW MCU v11.1/MCU/ARM_GCC_Support/ewl/lib/armv6-m\libc.a(memset.o)
 .debug_abbrev  0x0000056a       0x78 G:/Logiciels_travail/Codewarrior_NXP/CW MCU v11.1/MCU/ARM_GCC_Support/ewl/lib/armv6-m\libc.a(__filll_mem.o)
 .debug_abbrev  0x000005e2      0x200 G:/Logiciels_travail/Codewarrior_NXP/CW MCU v11.1/MCU/ARM_GCC_Support/ewl/lib/armv6-m\libc.a(printformat_.o)
 .debug_abbrev  0x000007e2      0x1f0 G:/Logiciels_travail/Codewarrior_NXP/CW MCU v11.1/MCU/ARM_GCC_Support/ewl/lib/armv6-m\libc.a(scanformat_.o)
 .debug_abbrev  0x000009d2       0x9e G:/Logiciels_travail/Codewarrior_NXP/CW MCU v11.1/MCU/ARM_GCC_Support/ewl/lib/armv6-m\libc.a(ctype_aeabi.o)
 .debug_abbrev  0x00000a70       0xc2 G:/Logiciels_travail/Codewarrior_NXP/CW MCU v11.1/MCU/ARM_GCC_Support/ewl/lib/armv6-m\libc.a(__strtoul.o)
 .debug_abbrev  0x00000b32       0x7a G:/Logiciels_travail/Codewarrior_NXP/CW MCU v11.1/MCU/ARM_GCC_Support/ewl/lib/armv6-m\libc.a(strchr.o)
 .debug_abbrev  0x00000bac       0x95 G:/Logiciels_travail/Codewarrior_NXP/CW MCU v11.1/MCU/ARM_GCC_Support/ewl/lib/armv6-m\libc.a(memcpy.o)
 .debug_abbrev  0x00000c41       0x7a G:/Logiciels_travail/Codewarrior_NXP/CW MCU v11.1/MCU/ARM_GCC_Support/ewl/lib/armv6-m\libc.a(strlen.o)
 .debug_abbrev  0x00000cbb       0x95 G:/Logiciels_travail/Codewarrior_NXP/CW MCU v11.1/MCU/ARM_GCC_Support/ewl/lib/armv6-m\libc.a(memchr.o)
 .debug_abbrev  0x00000d50       0x99 G:/Logiciels_travail/Codewarrior_NXP/CW MCU v11.1/MCU/ARM_GCC_Support/ewl/lib/armv6-m\librt.a(gcc_ctor_dtor.o)
 .debug_abbrev  0x00000de9      0x1b3 G:/Logiciels_travail/Codewarrior_NXP/CW MCU v11.1/MCU/ARM_GCC_Support/ewl/lib/armv6-m\librt.a(__arm_eabi_init.o)
 .debug_abbrev  0x00000f9c      0x120 G:/Logiciels_travail/Codewarrior_NXP/CW MCU v11.1/MCU/ARM_GCC_Support/ewl/lib/armv6-m\librt.a(ROMCopy.o)

.debug_loc      0x00000000     0x28df
 .debug_loc     0x00000000       0x58 ./Project_Settings/Startup_Code/kinetis_sysinit.o
 .debug_loc     0x00000058       0x2c ./Project_Settings/Startup_Code/__arm_start.o
 .debug_loc     0x00000084       0x38 ./Project_Settings/Startup_Code/__arm_end.o
 .debug_loc     0x000000bc       0x38 ./Sources/movement.o
 .debug_loc     0x000000f4       0x64 ./Sources/main.o
 .debug_loc     0x00000158       0x9c ./Sources/camera.o
 .debug_loc     0x000001f4       0x3e G:/Logiciels_travail/Codewarrior_NXP/CW MCU v11.1/MCU/ARM_GCC_Support/ewl/lib/armv6-m\libc.a(exit.o)
 .debug_loc     0x00000232       0x6f G:/Logiciels_travail/Codewarrior_NXP/CW MCU v11.1/MCU/ARM_GCC_Support/ewl/lib/armv6-m\libc.a(memset.o)
 .debug_loc     0x000002a1      0x14a G:/Logiciels_travail/Codewarrior_NXP/CW MCU v11.1/MCU/ARM_GCC_Support/ewl/lib/armv6-m\libc.a(__filll_mem.o)
 .debug_loc     0x000003eb     0x104b G:/Logiciels_travail/Codewarrior_NXP/CW MCU v11.1/MCU/ARM_GCC_Support/ewl/lib/armv6-m\libc.a(printformat_.o)
 .debug_loc     0x00001436      0x9d8 G:/Logiciels_travail/Codewarrior_NXP/CW MCU v11.1/MCU/ARM_GCC_Support/ewl/lib/armv6-m\libc.a(scanformat_.o)
 .debug_loc     0x00001e0e      0x30d G:/Logiciels_travail/Codewarrior_NXP/CW MCU v11.1/MCU/ARM_GCC_Support/ewl/lib/armv6-m\libc.a(ctype_aeabi.o)
 .debug_loc     0x0000211b      0x305 G:/Logiciels_travail/Codewarrior_NXP/CW MCU v11.1/MCU/ARM_GCC_Support/ewl/lib/armv6-m\libc.a(__strtoul.o)
 .debug_loc     0x00002420       0xaf G:/Logiciels_travail/Codewarrior_NXP/CW MCU v11.1/MCU/ARM_GCC_Support/ewl/lib/armv6-m\libc.a(strchr.o)
 .debug_loc     0x000024cf       0x59 G:/Logiciels_travail/Codewarrior_NXP/CW MCU v11.1/MCU/ARM_GCC_Support/ewl/lib/armv6-m\libc.a(memcpy.o)
 .debug_loc     0x00002528       0x33 G:/Logiciels_travail/Codewarrior_NXP/CW MCU v11.1/MCU/ARM_GCC_Support/ewl/lib/armv6-m\libc.a(strlen.o)
 .debug_loc     0x0000255b       0x77 G:/Logiciels_travail/Codewarrior_NXP/CW MCU v11.1/MCU/ARM_GCC_Support/ewl/lib/armv6-m\libc.a(memchr.o)
 .debug_loc     0x000025d2       0x9d G:/Logiciels_travail/Codewarrior_NXP/CW MCU v11.1/MCU/ARM_GCC_Support/ewl/lib/armv6-m\librt.a(gcc_ctor_dtor.o)
 .debug_loc     0x0000266f      0x197 G:/Logiciels_travail/Codewarrior_NXP/CW MCU v11.1/MCU/ARM_GCC_Support/ewl/lib/armv6-m\librt.a(__arm_eabi_init.o)
 .debug_loc     0x00002806       0xd9 G:/Logiciels_travail/Codewarrior_NXP/CW MCU v11.1/MCU/ARM_GCC_Support/ewl/lib/armv6-m\librt.a(ROMCopy.o)

.debug_aranges  0x00000000      0x370
 .debug_aranges
                0x00000000       0x28 ./Project_Settings/Startup_Code/kinetis_sysinit.o
 .debug_aranges
                0x00000028       0x30 ./Project_Settings/Startup_Code/__arm_start.o
 .debug_aranges
                0x00000058       0x20 ./Project_Settings/Startup_Code/__arm_end.o
 .debug_aranges
                0x00000078       0x20 ./Sources/movement.o
 .debug_aranges
                0x00000098       0x28 ./Sources/main.o
 .debug_aranges
                0x000000c0       0x30 ./Sources/camera.o
 .debug_aranges
                0x000000f0       0x20 G:/Logiciels_travail/Codewarrior_NXP/CW MCU v11.1/MCU/ARM_GCC_Support/ewl/lib/armv6-m\libc.a(exit.o)
 .debug_aranges
                0x00000110       0x20 G:/Logiciels_travail/Codewarrior_NXP/CW MCU v11.1/MCU/ARM_GCC_Support/ewl/lib/armv6-m\libc.a(memset.o)
 .debug_aranges
                0x00000130       0x20 G:/Logiciels_travail/Codewarrior_NXP/CW MCU v11.1/MCU/ARM_GCC_Support/ewl/lib/armv6-m\libc.a(__filll_mem.o)
 .debug_aranges
                0x00000150       0x28 G:/Logiciels_travail/Codewarrior_NXP/CW MCU v11.1/MCU/ARM_GCC_Support/ewl/lib/armv6-m\libc.a(printformat_.o)
 .debug_aranges
                0x00000178       0x20 G:/Logiciels_travail/Codewarrior_NXP/CW MCU v11.1/MCU/ARM_GCC_Support/ewl/lib/armv6-m\libc.a(scanformat_.o)
 .debug_aranges
                0x00000198       0x88 G:/Logiciels_travail/Codewarrior_NXP/CW MCU v11.1/MCU/ARM_GCC_Support/ewl/lib/armv6-m\libc.a(ctype_aeabi.o)
 .debug_aranges
                0x00000220       0x20 G:/Logiciels_travail/Codewarrior_NXP/CW MCU v11.1/MCU/ARM_GCC_Support/ewl/lib/armv6-m\libc.a(__strtoul.o)
 .debug_aranges
                0x00000240       0x20 G:/Logiciels_travail/Codewarrior_NXP/CW MCU v11.1/MCU/ARM_GCC_Support/ewl/lib/armv6-m\libc.a(strchr.o)
 .debug_aranges
                0x00000260       0x20 G:/Logiciels_travail/Codewarrior_NXP/CW MCU v11.1/MCU/ARM_GCC_Support/ewl/lib/armv6-m\libc.a(memcpy.o)
 .debug_aranges
                0x00000280       0x20 G:/Logiciels_travail/Codewarrior_NXP/CW MCU v11.1/MCU/ARM_GCC_Support/ewl/lib/armv6-m\libc.a(strlen.o)
 .debug_aranges
                0x000002a0       0x20 G:/Logiciels_travail/Codewarrior_NXP/CW MCU v11.1/MCU/ARM_GCC_Support/ewl/lib/armv6-m\libc.a(memchr.o)
 .debug_aranges
                0x000002c0       0x28 G:/Logiciels_travail/Codewarrior_NXP/CW MCU v11.1/MCU/ARM_GCC_Support/ewl/lib/armv6-m\librt.a(gcc_ctor_dtor.o)
 .debug_aranges
                0x000002e8       0x58 G:/Logiciels_travail/Codewarrior_NXP/CW MCU v11.1/MCU/ARM_GCC_Support/ewl/lib/armv6-m\librt.a(__arm_eabi_init.o)
 .debug_aranges
                0x00000340       0x30 G:/Logiciels_travail/Codewarrior_NXP/CW MCU v11.1/MCU/ARM_GCC_Support/ewl/lib/armv6-m\librt.a(ROMCopy.o)

.debug_macinfo  0x00000000    0xa69c9
 .debug_macinfo
                0x00000000    0x264f0 ./Project_Settings/Startup_Code/kinetis_sysinit.o
 .debug_macinfo
                0x000264f0     0x3e6d ./Project_Settings/Startup_Code/__arm_start.o
 .debug_macinfo
                0x0002a35d     0x3456 ./Project_Settings/Startup_Code/__arm_end.o
 .debug_macinfo
                0x0002d7b3    0x28076 ./Sources/movement.o
 .debug_macinfo
                0x00055829    0x288ea ./Sources/main.o
 .debug_macinfo
                0x0007e113    0x288b6 ./Sources/camera.o

.debug_line     0x00000000     0x234c
 .debug_line    0x00000000      0x298 ./Project_Settings/Startup_Code/kinetis_sysinit.o
 .debug_line    0x00000298      0x31b ./Project_Settings/Startup_Code/__arm_start.o
 .debug_line    0x000005b3      0x2c5 ./Project_Settings/Startup_Code/__arm_end.o
 .debug_line    0x00000878      0x30c ./Sources/movement.o
 .debug_line    0x00000b84      0x452 ./Sources/main.o
 .debug_line    0x00000fd6      0x49a ./Sources/camera.o
 .debug_line    0x00001470       0x8d G:/Logiciels_travail/Codewarrior_NXP/CW MCU v11.1/MCU/ARM_GCC_Support/ewl/lib/armv6-m\libc.a(exit.o)
 .debug_line    0x000014fd       0x90 G:/Logiciels_travail/Codewarrior_NXP/CW MCU v11.1/MCU/ARM_GCC_Support/ewl/lib/armv6-m\libc.a(memset.o)
 .debug_line    0x0000158d       0xf6 G:/Logiciels_travail/Codewarrior_NXP/CW MCU v11.1/MCU/ARM_GCC_Support/ewl/lib/armv6-m\libc.a(__filll_mem.o)
 .debug_line    0x00001683      0x2c3 G:/Logiciels_travail/Codewarrior_NXP/CW MCU v11.1/MCU/ARM_GCC_Support/ewl/lib/armv6-m\libc.a(printformat_.o)
 .debug_line    0x00001946      0x2be G:/Logiciels_travail/Codewarrior_NXP/CW MCU v11.1/MCU/ARM_GCC_Support/ewl/lib/armv6-m\libc.a(scanformat_.o)
 .debug_line    0x00001c04      0x1be G:/Logiciels_travail/Codewarrior_NXP/CW MCU v11.1/MCU/ARM_GCC_Support/ewl/lib/armv6-m\libc.a(ctype_aeabi.o)
 .debug_line    0x00001dc2      0x11e G:/Logiciels_travail/Codewarrior_NXP/CW MCU v11.1/MCU/ARM_GCC_Support/ewl/lib/armv6-m\libc.a(__strtoul.o)
 .debug_line    0x00001ee0       0x7d G:/Logiciels_travail/Codewarrior_NXP/CW MCU v11.1/MCU/ARM_GCC_Support/ewl/lib/armv6-m\libc.a(strchr.o)
 .debug_line    0x00001f5d       0x8b G:/Logiciels_travail/Codewarrior_NXP/CW MCU v11.1/MCU/ARM_GCC_Support/ewl/lib/armv6-m\libc.a(memcpy.o)
 .debug_line    0x00001fe8       0x85 G:/Logiciels_travail/Codewarrior_NXP/CW MCU v11.1/MCU/ARM_GCC_Support/ewl/lib/armv6-m\libc.a(strlen.o)
 .debug_line    0x0000206d       0x9f G:/Logiciels_travail/Codewarrior_NXP/CW MCU v11.1/MCU/ARM_GCC_Support/ewl/lib/armv6-m\libc.a(memchr.o)
 .debug_line    0x0000210c       0x6c G:/Logiciels_travail/Codewarrior_NXP/CW MCU v11.1/MCU/ARM_GCC_Support/ewl/lib/armv6-m\librt.a(gcc_ctor_dtor.o)
 .debug_line    0x00002178      0x117 G:/Logiciels_travail/Codewarrior_NXP/CW MCU v11.1/MCU/ARM_GCC_Support/ewl/lib/armv6-m\librt.a(__arm_eabi_init.o)
 .debug_line    0x0000228f       0xbd G:/Logiciels_travail/Codewarrior_NXP/CW MCU v11.1/MCU/ARM_GCC_Support/ewl/lib/armv6-m\librt.a(ROMCopy.o)

.debug_str      0x00000000      0xf09
 .debug_str     0x00000000      0x2e9 ./Project_Settings/Startup_Code/kinetis_sysinit.o
                                0x310 (size before relaxing)
 .debug_str     0x000002e9       0x85 ./Project_Settings/Startup_Code/__arm_start.o
                                0x1ea (size before relaxing)
 .debug_str     0x0000036e       0x41 ./Project_Settings/Startup_Code/__arm_end.o
                                0x121 (size before relaxing)
 .debug_str     0x000003af       0x8a ./Sources/movement.o
                                0x1f6 (size before relaxing)
 .debug_str     0x00000439      0x1a0 ./Sources/main.o
                                0x471 (size before relaxing)
 .debug_str     0x000005d9       0xb0 ./Sources/camera.o
                                0x343 (size before relaxing)
 .debug_str     0x00000689       0x48 G:/Logiciels_travail/Codewarrior_NXP/CW MCU v11.1/MCU/ARM_GCC_Support/ewl/lib/armv6-m\libc.a(exit.o)
                                0x157 (size before relaxing)
 .debug_str     0x000006d1       0x23 G:/Logiciels_travail/Codewarrior_NXP/CW MCU v11.1/MCU/ARM_GCC_Support/ewl/lib/armv6-m\libc.a(memset.o)
                                0x140 (size before relaxing)
 .debug_str     0x000006f4       0x2d G:/Logiciels_travail/Codewarrior_NXP/CW MCU v11.1/MCU/ARM_GCC_Support/ewl/lib/armv6-m\libc.a(__filll_mem.o)
                                0x152 (size before relaxing)
 .debug_str     0x00000721      0x237 G:/Logiciels_travail/Codewarrior_NXP/CW MCU v11.1/MCU/ARM_GCC_Support/ewl/lib/armv6-m\libc.a(printformat_.o)
                                0x3b3 (size before relaxing)
 .debug_str     0x00000958      0x184 G:/Logiciels_travail/Codewarrior_NXP/CW MCU v11.1/MCU/ARM_GCC_Support/ewl/lib/armv6-m\libc.a(scanformat_.o)
                                0x3f9 (size before relaxing)
 .debug_str     0x00000adc       0x9d G:/Logiciels_travail/Codewarrior_NXP/CW MCU v11.1/MCU/ARM_GCC_Support/ewl/lib/armv6-m\libc.a(ctype_aeabi.o)
                                0x1bc (size before relaxing)
 .debug_str     0x00000b79       0x61 G:/Logiciels_travail/Codewarrior_NXP/CW MCU v11.1/MCU/ARM_GCC_Support/ewl/lib/armv6-m\libc.a(__strtoul.o)
                                0x1fb (size before relaxing)
 .debug_str     0x00000bda       0x1c G:/Logiciels_travail/Codewarrior_NXP/CW MCU v11.1/MCU/ARM_GCC_Support/ewl/lib/armv6-m\libc.a(strchr.o)
                                0x137 (size before relaxing)
 .debug_str     0x00000bf6       0x1c G:/Logiciels_travail/Codewarrior_NXP/CW MCU v11.1/MCU/ARM_GCC_Support/ewl/lib/armv6-m\libc.a(memcpy.o)
                                0x138 (size before relaxing)
 .debug_str     0x00000c12       0x1c G:/Logiciels_travail/Codewarrior_NXP/CW MCU v11.1/MCU/ARM_GCC_Support/ewl/lib/armv6-m\libc.a(strlen.o)
                                0x140 (size before relaxing)
 .debug_str     0x00000c2e       0x1c G:/Logiciels_travail/Codewarrior_NXP/CW MCU v11.1/MCU/ARM_GCC_Support/ewl/lib/armv6-m\libc.a(memchr.o)
                                0x148 (size before relaxing)
 .debug_str     0x00000c4a      0x126 G:/Logiciels_travail/Codewarrior_NXP/CW MCU v11.1/MCU/ARM_GCC_Support/ewl/lib/armv6-m\librt.a(gcc_ctor_dtor.o)
                                0x181 (size before relaxing)
 .debug_str     0x00000d70       0xf8 G:/Logiciels_travail/Codewarrior_NXP/CW MCU v11.1/MCU/ARM_GCC_Support/ewl/lib/armv6-m\librt.a(__arm_eabi_init.o)
                                0x1b5 (size before relaxing)
 .debug_str     0x00000e68       0xa1 G:/Logiciels_travail/Codewarrior_NXP/CW MCU v11.1/MCU/ARM_GCC_Support/ewl/lib/armv6-m\librt.a(ROMCopy.o)
                                0x13c (size before relaxing)

.comment        0x00000000       0x79
 .comment       0x00000000       0x79 ./Project_Settings/Startup_Code/kinetis_sysinit.o
                                 0x7a (size before relaxing)
 .comment       0x00000000       0x7a ./Project_Settings/Startup_Code/__arm_start.o
 .comment       0x00000000       0x7a ./Project_Settings/Startup_Code/__arm_end.o
 .comment       0x00000000       0x7a ./Sources/movement.o
 .comment       0x00000000       0x7a ./Sources/main.o
 .comment       0x00000000       0x7a ./Sources/camera.o
 .comment       0x00000000       0x7a G:/Logiciels_travail/Codewarrior_NXP/CW MCU v11.1/MCU/ARM_GCC_Support/ewl/lib/armv6-m\libc.a(exit.o)
 .comment       0x00000000       0x7a G:/Logiciels_travail/Codewarrior_NXP/CW MCU v11.1/MCU/ARM_GCC_Support/ewl/lib/armv6-m\libc.a(memset.o)
 .comment       0x00000000       0x7a G:/Logiciels_travail/Codewarrior_NXP/CW MCU v11.1/MCU/ARM_GCC_Support/ewl/lib/armv6-m\libc.a(__filll_mem.o)
 .comment       0x00000000       0x7a G:/Logiciels_travail/Codewarrior_NXP/CW MCU v11.1/MCU/ARM_GCC_Support/ewl/lib/armv6-m\libc.a(printformat_.o)
 .comment       0x00000000       0x7a G:/Logiciels_travail/Codewarrior_NXP/CW MCU v11.1/MCU/ARM_GCC_Support/ewl/lib/armv6-m\libc.a(scanformat_.o)
 .comment       0x00000000       0x7a G:/Logiciels_travail/Codewarrior_NXP/CW MCU v11.1/MCU/ARM_GCC_Support/ewl/lib/armv6-m\libc.a(ctype_aeabi.o)
 .comment       0x00000000       0x7a G:/Logiciels_travail/Codewarrior_NXP/CW MCU v11.1/MCU/ARM_GCC_Support/ewl/lib/armv6-m\libc.a(__strtoul.o)
 .comment       0x00000000       0x7a G:/Logiciels_travail/Codewarrior_NXP/CW MCU v11.1/MCU/ARM_GCC_Support/ewl/lib/armv6-m\libc.a(strchr.o)
 .comment       0x00000000       0x7a G:/Logiciels_travail/Codewarrior_NXP/CW MCU v11.1/MCU/ARM_GCC_Support/ewl/lib/armv6-m\libc.a(memcpy.o)
 .comment       0x00000000       0x7a G:/Logiciels_travail/Codewarrior_NXP/CW MCU v11.1/MCU/ARM_GCC_Support/ewl/lib/armv6-m\libc.a(strlen.o)
 .comment       0x00000000       0x7a G:/Logiciels_travail/Codewarrior_NXP/CW MCU v11.1/MCU/ARM_GCC_Support/ewl/lib/armv6-m\libc.a(memchr.o)
 .comment       0x00000000       0x7a G:/Logiciels_travail/Codewarrior_NXP/CW MCU v11.1/MCU/ARM_GCC_Support/ewl/lib/armv6-m\librt.a(gcc_ctor_dtor.o)
 .comment       0x00000000       0x7a G:/Logiciels_travail/Codewarrior_NXP/CW MCU v11.1/MCU/ARM_GCC_Support/ewl/lib/armv6-m\librt.a(__arm_eabi_init.o)
 .comment       0x00000000       0x7a G:/Logiciels_travail/Codewarrior_NXP/CW MCU v11.1/MCU/ARM_GCC_Support/ewl/lib/armv6-m\librt.a(ROMCopy.o)

.debug_frame    0x00000000      0x64c
 .debug_frame   0x00000000       0x48 ./Project_Settings/Startup_Code/kinetis_sysinit.o
 .debug_frame   0x00000048       0x4c ./Project_Settings/Startup_Code/__arm_start.o
 .debug_frame   0x00000094       0x30 ./Project_Settings/Startup_Code/__arm_end.o
 .debug_frame   0x000000c4       0x30 ./Sources/movement.o
 .debug_frame   0x000000f4       0x4c ./Sources/main.o
 .debug_frame   0x00000140       0x6c ./Sources/camera.o
 .debug_frame   0x000001ac       0x2c G:/Logiciels_travail/Codewarrior_NXP/CW MCU v11.1/MCU/ARM_GCC_Support/ewl/lib/armv6-m\libc.a(exit.o)
 .debug_frame   0x000001d8       0x28 G:/Logiciels_travail/Codewarrior_NXP/CW MCU v11.1/MCU/ARM_GCC_Support/ewl/lib/armv6-m\libc.a(memset.o)
 .debug_frame   0x00000200       0x2c G:/Logiciels_travail/Codewarrior_NXP/CW MCU v11.1/MCU/ARM_GCC_Support/ewl/lib/armv6-m\libc.a(__filll_mem.o)
 .debug_frame   0x0000022c       0x54 G:/Logiciels_travail/Codewarrior_NXP/CW MCU v11.1/MCU/ARM_GCC_Support/ewl/lib/armv6-m\libc.a(printformat_.o)
 .debug_frame   0x00000280       0x34 G:/Logiciels_travail/Codewarrior_NXP/CW MCU v11.1/MCU/ARM_GCC_Support/ewl/lib/armv6-m\libc.a(scanformat_.o)
 .debug_frame   0x000002b4      0x158 G:/Logiciels_travail/Codewarrior_NXP/CW MCU v11.1/MCU/ARM_GCC_Support/ewl/lib/armv6-m\libc.a(ctype_aeabi.o)
 .debug_frame   0x0000040c       0x30 G:/Logiciels_travail/Codewarrior_NXP/CW MCU v11.1/MCU/ARM_GCC_Support/ewl/lib/armv6-m\libc.a(__strtoul.o)
 .debug_frame   0x0000043c       0x28 G:/Logiciels_travail/Codewarrior_NXP/CW MCU v11.1/MCU/ARM_GCC_Support/ewl/lib/armv6-m\libc.a(strchr.o)
 .debug_frame   0x00000464       0x28 G:/Logiciels_travail/Codewarrior_NXP/CW MCU v11.1/MCU/ARM_GCC_Support/ewl/lib/armv6-m\libc.a(memcpy.o)
 .debug_frame   0x0000048c       0x28 G:/Logiciels_travail/Codewarrior_NXP/CW MCU v11.1/MCU/ARM_GCC_Support/ewl/lib/armv6-m\libc.a(strlen.o)
 .debug_frame   0x000004b4       0x28 G:/Logiciels_travail/Codewarrior_NXP/CW MCU v11.1/MCU/ARM_GCC_Support/ewl/lib/armv6-m\libc.a(memchr.o)
 .debug_frame   0x000004dc       0x20 g:/logiciels_travail/codewarrior_nxp/cw mcu v11.1/cross_tools/arm-none-eabi-gcc-4_7_3/bin/../lib/gcc/arm-none-eabi/4.7.3/armv6-m\libgcc.a(_udivsi3.o)
 .debug_frame   0x000004fc       0x40 G:/Logiciels_travail/Codewarrior_NXP/CW MCU v11.1/MCU/ARM_GCC_Support/ewl/lib/armv6-m\librt.a(gcc_ctor_dtor.o)
 .debug_frame   0x0000053c       0xbc G:/Logiciels_travail/Codewarrior_NXP/CW MCU v11.1/MCU/ARM_GCC_Support/ewl/lib/armv6-m\librt.a(__arm_eabi_init.o)
 .debug_frame   0x000005f8       0x54 G:/Logiciels_travail/Codewarrior_NXP/CW MCU v11.1/MCU/ARM_GCC_Support/ewl/lib/armv6-m\librt.a(ROMCopy.o)
