../fatfs/source/ff.c:614:13:ld_word	24	static
../fatfs/source/ff.c:623:14:ld_dword	24	static
../fatfs/source/ff.c:652:13:st_word	16	static
../fatfs/source/ff.c:658:13:st_dword	16	static
../fatfs/source/ff.c:688:12:dbc_1st	16	static
../fatfs/source/ff.c:708:12:dbc_2nd	16	static
../fatfs/source/ff.c:1025:16:sync_window	24	static
../fatfs/source/ff.c:1047:16:move_window	24	static
../fatfs/source/ff.c:1078:16:sync_fs	24	static
../fatfs/source/ff.c:1114:14:clst2sect	16	static
../fatfs/source/ff.c:1131:14:get_fat	32	static
../fatfs/source/ff.c:1209:16:put_fat	48	static
../fatfs/source/ff.c:1399:16:remove_chain	40	static
../fatfs/source/ff.c:1494:14:create_chain	40	static
../fatfs/source/ff.c:1627:16:dir_clear	32	static
../fatfs/source/ff.c:1666:16:dir_sdi	32	static
../fatfs/source/ff.c:1714:16:dir_next	32	static
../fatfs/source/ff.c:1775:16:dir_alloc	32	static
../fatfs/source/ff.c:1817:14:ld_clust	24	static
../fatfs/source/ff.c:1834:13:st_clust	24	static
../fatfs/source/ff.c:2275:16:dir_read	32	static
../fatfs/source/ff.c:2353:16:dir_find	32	static
../fatfs/source/ff.c:2434:16:dir_register	24	static
../fatfs/source/ff.c:2540:16:dir_remove	24	static
../fatfs/source/ff.c:2586:13:get_fileinfo	32	static
../fatfs/source/ff.c:2801:16:create_name	48	static
../fatfs/source/ff.c:3003:16:follow_path	32	static
../fatfs/source/ff.c:3090:12:get_ldnumber	40	static
../fatfs/source/ff.c:3238:13:check_fs	24	static
../fatfs/source/ff.c:3278:13:find_volume	40	static
../fatfs/source/ff.c:3332:16:mount_volume	72	static
../fatfs/source/ff.c:3561:16:validate	24	static
../fatfs/source/ff.c:3605:9:f_mount	40	static
../fatfs/source/ff.c:3653:9:f_open	104	static
../fatfs/source/ff.c:3850:9:f_read	64	static
../fatfs/source/ff.c:3950:9:f_write	56	static
../fatfs/source/ff.c:4071:9:f_sync	32	static
../fatfs/source/ff.c:4152:9:f_close	24	static
../fatfs/source/ff.c:4188:9:f_chdrive	24	static
../fatfs/source/ff.c:4205:9:f_chdir	80	static
../fatfs/source/ff.c:4267:9:f_getcwd	112	static
../fatfs/source/ff.c:4367:9:f_lseek	40	static
../fatfs/source/ff.c:4531:9:f_opendir	24	static
../fatfs/source/ff.c:4597:9:f_closedir	24	static
../fatfs/source/ff.c:4627:9:f_readdir	24	static
../fatfs/source/ff.c:4715:9:f_stat	64	static
../fatfs/source/ff.c:4750:9:f_getfree	72	static
../fatfs/source/ff.c:4842:9:f_truncate	32	static
../fatfs/source/ff.c:4892:9:f_unlink	120	static
../fatfs/source/ff.c:4986:9:f_mkdir	96	static
../fatfs/source/ff.c:5070:9:f_rename	160	static
../fatfs/source/ff.c:5659:16:create_partition	64	static
../fatfs/source/ff.c:5802:9:f_mkfs	136	static
