/home/dimercur/Travail/git/insa-nxpcup/code/projet-2024/FRDM-K32L3A60_MASTER/drivers/fsl_usdhc.h:928:20:USDHC_EnableInterruptStatus	16	static
/home/dimercur/Travail/git/insa-nxpcup/code/projet-2024/FRDM-K32L3A60_MASTER/drivers/fsl_usdhc.h:939:20:USDHC_DisableInterruptStatus	16	static
/home/dimercur/Travail/git/insa-nxpcup/code/projet-2024/FRDM-K32L3A60_MASTER/drivers/fsl_usdhc.h:950:20:USDHC_EnableInterruptSignal	16	static
/home/dimercur/Travail/git/insa-nxpcup/code/projet-2024/FRDM-K32L3A60_MASTER/drivers/fsl_usdhc.h:961:20:USDHC_DisableInterruptSignal	16	static
/home/dimercur/Travail/git/insa-nxpcup/code/projet-2024/FRDM-K32L3A60_MASTER/drivers/fsl_usdhc.h:1003:20:USDHC_ClearInterruptStatusFlags	16	static
/home/dimercur/Travail/git/insa-nxpcup/code/projet-2024/FRDM-K32L3A60_MASTER/drivers/fsl_usdhc.h:1025:24:USDHC_GetAdmaErrorStatusFlags	16	static
/home/dimercur/Travail/git/insa-nxpcup/code/projet-2024/FRDM-K32L3A60_MASTER/drivers/fsl_usdhc.h:1038:24:USDHC_GetPresentStatusFlags	16	static
/home/dimercur/Travail/git/insa-nxpcup/code/projet-2024/FRDM-K32L3A60_MASTER/drivers/fsl_usdhc.h:1124:20:USDHC_SetDataBusWidth	16	static
/home/dimercur/Travail/git/insa-nxpcup/code/projet-2024/FRDM-K32L3A60_MASTER/drivers/fsl_usdhc.h:1188:20:USDHC_CardDetectByData3	16	static
/home/dimercur/Travail/git/insa-nxpcup/code/projet-2024/FRDM-K32L3A60_MASTER/drivers/fsl_usdhc.h:1283:20:USDHC_EnableMmcBoot	16	static
/home/dimercur/Travail/git/insa-nxpcup/code/projet-2024/FRDM-K32L3A60_MASTER/drivers/fsl_usdhc.h:1313:20:UDSHC_SelectVoltage	16	static
../sdmmc/host/fsl_sdmmc_host.h:278:20:SDMMCHOST_EnableCardInt	16	static
/home/dimercur/Travail/git/insa-nxpcup/code/projet-2024/FRDM-K32L3A60_MASTER/drivers/fsl_cache.h:90:20:L1CACHE_InvalidateDCacheByRange	16	static
/home/dimercur/Travail/git/insa-nxpcup/code/projet-2024/FRDM-K32L3A60_MASTER/drivers/fsl_cache.h:104:20:L1CACHE_CleanDCacheByRange	16	static
/home/dimercur/Travail/git/insa-nxpcup/code/projet-2024/FRDM-K32L3A60_MASTER/drivers/fsl_cache.h:143:20:DCACHE_InvalidateByRange	16	static
/home/dimercur/Travail/git/insa-nxpcup/code/projet-2024/FRDM-K32L3A60_MASTER/drivers/fsl_cache.h:154:20:DCACHE_CleanByRange	16	static
../sdmmc/host/fsl_sdmmc_host.c:80:13:SDMMCHOST_DetectCardInsertByHost	24	static
../sdmmc/host/fsl_sdmmc_host.c:112:13:SDMMCHOST_DetectCardRemoveByHost	24	static
../sdmmc/host/fsl_sdmmc_host.c:145:13:SDMMCHOST_CardInterrupt	24	static
../sdmmc/host/fsl_sdmmc_host.c:160:10:SDMMCHOST_CardIntInit	16	static
../sdmmc/host/fsl_sdmmc_host.c:169:10:SDMMCHOST_CardDetectInit	24	static
../sdmmc/host/fsl_sdmmc_host.c:204:10:SDMMCHOST_CardDetectStatus	24	static
../sdmmc/host/fsl_sdmmc_host.c:243:10:SDMMCHOST_PollingCardDetectStatus	32	static
../sdmmc/host/fsl_sdmmc_host.c:303:6:SDMMCHOST_ConvertDataToLittleEndian	56	static
../sdmmc/host/fsl_sdmmc_host.c:339:13:SDMMCHOST_TransferCompleteCallback	32	static
../sdmmc/host/fsl_sdmmc_host.c:381:10:SDMMCHOST_TransferFunction	40	static
../sdmmc/host/fsl_sdmmc_host.c:584:13:SDMMCHOST_ErrorRecovery	24	static
../sdmmc/host/fsl_sdmmc_host.c:603:6:SDMMCHOST_SetCardPower	16	static
../sdmmc/host/fsl_sdmmc_host.c:608:6:SDMMCHOST_SetCardBusWidth	16	static
../sdmmc/host/fsl_sdmmc_host.c:617:10:SDMMCHOST_Init	56	static
../sdmmc/host/fsl_sdmmc_host.c:701:6:SDMMCHOST_Reset	24	static
../sdmmc/host/fsl_sdmmc_host.c:733:6:SDMMCHOST_Deinit	24	static
../sdmmc/host/fsl_sdmmc_host.c:743:6:SDMMCHOST_SwitchToVoltage	16	static
../sdmmc/host/fsl_sdmmc_host.c:965:10:SDMMCHOST_ExecuteTuning	24	static
../sdmmc/host/fsl_sdmmc_host.c:979:10:SDMMCHOST_StartBoot	56	static
../sdmmc/host/fsl_sdmmc_host.c:1008:10:SDMMCHOST_ReadBootData	96	static
