/home/dimercur/Travail/git/insa-nxpcup/code/2019-2020/Equipe2/NXP-DRY-2023/CMSIS/core_cm0plus.h:745:22:NVIC_EnableIRQ	16	static
../drivers/fsl_clock.h:584:20:CLOCK_EnableClock	24	static
../drivers/fsl_clock.h:595:20:CLOCK_DisableClock	24	static
../drivers/fsl_common.h:212:20:EnableIRQ	16	static
../drivers/fsl_lpsci.c:131:10:LPSCI_GetInstance	24	static
../drivers/fsl_lpsci.c:149:15:LPSCI_TransferGetRxRingBufferLength	24	static
../drivers/fsl_lpsci.c:167:13:LPSCI_TransferIsRxRingBufferFull	24	static
../drivers/fsl_lpsci.c:185:13:LPSCI_ReadNonBlocking	32	static
../drivers/fsl_lpsci.c:199:13:LPSCI_WriteNonBlocking	32	static
../drivers/fsl_lpsci.c:213:10:LPSCI_Init	64	static
../drivers/fsl_lpsci.c:326:6:LPSCI_Deinit	16	static
../drivers/fsl_lpsci.c:339:6:LPSCI_GetDefaultConfig	16	static
../drivers/fsl_lpsci.c:350:10:LPSCI_SetBaudRate	64	static
../drivers/fsl_lpsci.c:431:6:LPSCI_EnableInterrupts	16	static
../drivers/fsl_lpsci.c:442:6:LPSCI_DisableInterrupts	16	static
../drivers/fsl_lpsci.c:453:10:LPSCI_GetEnabledInterrupts	24	static
../drivers/fsl_lpsci.c:461:10:LPSCI_GetStatusFlags	24	static
../drivers/fsl_lpsci.c:473:10:LPSCI_ClearStatusFlags	24	static
../drivers/fsl_lpsci.c:519:6:LPSCI_WriteBlocking	24	static
../drivers/fsl_lpsci.c:534:10:LPSCI_ReadBlocking	32	static
../drivers/fsl_lpsci.c:576:6:LPSCI_TransferCreateHandle	32	static
../drivers/fsl_lpsci.c:608:6:LPSCI_TransferStartRingBuffer	24	static
../drivers/fsl_lpsci.c:629:6:LPSCI_TransferStopRingBuffer	16	static
../drivers/fsl_lpsci.c:651:10:LPSCI_TransferSendNonBlocking	32	static
../drivers/fsl_lpsci.c:681:6:LPSCI_TransferAbortSend	16	static
../drivers/fsl_lpsci.c:691:10:LPSCI_TransferGetSendCount	24	static
../drivers/fsl_lpsci.c:706:10:LPSCI_TransferReceiveNonBlocking	56	static
../drivers/fsl_lpsci.c:828:6:LPSCI_TransferAbortReceive	16	static
../drivers/fsl_lpsci.c:849:10:LPSCI_TransferGetReceiveCount	24	static
../drivers/fsl_lpsci.c:864:6:LPSCI_TransferHandleIRQ	32	static
../drivers/fsl_lpsci.c:1063:6:LPSCI_TransferHandleErrorIRQ	16	static
../drivers/fsl_lpsci.c:1069:6:UART0_DriverIRQHandler	8	static
