../drivers/fsl_flash.c:636:10:FLASH_Init	24	static
../drivers/fsl_flash.c:751:10:FLASH_SetCallback	16	static
../drivers/fsl_flash.c:764:10:FLASH_PrepareExecuteInRamFunctions	24	static
../drivers/fsl_flash.c:783:10:FLASH_EraseAll	24	static
../drivers/fsl_flash.c:821:10:FLASH_Erase	80	static
../drivers/fsl_flash.c:934:10:FLASH_EraseAllExecuteOnlySegments	24	static
../drivers/fsl_flash.c:964:10:FLASH_Program	72	static
../drivers/fsl_flash.c:1033:10:FLASH_ProgramOnce	32	static
../drivers/fsl_flash.c:1285:10:FLASH_ReadResource	72	static
../drivers/fsl_flash.c:1346:10:FLASH_ReadOnce	32	static
../drivers/fsl_flash.c:1382:10:FLASH_GetSecurityState	24	static
../drivers/fsl_flash.c:1420:10:FLASH_SecurityBypass	24	static
../drivers/fsl_flash.c:1452:10:FLASH_VerifyEraseAll	16	static
../drivers/fsl_flash.c:1466:10:FLASH_VerifyErase	88	static
../drivers/fsl_flash.c:1525:10:FLASH_VerifyProgram	72	static
../drivers/fsl_flash.c:1583:10:FLASH_VerifyEraseAllExecuteOnlySegments	16	static
../drivers/fsl_flash.c:1597:10:FLASH_IsProtected	224	static
../drivers/fsl_flash.c:1789:10:FLASH_IsExecuteOnly	32	static
../drivers/fsl_flash.c:1907:10:FLASH_GetProperty	24	static
../drivers/fsl_flash.c:1988:10:FLASH_SetProperty	32	static
../drivers/fsl_flash.c:2248:10:FLASH_PflashSetProtection	16	static
../drivers/fsl_flash.c:2291:10:FLASH_PflashGetProtection	16	static
../drivers/fsl_flash.c:2402:10:FLASH_PflashSetPrefetchSpeculation	24	static
../drivers/fsl_flash.c:2514:10:FLASH_PflashGetPrefetchSpeculation	24	static
../drivers/fsl_flash.c:2603:13:copy_flash_run_command	16	static
../drivers/fsl_flash.c:2622:17:flash_command_sequence	24	static
../drivers/fsl_flash.c:2684:13:copy_flash_common_bit_operation	24	static
../drivers/fsl_flash.c:2701:6:mcm_flash_cache_clear	32	static
../drivers/fsl_flash.c:2837:6:flash_cache_clear	16	static
../drivers/fsl_flash.c:2847:13:flash_cache_clear_process	24	static
../drivers/fsl_flash.c:2885:17:flash_check_execute_in_ram_function_info	24	static
../drivers/fsl_flash.c:2907:17:flash_check_range	24	static
../drivers/fsl_flash.c:2939:17:flash_get_matched_operation_info	24	static
../drivers/fsl_flash.c:2998:17:flash_check_user_key	16	static
../drivers/fsl_flash.c:3223:17:flash_check_resource_range	32	static
../drivers/fsl_flash.c:3361:17:flash_get_protection_info	24	static
