../drivers/fsl_clock.h:584:20:CLOCK_EnableClock	24	static
../drivers/fsl_clock.h:595:20:CLOCK_DisableClock	24	static
../drivers/fsl_clock.h:602:20:CLOCK_SetEr32kClock	16	static
../drivers/fsl_clock.h:608:20:CLOCK_SetPllFllSelClock	16	static
../drivers/fsl_clock.h:1012:20:OSC_SetExtRefClkConfig	24	static
../drivers/fsl_clock.h:1038:20:OSC_SetCapLoad	24	static
../drivers/fsl_clock.c:202:6:CLOCK_FllStableDelay	16	static
../drivers/fsl_clock.c:222:17:CLOCK_GetMcgExtClkFreq	8	static
../drivers/fsl_clock.c:229:17:CLOCK_GetFllExtRefClkFreq	16	static
../drivers/fsl_clock.c:281:17:CLOCK_GetInternalRefClkSelectFreq	8	static
../drivers/fsl_clock.c:295:17:CLOCK_GetFllRefClkFreq	8	static
../drivers/fsl_clock.c:309:17:CLOCK_GetPll0RefFreq	8	static
../drivers/fsl_clock.c:315:16:CLOCK_GetOscRangeFromFreq	24	static
../drivers/fsl_clock.c:335:10:CLOCK_GetOsc0ErClkFreq	8	static
../drivers/fsl_clock.c:349:10:CLOCK_GetEr32kClkFreq	16	static
../drivers/fsl_clock.c:373:10:CLOCK_GetPllFllSelClkFreq	16	static
../drivers/fsl_clock.c:394:10:CLOCK_GetPlatClkFreq	8	static
../drivers/fsl_clock.c:399:10:CLOCK_GetFlashClkFreq	16	static
../drivers/fsl_clock.c:409:10:CLOCK_GetBusClkFreq	16	static
../drivers/fsl_clock.c:419:10:CLOCK_GetCoreSysClkFreq	8	static
../drivers/fsl_clock.c:424:10:CLOCK_GetFreq	24	static
../drivers/fsl_clock.c:471:6:CLOCK_SetSimConfig	16	static
../drivers/fsl_clock.c:478:6:CLOCK_EnableUsbfs0Clock	24	static
../drivers/fsl_clock.c:503:10:CLOCK_GetOutClkFreq	16	static
../drivers/fsl_clock.c:529:10:CLOCK_GetFllFreq	16	static
../drivers/fsl_clock.c:555:10:CLOCK_GetInternalRefClkFreq	8	static
../drivers/fsl_clock.c:566:10:CLOCK_GetFixedFreqClkFreq	16	static
../drivers/fsl_clock.c:581:10:CLOCK_GetPll0Freq	16	static
../drivers/fsl_clock.c:605:10:CLOCK_SetExternalRefClkConfig	16	static
../drivers/fsl_clock.c:613:10:CLOCK_SetInternalRefClkConfig	32	static
../drivers/fsl_clock.c:661:10:CLOCK_CalcPllDiv	56	static
../drivers/fsl_clock.c:758:6:CLOCK_EnablePll0	24	static
../drivers/fsl_clock.c:778:6:CLOCK_SetOsc0MonitorMode	16	static
../drivers/fsl_clock.c:801:6:CLOCK_SetPll0MonitorMode	24	static
../drivers/fsl_clock.c:829:10:CLOCK_GetStatusFlags	16	static
../drivers/fsl_clock.c:853:6:CLOCK_ClearStatusFlags	16	static
../drivers/fsl_clock.c:865:6:CLOCK_InitOsc0	32	static
../drivers/fsl_clock.c:883:6:CLOCK_DeinitOsc0	8	static
../drivers/fsl_clock.c:889:10:CLOCK_TrimInternalRefClk	40	static
../drivers/fsl_clock.c:965:12:CLOCK_GetMode	32	static
../drivers/fsl_clock.c:1065:10:CLOCK_SetFeiMode	24	static
../drivers/fsl_clock.c:1125:10:CLOCK_SetFeeMode	32	static
../drivers/fsl_clock.c:1202:10:CLOCK_SetFbiMode	24	static
../drivers/fsl_clock.c:1266:10:CLOCK_SetFbeMode	32	static
../drivers/fsl_clock.c:1348:10:CLOCK_SetBlpiMode	8	static
../drivers/fsl_clock.c:1363:10:CLOCK_SetBlpeMode	8	static
../drivers/fsl_clock.c:1378:10:CLOCK_SetPbeMode	16	static
../drivers/fsl_clock.c:1419:10:CLOCK_SetPeeMode	8	static
../drivers/fsl_clock.c:1440:10:CLOCK_ExternalModeToFbeModeQuick	8	static
../drivers/fsl_clock.c:1466:10:CLOCK_InternalModeToFbiModeQuick	8	static
../drivers/fsl_clock.c:1486:10:CLOCK_BootToFeiMode	16	static
../drivers/fsl_clock.c:1491:10:CLOCK_BootToFeeMode	24	static
../drivers/fsl_clock.c:1499:10:CLOCK_BootToBlpiMode	24	static
../drivers/fsl_clock.c:1516:10:CLOCK_BootToBlpeMode	16	static
../drivers/fsl_clock.c:1547:10:CLOCK_BootToPeeMode	16	static
../drivers/fsl_clock.c:1593:10:CLOCK_SetMcgConfig	40	static
