/home/dimercur/Travail/git/insa-nxpcup/code/2019-2020/Equipe2/NXP-DRY-2023/CMSIS/core_cm0plus.h:745:22:NVIC_EnableIRQ	16	static
../drivers/fsl_clock.h:584:20:CLOCK_EnableClock	24	static
../drivers/fsl_clock.h:595:20:CLOCK_DisableClock	24	static
../drivers/fsl_common.h:212:20:EnableIRQ	16	static
../drivers/fsl_uart.c:155:10:UART_GetInstance	24	static
../drivers/fsl_uart.c:174:15:UART_TransferGetRxRingBufferLength	24	static
../drivers/fsl_uart.c:192:13:UART_TransferIsRxRingBufferFull	24	static
../drivers/fsl_uart.c:210:10:UART_Init	40	static
../drivers/fsl_uart.c:325:6:UART_Deinit	16	static
../drivers/fsl_uart.c:347:6:UART_GetDefaultConfig	16	static
../drivers/fsl_uart.c:364:10:UART_SetBaudRate	48	static
../drivers/fsl_uart.c:432:6:UART_EnableInterrupts	16	static
../drivers/fsl_uart.c:447:6:UART_DisableInterrupts	16	static
../drivers/fsl_uart.c:462:10:UART_GetEnabledInterrupts	24	static
../drivers/fsl_uart.c:475:10:UART_GetStatusFlags	24	static
../drivers/fsl_uart.c:492:10:UART_ClearStatusFlags	24	static
../drivers/fsl_uart.c:543:6:UART_WriteBlocking	24	static
../drivers/fsl_uart.c:556:13:UART_WriteNonBlocking	32	static
../drivers/fsl_uart.c:570:10:UART_ReadBlocking	32	static
../drivers/fsl_uart.c:612:13:UART_ReadNonBlocking	32	static
../drivers/fsl_uart.c:626:6:UART_TransferCreateHandle	32	static
../drivers/fsl_uart.c:669:6:UART_TransferStartRingBuffer	24	static
../drivers/fsl_uart.c:690:6:UART_TransferStopRingBuffer	16	static
../drivers/fsl_uart.c:711:10:UART_TransferSendNonBlocking	32	static
../drivers/fsl_uart.c:741:6:UART_TransferAbortSend	16	static
../drivers/fsl_uart.c:751:10:UART_TransferGetSendCount	24	static
../drivers/fsl_uart.c:766:10:UART_TransferReceiveNonBlocking	56	static
../drivers/fsl_uart.c:888:6:UART_TransferAbortReceive	16	static
../drivers/fsl_uart.c:909:10:UART_TransferGetReceiveCount	24	static
../drivers/fsl_uart.c:929:6:UART_TransferHandleIRQ	32	static
../drivers/fsl_uart.c:1152:6:UART_TransferHandleErrorIRQ	16	static
../drivers/fsl_uart.c:1173:6:UART1_DriverIRQHandler	8	static
../drivers/fsl_uart.c:1178:6:UART1_RX_TX_DriverIRQHandler	8	static
../drivers/fsl_uart.c:1185:6:UART2_DriverIRQHandler	8	static
../drivers/fsl_uart.c:1190:6:UART2_RX_TX_DriverIRQHandler	8	static
