Archive member included to satisfy reference by file (symbol)

/usr/local/mcuxpressoide-11.7.0_9198/ide/plugins/com.nxp.mcuxpresso.tools.linux_11.7.0.202209140929/tools/bin/../lib/gcc/arm-none-eabi/10.3.1/thumb/v6-m/nofp/libgcc.a(_udivsi3.o)
                              ./utilities/fsl_debug_console.o (__aeabi_uidiv)
/usr/local/mcuxpressoide-11.7.0_9198/ide/plugins/com.nxp.mcuxpresso.tools.linux_11.7.0.202209140929/tools/bin/../lib/gcc/arm-none-eabi/10.3.1/thumb/v6-m/nofp/libgcc.a(_divsi3.o)
                              ./utilities/fsl_debug_console.o (__aeabi_idiv)
/usr/local/mcuxpressoide-11.7.0_9198/ide/plugins/com.nxp.mcuxpresso.tools.linux_11.7.0.202209140929/tools/bin/../lib/gcc/arm-none-eabi/10.3.1/thumb/v6-m/nofp/libgcc.a(_dvmd_tls.o)
                              /usr/local/mcuxpressoide-11.7.0_9198/ide/plugins/com.nxp.mcuxpresso.tools.linux_11.7.0.202209140929/tools/bin/../lib/gcc/arm-none-eabi/10.3.1/thumb/v6-m/nofp/libgcc.a(_udivsi3.o) (__aeabi_idiv0)
/usr/local/mcuxpressoide-11.7.0_9198/ide/plugins/com.nxp.mcuxpresso.tools.linux_11.7.0.202209140929/tools/bin/../lib/gcc/arm-none-eabi/10.3.1/thumb/v6-m/nofp/libgcc.a(_arm_cmpsf2.o)
                              ./application/ImageProcessing.o (__aeabi_fcmplt)
/usr/local/mcuxpressoide-11.7.0_9198/ide/plugins/com.nxp.mcuxpresso.tools.linux_11.7.0.202209140929/tools/bin/../lib/gcc/arm-none-eabi/10.3.1/thumb/v6-m/nofp/libgcc.a(_fixunsdfsi.o)
                              ./application/Movement.o (__aeabi_d2uiz)
/usr/local/mcuxpressoide-11.7.0_9198/ide/plugins/com.nxp.mcuxpresso.tools.linux_11.7.0.202209140929/tools/bin/../lib/gcc/arm-none-eabi/10.3.1/thumb/v6-m/nofp/libgcc.a(eqsf2.o)
                              /usr/local/mcuxpressoide-11.7.0_9198/ide/plugins/com.nxp.mcuxpresso.tools.linux_11.7.0.202209140929/tools/bin/../lib/gcc/arm-none-eabi/10.3.1/thumb/v6-m/nofp/libgcc.a(_arm_cmpsf2.o) (__eqsf2)
/usr/local/mcuxpressoide-11.7.0_9198/ide/plugins/com.nxp.mcuxpresso.tools.linux_11.7.0.202209140929/tools/bin/../lib/gcc/arm-none-eabi/10.3.1/thumb/v6-m/nofp/libgcc.a(gesf2.o)
                              /usr/local/mcuxpressoide-11.7.0_9198/ide/plugins/com.nxp.mcuxpresso.tools.linux_11.7.0.202209140929/tools/bin/../lib/gcc/arm-none-eabi/10.3.1/thumb/v6-m/nofp/libgcc.a(_arm_cmpsf2.o) (__gesf2)
/usr/local/mcuxpressoide-11.7.0_9198/ide/plugins/com.nxp.mcuxpresso.tools.linux_11.7.0.202209140929/tools/bin/../lib/gcc/arm-none-eabi/10.3.1/thumb/v6-m/nofp/libgcc.a(lesf2.o)
                              /usr/local/mcuxpressoide-11.7.0_9198/ide/plugins/com.nxp.mcuxpresso.tools.linux_11.7.0.202209140929/tools/bin/../lib/gcc/arm-none-eabi/10.3.1/thumb/v6-m/nofp/libgcc.a(_arm_cmpsf2.o) (__lesf2)
/usr/local/mcuxpressoide-11.7.0_9198/ide/plugins/com.nxp.mcuxpresso.tools.linux_11.7.0.202209140929/tools/bin/../lib/gcc/arm-none-eabi/10.3.1/thumb/v6-m/nofp/libgcc.a(fixsfsi.o)
                              ./application/Movement.o (__aeabi_f2iz)
/usr/local/mcuxpressoide-11.7.0_9198/ide/plugins/com.nxp.mcuxpresso.tools.linux_11.7.0.202209140929/tools/bin/../lib/gcc/arm-none-eabi/10.3.1/thumb/v6-m/nofp/libgcc.a(floatsisf.o)
                              ./application/ImageProcessing.o (__aeabi_i2f)
/usr/local/mcuxpressoide-11.7.0_9198/ide/plugins/com.nxp.mcuxpresso.tools.linux_11.7.0.202209140929/tools/bin/../lib/gcc/arm-none-eabi/10.3.1/thumb/v6-m/nofp/libgcc.a(adddf3.o)
                              ./application/ImageProcessing.o (__aeabi_dadd)
/usr/local/mcuxpressoide-11.7.0_9198/ide/plugins/com.nxp.mcuxpresso.tools.linux_11.7.0.202209140929/tools/bin/../lib/gcc/arm-none-eabi/10.3.1/thumb/v6-m/nofp/libgcc.a(divdf3.o)
                              ./application/Debug.o (__aeabi_ddiv)
/usr/local/mcuxpressoide-11.7.0_9198/ide/plugins/com.nxp.mcuxpresso.tools.linux_11.7.0.202209140929/tools/bin/../lib/gcc/arm-none-eabi/10.3.1/thumb/v6-m/nofp/libgcc.a(muldf3.o)
                              ./application/Debug.o (__aeabi_dmul)
/usr/local/mcuxpressoide-11.7.0_9198/ide/plugins/com.nxp.mcuxpresso.tools.linux_11.7.0.202209140929/tools/bin/../lib/gcc/arm-none-eabi/10.3.1/thumb/v6-m/nofp/libgcc.a(subdf3.o)
                              ./application/Movement.o (__aeabi_dsub)
/usr/local/mcuxpressoide-11.7.0_9198/ide/plugins/com.nxp.mcuxpresso.tools.linux_11.7.0.202209140929/tools/bin/../lib/gcc/arm-none-eabi/10.3.1/thumb/v6-m/nofp/libgcc.a(fixdfsi.o)
                              ./application/Debug.o (__aeabi_d2iz)
/usr/local/mcuxpressoide-11.7.0_9198/ide/plugins/com.nxp.mcuxpresso.tools.linux_11.7.0.202209140929/tools/bin/../lib/gcc/arm-none-eabi/10.3.1/thumb/v6-m/nofp/libgcc.a(floatsidf.o)
                              ./application/Movement.o (__aeabi_i2d)
/usr/local/mcuxpressoide-11.7.0_9198/ide/plugins/com.nxp.mcuxpresso.tools.linux_11.7.0.202209140929/tools/bin/../lib/gcc/arm-none-eabi/10.3.1/thumb/v6-m/nofp/libgcc.a(floatunsidf.o)
                              ./application/Debug.o (__aeabi_ui2d)
[...]
Memory Configuration

Name             Origin             Length             Attributes
PROGRAM_FLASH    0x0000000000000000 0x0000000000020000 xr
SRAM             0x000000001ffff000 0x0000000000004000 xrw
*default*        0x0000000000000000 0xffffffffffffffff

Linker script and memory map

LOAD ./utilities/fsl_debug_console.o
LOAD ./startup/startup_mkl25z4.o
LOAD ./source/NXP-DRY-2023.o
LOAD ./source/cpp_config.o
LOAD ./source/mtb.o
LOAD ./source/semihost_hardfault.o
LOAD ./drivers/fsl_clock.o
LOAD ./drivers/fsl_common.o
LOAD ./drivers/fsl_flash.o
LOAD ./drivers/fsl_gpio.o
LOAD ./drivers/fsl_lpsci.o
LOAD ./drivers/fsl_smc.o
LOAD ./drivers/fsl_uart.o
LOAD ./board/board.o
LOAD ./board/clock_config.o
LOAD ./board/peripherals.o
LOAD ./board/pin_mux.o
LOAD ./application/Debug.o
LOAD ./application/Encoder.o
LOAD ./application/FreescaleIAP.o
LOAD ./application/ImageProcessing.o
LOAD ./application/Motor.o
LOAD ./application/Movement.o
LOAD ./application/application.o
LOAD ./application/servo.o
LOAD ./CMSIS/system_MKL25Z4.o
START GROUP
LOAD /usr/local/mcuxpressoide-11.7.0_9198/ide/plugins/com.nxp.mcuxpresso.tools.linux_11.7.0.202209140929/tools/bin/../lib/gcc/arm-none-eabi/10.3.1/thumb/v6-m/nofp/libgcc.a
LOAD /usr/local/mcuxpressoide-11.7.0_9198/ide/plugins/com.nxp.mcuxpresso.tools.linux_11.7.0.202209140929/tools/bin/../lib/gcc/arm-none-eabi/10.3.1/../../../../arm-none-eabi/lib/thumb/v6-m/nofp/libc_nano.a
LOAD /usr/local/mcuxpressoide-11.7.0_9198/ide/plugins/com.nxp.mcuxpresso.tools.linux_11.7.0.202209140929/tools/bin/../lib/gcc/arm-none-eabi/10.3.1/../../../../arm-none-eabi/lib/thumb/v6-m/nofp/libstdc++_nano.a
LOAD /usr/local/mcuxpressoide-11.7.0_9198/ide/plugins/com.nxp.mcuxpresso.tools.linux_11.7.0.202209140929/tools/bin/../lib/gcc/arm-none-eabi/10.3.1/../../../../arm-none-eabi/lib/thumb/v6-m/nofp/libm.a
LOAD /usr/local/mcuxpressoide-11.7.0_9198/ide/plugins/com.nxp.mcuxpresso.tools.linux_11.7.0.202209140929/tools/bin/../lib/gcc/arm-none-eabi/10.3.1/../../../../arm-none-eabi/lib/thumb/v6-m/nofp/libcr_newlib_nohost.a
LOAD /usr/local/mcuxpressoide-11.7.0_9198/ide/plugins/com.nxp.mcuxpresso.tools.linux_11.7.0.202209140929/tools/bin/../lib/gcc/arm-none-eabi/10.3.1/thumb/v6-m/nofp/crti.o
LOAD /usr/local/mcuxpressoide-11.7.0_9198/ide/plugins/com.nxp.mcuxpresso.tools.linux_11.7.0.202209140929/tools/bin/../lib/gcc/arm-none-eabi/10.3.1/thumb/v6-m/nofp/crtn.o
LOAD /usr/local/mcuxpressoide-11.7.0_9198/ide/plugins/com.nxp.mcuxpresso.tools.linux_11.7.0.202209140929/tools/bin/../lib/gcc/arm-none-eabi/10.3.1/thumb/v6-m/nofp/crtbegin.o
LOAD /usr/local/mcuxpressoide-11.7.0_9198/ide/plugins/com.nxp.mcuxpresso.tools.linux_11.7.0.202209140929/tools/bin/../lib/gcc/arm-none-eabi/10.3.1/thumb/v6-m/nofp/crtend.o
END GROUP
                0x0000000000000000                __base_PROGRAM_FLASH = 0x0
                0x0000000000000000                __base_Flash = 0x0
                0x0000000000020000                __top_PROGRAM_FLASH = 0x20000
                0x0000000000020000                __top_Flash = 0x20000
                0x000000001ffff000                __base_SRAM = 0x1ffff000
                0x000000001ffff000                __base_RAM = 0x1ffff000
                0x0000000020003000                __top_SRAM = 0x20003000
                0x0000000020003000                __top_RAM = 0x20003000

.text           0x0000000000000000     0x58b4
 FILL mask 0xff
                0x0000000000000000                __vectors_start__ = ABSOLUTE (.)
 *(SORT_BY_ALIGNMENT(.isr_vector))
 .isr_vector    0x0000000000000000       0xc0 ./startup/startup_mkl25z4.o
                0x0000000000000000                __Vectors
                0x0000000000000000                g_pfnVectors
                0x00000000000000c0                . = ALIGN (0x4)
                0x00000000000000c0                __section_table_start = .
                0x00000000000000c0                __data_section_table = .
                0x00000000000000c0        0x4 LONG 0x58b4 LOADADDR (.data)
                0x00000000000000c4        0x4 LONG 0x1ffff080 ADDR (.data)
                0x00000000000000c8        0x4 LONG 0x18 SIZEOF (.data)
                0x00000000000000cc                __data_section_table_end = .
                0x00000000000000cc                __bss_section_table = .
                0x00000000000000cc        0x4 LONG 0x1ffff098 ADDR (.bss)
                0x00000000000000d0        0x4 LONG 0x4d0 SIZEOF (.bss)
                0x00000000000000d4                __bss_section_table_end = .
                0x00000000000000d4                __section_table_end = .
 *(SORT_BY_ALIGNMENT(.after_vectors*))
 .after_vectors.reset
                0x00000000000000d4       0x50 ./startup/startup_mkl25z4.o
                0x00000000000000d4                ResetISR
 .after_vectors.init_data
                0x0000000000000124       0x12 ./startup/startup_mkl25z4.o
                0x0000000000000124                data_init(unsigned int, unsigned int, unsigned int)
 .after_vectors.init_bss
                0x0000000000000136       0x10 ./startup/startup_mkl25z4.o
                0x0000000000000136                bss_init(unsigned int, unsigned int)
 .after_vectors
                0x0000000000000146      0x10c ./startup/startup_mkl25z4.o
                0x0000000000000146                NMI_Handler
                0x000000000000014a                SVC_Handler
                0x000000000000014c                PendSV_Handler
                0x000000000000014e                SysTick_Handler
                0x0000000000000150                PIT_DriverIRQHandler
                0x0000000000000150                Reserved39_DriverIRQHandler
                0x0000000000000150                DMA0_DriverIRQHandler
                0x0000000000000150                SPI1_DriverIRQHandler
                0x0000000000000150                LPTMR0_DriverIRQHandler
                0x0000000000000150                TPM2_DriverIRQHandler
                0x0000000000000150                TSI0_DriverIRQHandler
                0x0000000000000150                RTC_Seconds_DriverIRQHandler
                0x0000000000000150                LLWU_DriverIRQHandler
                0x0000000000000150                MCG_DriverIRQHandler
                0x0000000000000150                FTFA_DriverIRQHandler
                0x0000000000000150                IntDefaultHandler
                0x0000000000000150                USB0_DriverIRQHandler
                0x0000000000000150                DAC0_DriverIRQHandler
                0x0000000000000150                LVD_LVW_DriverIRQHandler
                0x0000000000000150                TPM0_DriverIRQHandler
                0x0000000000000150                Reserved20_DriverIRQHandler
                0x0000000000000150                DMA3_DriverIRQHandler
                0x0000000000000150                Reserved45_DriverIRQHandler
                0x0000000000000150                PORTA_DriverIRQHandler
                0x0000000000000150                TPM1_DriverIRQHandler
                0x0000000000000150                RTC_DriverIRQHandler
                0x0000000000000150                DMA1_DriverIRQHandler
                0x0000000000000150                I2C1_DriverIRQHandler
                0x0000000000000150                SPI0_DriverIRQHandler
                0x0000000000000150                ADC0_DriverIRQHandler
                0x0000000000000150                CMP0_DriverIRQHandler
                0x0000000000000150                DMA2_DriverIRQHandler
                0x0000000000000150                PORTD_DriverIRQHandler
                0x0000000000000150                I2C0_DriverIRQHandler
                0x0000000000000152                DMA0_IRQHandler
                0x000000000000015a                DMA1_IRQHandler
                0x0000000000000162                DMA2_IRQHandler
                0x000000000000016a                DMA3_IRQHandler
                0x0000000000000172                Reserved20_IRQHandler
                0x000000000000017a                FTFA_IRQHandler
                0x0000000000000182                LVD_LVW_IRQHandler
                0x000000000000018a                LLWU_IRQHandler
                0x0000000000000192                I2C0_IRQHandler
                0x000000000000019a                I2C1_IRQHandler
                0x00000000000001a2                SPI0_IRQHandler
                0x00000000000001aa                SPI1_IRQHandler
                0x00000000000001ba                UART1_IRQHandler
                0x00000000000001c2                UART2_IRQHandler
                0x00000000000001ca                ADC0_IRQHandler
                0x00000000000001d2                CMP0_IRQHandler
                0x00000000000001da                TPM0_IRQHandler
                0x00000000000001e2                TPM1_IRQHandler
                0x00000000000001ea                TPM2_IRQHandler
                0x00000000000001f2                RTC_IRQHandler
                0x00000000000001fa                RTC_Seconds_IRQHandler
                0x0000000000000202                PIT_IRQHandler
                0x000000000000020a                Reserved39_IRQHandler
                0x0000000000000212                USB0_IRQHandler
                0x000000000000021a                DAC0_IRQHandler
                0x0000000000000222                TSI0_IRQHandler
                0x000000000000022a                MCG_IRQHandler
                0x000000000000023a                Reserved45_IRQHandler
                0x0000000000000242                PORTA_IRQHandler
                0x000000000000024a                PORTD_IRQHandler
                0x0000000000000400                . = 0x400
 *fill*         0x0000000000000252      0x1ae ff
                0x0000000000000400                PROVIDE (__FLASH_CONFIG_START__ = .)
 *(SORT_BY_ALIGNMENT(.FlashConfig))
 .FlashConfig   0x0000000000000400       0x10 ./startup/startup_mkl25z4.o
                0x0000000000000410                PROVIDE (__FLASH_CONFIG_END__ = .)
                0x0000000000000001                ASSERT (! ((__FLASH_CONFIG_START__ == __FLASH_CONFIG_END__)), Linker Flash Config Support Enabled, but no .FlashConfig section provided within application)
 *(SORT_BY_ALIGNMENT(.text*))
 .text.DbgConsole_Init
                0x0000000000000410       0xf4 ./utilities/fsl_debug_console.o
                0x0000000000000410                DbgConsole_Init
 .text.DbgConsole_Printf
                0x0000000000000504       0x44 ./utilities/fsl_debug_console.o
                0x0000000000000504                DbgConsole_Printf
 .text.DbgConsole_Putchar
                0x0000000000000548       0x34 ./utilities/fsl_debug_console.o
                0x0000000000000548                DbgConsole_Putchar
 .text.HardFault_Handler
                0x000000000000057c       0x30 ./source/semihost_hardfault.o
                0x000000000000057c                HardFault_Handler
 .text.CLOCK_SetEr32kClock
                0x00000000000005ac       0x34 ./drivers/fsl_clock.o
 .text.CLOCK_SetPllFllSelClock
                0x00000000000005e0       0x38 ./drivers/fsl_clock.o
 .text.CLOCK_GetMcgExtClkFreq
                0x0000000000000618       0x34 ./drivers/fsl_clock.o
 .text.CLOCK_GetFllExtRefClkFreq
                0x000000000000064c       0xa8 ./drivers/fsl_clock.o
 .text.CLOCK_GetFllRefClkFreq
                0x00000000000006f4       0x2c ./drivers/fsl_clock.o
 .text.CLOCK_GetOscRangeFromFreq
                0x0000000000000720       0x4c ./drivers/fsl_clock.o
 .text.CLOCK_GetPllFllSelClkFreq
                0x000000000000076c       0x4c ./drivers/fsl_clock.o
                0x000000000000076c                CLOCK_GetPllFllSelClkFreq
 .text.CLOCK_SetSimConfig
                0x00000000000007b8       0x38 ./drivers/fsl_clock.o
                0x00000000000007b8                CLOCK_SetSimConfig
 .text.CLOCK_GetFllFreq
                0x00000000000007f0       0x84 ./drivers/fsl_clock.o
                0x00000000000007f0                CLOCK_GetFllFreq
 .text.CLOCK_GetPll0Freq
                0x0000000000000874       0x80 ./drivers/fsl_clock.o
                0x0000000000000874                CLOCK_GetPll0Freq
 .text.CLOCK_SetInternalRefClkConfig
                0x00000000000008f4      0x124 ./drivers/fsl_clock.o
                0x00000000000008f4                CLOCK_SetInternalRefClkConfig
 .text.CLOCK_EnablePll0
                0x0000000000000a18       0xa0 ./drivers/fsl_clock.o
                0x0000000000000a18                CLOCK_EnablePll0
 .text.CLOCK_InitOsc0
                0x0000000000000ab8       0x94 ./drivers/fsl_clock.o
                0x0000000000000ab8                CLOCK_InitOsc0
 .text.CLOCK_SetPbeMode
                0x0000000000000b4c       0xc0 ./drivers/fsl_clock.o
                0x0000000000000b4c                CLOCK_SetPbeMode
 .text.CLOCK_BootToPeeMode
                0x0000000000000c0c       0x80 ./drivers/fsl_clock.o
                0x0000000000000c0c                CLOCK_BootToPeeMode
 .text.__assert_func
                0x0000000000000c8c       0x28 ./drivers/fsl_common.o
                0x0000000000000c8c                __assert_func
 .text.CLOCK_EnableClock
                0x0000000000000cb4       0x34 ./drivers/fsl_lpsci.o
 .text.LPSCI_GetInstance
                0x0000000000000ce8       0x54 ./drivers/fsl_lpsci.o
                0x0000000000000ce8                LPSCI_GetInstance
 .text.LPSCI_Init
                0x0000000000000d3c      0x268 ./drivers/fsl_lpsci.o
                0x0000000000000d3c                LPSCI_Init
 .text.LPSCI_GetDefaultConfig
                0x0000000000000fa4       0x50 ./drivers/fsl_lpsci.o
                0x0000000000000fa4                LPSCI_GetDefaultConfig
 .text.LPSCI_ClearStatusFlags
                0x0000000000000ff4       0x94 ./drivers/fsl_lpsci.o
                0x0000000000000ff4                LPSCI_ClearStatusFlags
 .text.LPSCI_WriteBlocking
                0x0000000000001088       0x5c ./drivers/fsl_lpsci.o
                0x0000000000001088                LPSCI_WriteBlocking
 .text.LPSCI_ReadBlocking
                0x00000000000010e4       0xd0 ./drivers/fsl_lpsci.o
                0x00000000000010e4                LPSCI_ReadBlocking
 .text.UART0_DriverIRQHandler
                0x00000000000011b4       0x24 ./drivers/fsl_lpsci.o
                0x00000000000011b4                UART0_DriverIRQHandler
 .text.CLOCK_EnableClock
                0x00000000000011d8       0x34 ./drivers/fsl_uart.o
 .text.UART_GetInstance
                0x000000000000120c       0x60 ./drivers/fsl_uart.o
                0x000000000000120c                UART_GetInstance
 .text.UART_Init
                0x000000000000126c      0x1f0 ./drivers/fsl_uart.o
                0x000000000000126c                UART_Init
 .text.UART_GetDefaultConfig
                0x000000000000145c       0x50 ./drivers/fsl_uart.o
                0x000000000000145c                UART_GetDefaultConfig
 .text.UART_ReadBlocking
                0x00000000000014ac       0xa8 ./drivers/fsl_uart.o
                0x00000000000014ac                UART_ReadBlocking
 .text.UART1_DriverIRQHandler
                0x0000000000001554       0x24 ./drivers/fsl_uart.o
                0x0000000000001554                UART1_DriverIRQHandler
 .text.UART2_DriverIRQHandler
                0x0000000000001578       0x24 ./drivers/fsl_uart.o
                0x0000000000001578                UART2_DriverIRQHandler
 .text.CLOCK_SetLpsci0Clock
                0x000000000000159c       0x38 ./board/board.o
 .text.BOARD_InitDebugConsole
                0x00000000000015d4       0x30 ./board/board.o
                0x00000000000015d4                BOARD_InitDebugConsole
 .text.CLOCK_SetSimSafeDivs
                0x0000000000001604       0x20 ./board/clock_config.o
 .text.CLOCK_SetXtal0Freq
                0x0000000000001624       0x1c ./board/clock_config.o
 .text.CLOCK_CONFIG_SetFllExtRefDiv
                0x0000000000001640       0x3c ./board/clock_config.o
 .text.BOARD_BootClockRUN
                0x000000000000167c       0x64 ./board/clock_config.o
                0x000000000000167c                BOARD_BootClockRUN
 .text.CLOCK_EnableClock
                0x00000000000016e0       0x34 ./board/pin_mux.o
 .text.PORT_SetPinMux
                0x0000000000001714       0x40 ./board/pin_mux.o
 .text.BOARD_InitPins
                0x0000000000001754       0x4c ./board/pin_mux.o
                0x0000000000001754                BOARD_InitPins
 .text.NVIC_EnableIRQ
                0x00000000000017a0       0x2c ./application/Debug.o
 .text.NVIC_ClearPendingIRQ
                0x00000000000017cc       0x30 ./application/Debug.o
 .text.debug_init
                0x00000000000017fc      0x1a8 ./application/Debug.o
                0x00000000000017fc                debug_init
 .text.debug_displaySendRaw
                0x00000000000019a4       0x64 ./application/Debug.o
                0x00000000000019a4                debug_displaySendRaw
 .text.debug_displaySendNb
                0x0000000000001a08       0x70 ./application/Debug.o
                0x0000000000001a08                debug_displaySendNb
 .text.UART0_IRQHandler
                0x0000000000001a78       0xa0 ./application/Debug.o
                0x0000000000001a78                UART0_IRQHandler
 .text.uart_write
                0x0000000000001b18       0x60 ./application/Debug.o
                0x0000000000001b18                uart_write
 .text.uart_writeNb
                0x0000000000001b78       0xa8 ./application/Debug.o
                0x0000000000001b78                uart_writeNb
 .text.uart_read
                0x0000000000001c20       0x60 ./application/Debug.o
                0x0000000000001c20                uart_read
 .text.uart_init
                0x0000000000001c80      0x108 ./application/Debug.o
                0x0000000000001c80                uart_init
 .text.LPTMR0_IRQHandler
                0x0000000000001d88       0x20 ./application/Debug.o
                0x0000000000001d88                LPTMR0_IRQHandler
 .text.ADC_init
                0x0000000000001da8       0x48 ./application/Debug.o
                0x0000000000001da8                ADC_init
 .text.BatteryVoltage
                0x0000000000001df0       0x98 ./application/Debug.o
                0x0000000000001df0                BatteryVoltage
 .text.clock_init
                0x0000000000001e88      0x11c ./application/Debug.o
                0x0000000000001e88                clock_init
 .text._ZN7Encoder4initEv
                0x0000000000001fa4       0xec ./application/Encoder.o
                0x0000000000001fa4                Encoder::init()
 .text._ZN8Img_Proc4initEv
                0x0000000000002090      0x138 ./application/ImageProcessing.o
                0x0000000000002090                Img_Proc::init()
 .text.motor_init
                0x00000000000021c8      0x144 ./application/Motor.o
                0x00000000000021c8                motor_init
 .text._ZN8Movement4initEv
                0x000000000000230c       0x30 ./application/Movement.o
                0x000000000000230c                Movement::init()
 .text._ZN8Movement8setSpeedEi
                0x000000000000233c       0xa0 ./application/Movement.o
                0x000000000000233c                Movement::setSpeed(int)
 .text._ZN8Movement8setAngleEf
                0x00000000000023dc       0x50 ./application/Movement.o
                0x00000000000023dc                Movement::setAngle(float)
 .text._ZN8Movement4stopEv
                0x000000000000242c       0x4c ./application/Movement.o
                0x000000000000242c                Movement::stop()
 .text._Z11applicationv
                0x0000000000002478      0x2dc ./application/application.o
                0x0000000000002478                application()
 .text._Z41__static_initialization_and_destruction_0ii
                0x0000000000002754       0x30 ./application/application.o
 .text._GLOBAL__sub_I_V
                0x0000000000002784       0x18 ./application/application.o
 .text.servo_init
                0x000000000000279c       0xa8 ./application/servo.o
                0x000000000000279c                servo_init
 .text.servo_setPos
                0x0000000000002844       0xc0 ./application/servo.o
                0x0000000000002844                servo_setPos
 .text.SystemInit
                0x0000000000002904       0x18 ./CMSIS/system_MKL25Z4.o
                0x0000000000002904                SystemInit
 .text          0x000000000000291c      0x114 /usr/local/mcuxpressoide-11.7.0_9198/ide/plugins/com.nxp.mcuxpresso.tools.linux_11.7.0.202209140929/tools/bin/../lib/gcc/arm-none-eabi/10.3.1/thumb/v6-m/nofp/libgcc.a(_udivsi3.o)
                0x000000000000291c                __udivsi3
                0x000000000000291c                __aeabi_uidiv
                0x0000000000002a28                __aeabi_uidivmod
 .text          0x0000000000002a30      0x1d4 /usr/local/mcuxpressoide-11.7.0_9198/ide/plugins/com.nxp.mcuxpresso.tools.linux_11.7.0.202209140929/tools/bin/../lib/gcc/arm-none-eabi/10.3.1/thumb/v6-m/nofp/libgcc.a(_divsi3.o)
                0x0000000000002a30                __aeabi_idiv
                0x0000000000002a30                __divsi3
                0x0000000000002bfc                __aeabi_idivmod
 .text          0x0000000000002c04        0x4 /usr/local/mcuxpressoide-11.7.0_9198/ide/plugins/com.nxp.mcuxpresso.tools.linux_11.7.0.202209140929/tools/bin/../lib/gcc/arm-none-eabi/10.3.1/thumb/v6-m/nofp/libgcc.a(_dvmd_tls.o)
                0x0000000000002c04                __aeabi_ldiv0
                0x0000000000002c04                __aeabi_idiv0
 .text          0x0000000000002c08       0x74 /usr/local/mcuxpressoide-11.7.0_9198/ide/plugins/com.nxp.mcuxpresso.tools.linux_11.7.0.202209140929/tools/bin/../lib/gcc/arm-none-eabi/10.3.1/thumb/v6-m/nofp/libgcc.a(_arm_cmpsf2.o)
                0x0000000000002c08                __aeabi_cfrcmple
                0x0000000000002c10                __aeabi_cfcmple
                0x0000000000002c10                __aeabi_cfcmpeq
                0x0000000000002c20                __aeabi_fcmpeq
                0x0000000000002c2c                __aeabi_fcmplt
                0x0000000000002c40                __aeabi_fcmple
                0x0000000000002c54                __aeabi_fcmpgt
                0x0000000000002c68                __aeabi_fcmpge
 .text          0x0000000000002c7c       0x3c /usr/local/mcuxpressoide-11.7.0_9198/ide/plugins/com.nxp.mcuxpresso.tools.linux_11.7.0.202209140929/tools/bin/../lib/gcc/arm-none-eabi/10.3.1/thumb/v6-m/nofp/libgcc.a(_fixunsdfsi.o)
                0x0000000000002c7c                __fixunsdfsi
                0x0000000000002c7c                __aeabi_d2uiz
 .text          0x0000000000002cb8       0x4c /usr/local/mcuxpressoide-11.7.0_9198/ide/plugins/com.nxp.mcuxpresso.tools.linux_11.7.0.202209140929/tools/bin/../lib/gcc/arm-none-eabi/10.3.1/thumb/v6-m/nofp/libgcc.a(eqsf2.o)
                0x0000000000002cb8                __nesf2
                0x0000000000002cb8                __eqsf2
 .text          0x0000000000002d04       0x8c /usr/local/mcuxpressoide-11.7.0_9198/ide/plugins/com.nxp.mcuxpresso.tools.linux_11.7.0.202209140929/tools/bin/../lib/gcc/arm-none-eabi/10.3.1/thumb/v6-m/nofp/libgcc.a(gesf2.o)
                0x0000000000002d04                __gtsf2
                0x0000000000002d04                __gesf2
 .text          0x0000000000002d90       0x88 /usr/local/mcuxpressoide-11.7.0_9198/ide/plugins/com.nxp.mcuxpresso.tools.linux_11.7.0.202209140929/tools/bin/../lib/gcc/arm-none-eabi/10.3.1/thumb/v6-m/nofp/libgcc.a(lesf2.o)
                0x0000000000002d90                __lesf2
                0x0000000000002d90                __ltsf2
 .text          0x0000000000002e18       0x40 /usr/local/mcuxpressoide-11.7.0_9198/ide/plugins/com.nxp.mcuxpresso.tools.linux_11.7.0.202209140929/tools/bin/../lib/gcc/arm-none-eabi/10.3.1/thumb/v6-m/nofp/libgcc.a(fixsfsi.o)
                0x0000000000002e18                __aeabi_f2iz
 .text          0x0000000000002e58      0x678 /usr/local/mcuxpressoide-11.7.0_9198/ide/plugins/com.nxp.mcuxpresso.tools.linux_11.7.0.202209140929/tools/bin/../lib/gcc/arm-none-eabi/10.3.1/thumb/v6-m/nofp/libgcc.a(adddf3.o)
                0x0000000000002e58                __aeabi_dadd
 .text          0x00000000000034d0      0x5ec /usr/local/mcuxpressoide-11.7.0_9198/ide/plugins/com.nxp.mcuxpresso.tools.linux_11.7.0.202209140929/tools/bin/../lib/gcc/arm-none-eabi/10.3.1/thumb/v6-m/nofp/libgcc.a(divdf3.o)
                0x00000000000034d0                __aeabi_ddiv
 .text          0x0000000000003abc      0x4d8 /usr/local/mcuxpressoide-11.7.0_9198/ide/plugins/com.nxp.mcuxpresso.tools.linux_11.7.0.202209140929/tools/bin/../lib/gcc/arm-none-eabi/10.3.1/thumb/v6-m/nofp/libgcc.a(muldf3.o)
                0x0000000000003abc                __aeabi_dmul
 .text          0x0000000000003f94      0x724 /usr/local/mcuxpressoide-11.7.0_9198/ide/plugins/com.nxp.mcuxpresso.tools.linux_11.7.0.202209140929/tools/bin/../lib/gcc/arm-none-eabi/10.3.1/thumb/v6-m/nofp/libgcc.a(subdf3.o)
                0x0000000000003f94                __aeabi_dsub
 .text          0x00000000000046b8       0x6c /usr/local/mcuxpressoide-11.7.0_9198/ide/plugins/com.nxp.mcuxpresso.tools.linux_11.7.0.202209140929/tools/bin/../lib/gcc/arm-none-eabi/10.3.1/thumb/v6-m/nofp/libgcc.a(fixdfsi.o)
                0x00000000000046b8                __aeabi_d2iz
 .text          0x0000000000004724       0x60 /usr/local/mcuxpressoide-11.7.0_9198/ide/plugins/com.nxp.mcuxpresso.tools.linux_11.7.0.202209140929/tools/bin/../lib/gcc/arm-none-eabi/10.3.1/thumb/v6-m/nofp/libgcc.a(floatsidf.o)
                0x0000000000004724                __aeabi_i2d
 .text          0x0000000000004784       0x4c /usr/local/mcuxpressoide-11.7.0_9198/ide/plugins/com.nxp.mcuxpresso.tools.linux_11.7.0.202209140929/tools/bin/../lib/gcc/arm-none-eabi/10.3.1/thumb/v6-m/nofp/libgcc.a(floatunsidf.o)
                0x0000000000004784                __aeabi_ui2d
 .text          0x00000000000047d0       0x90 /usr/local/mcuxpressoide-11.7.0_9198/ide/plugins/com.nxp.mcuxpresso.tools.linux_11.7.0.202209140929/tools/bin/../lib/gcc/arm-none-eabi/10.3.1/thumb/v6-m/nofp/libgcc.a(extendsfdf2.o)
                0x00000000000047d0                __aeabi_f2d
 .text          0x0000000000004860       0x7c /usr/local/mcuxpressoide-11.7.0_9198/ide/plugins/com.nxp.mcuxpresso.tools.linux_11.7.0.202209140929/tools/bin/../lib/gcc/arm-none-eabi/10.3.1/thumb/v6-m/nofp/libgcc.a(_arm_cmpdf2.o)
                0x0000000000004860                __aeabi_cdrcmple
                0x0000000000004870                __aeabi_cdcmple
                0x0000000000004870                __aeabi_cdcmpeq
                0x0000000000004880                __aeabi_dcmpeq
                0x000000000000488c                __aeabi_dcmplt
                0x00000000000048a0                __aeabi_dcmple
                0x00000000000048b4                __aeabi_dcmpgt
                0x00000000000048c8                __aeabi_dcmpge
 .text          0x00000000000048dc       0x3c /usr/local/mcuxpressoide-11.7.0_9198/ide/plugins/com.nxp.mcuxpresso.tools.linux_11.7.0.202209140929/tools/bin/../lib/gcc/arm-none-eabi/10.3.1/thumb/v6-m/nofp/libgcc.a(_clzsi2.o)
                0x00000000000048dc                __clzsi2
 .text          0x0000000000004918       0x84 /usr/local/mcuxpressoide-11.7.0_9198/ide/plugins/com.nxp.mcuxpresso.tools.linux_11.7.0.202209140929/tools/bin/../lib/gcc/arm-none-eabi/10.3.1/thumb/v6-m/nofp/libgcc.a(eqdf2.o)
                0x0000000000004918                __eqdf2
                0x0000000000004918                __nedf2
 .text          0x000000000000499c       0xcc /usr/local/mcuxpressoide-11.7.0_9198/ide/plugins/com.nxp.mcuxpresso.tools.linux_11.7.0.202209140929/tools/bin/../lib/gcc/arm-none-eabi/10.3.1/thumb/v6-m/nofp/libgcc.a(gedf2.o)
                0x000000000000499c                __gtdf2
                0x000000000000499c                __gedf2
 .text          0x0000000000004a68       0xc8 /usr/local/mcuxpressoide-11.7.0_9198/ide/plugins/com.nxp.mcuxpresso.tools.linux_11.7.0.202209140929/tools/bin/../lib/gcc/arm-none-eabi/10.3.1/thumb/v6-m/nofp/libgcc.a(ledf2.o)
                0x0000000000004a68                __ltdf2
                0x0000000000004a68                __ledf2
 .text.__libc_init_array
                0x0000000000004b30       0x48 /usr/local/mcuxpressoide-11.7.0_9198/ide/plugins/com.nxp.mcuxpresso.tools.linux_11.7.0.202209140929/tools/bin/../lib/gcc/arm-none-eabi/10.3.1/../../../../arm-none-eabi/lib/thumb/v6-m/nofp/libc_nano.a(lib_a-init.o)
                0x0000000000004b30                __libc_init_array
 .text          0x0000000000004b78       0x48 /usr/local/mcuxpressoide-11.7.0_9198/ide/plugins/com.nxp.mcuxpresso.tools.linux_11.7.0.202209140929/tools/bin/../lib/gcc/arm-none-eabi/10.3.1/thumb/v6-m/nofp/crtbegin.o
 .text.UART_EnableTx
                0x0000000000004bc0       0x40 ./utilities/fsl_debug_console.o
 .text.UART_EnableRx
                0x0000000000004c00       0x40 ./utilities/fsl_debug_console.o
 .text.LPSCI_EnableTx
                0x0000000000004c40       0x40 ./utilities/fsl_debug_console.o
 .text.LPSCI_EnableRx
                0x0000000000004c80       0x40 ./utilities/fsl_debug_console.o
 .text.DbgConsole_PrintfPaddingCharacter
                0x0000000000004cc0       0x48 ./utilities/fsl_debug_console.o
 .text.DbgConsole_ConvertRadixNumToString
                0x0000000000004d08      0x114 ./utilities/fsl_debug_console.o
 .text.DbgConsole_PrintfFormattedData
                0x0000000000004e1c      0x33a ./utilities/fsl_debug_console.o
 .text.main     0x0000000000005156       0x20 ./source/NXP-DRY-2023.o
                0x0000000000005156                main
 .text.OSC_SetExtRefClkConfig
                0x0000000000005176       0x3e ./drivers/fsl_clock.o
 .text.OSC_SetCapLoad
                0x00000000000051b4       0x42 ./drivers/fsl_clock.o
 .text.CLOCK_GetPll0RefFreq
                0x00000000000051f6       0x10 ./drivers/fsl_clock.o
 .text.CLOCK_SetExternalRefClkConfig
                0x0000000000005206       0x16 ./drivers/fsl_clock.o
                0x0000000000005206                CLOCK_SetExternalRefClkConfig
 .text.LPSCI_GetStatusFlags
                0x000000000000521c       0x26 ./drivers/fsl_lpsci.o
                0x000000000000521c                LPSCI_GetStatusFlags
 .text.UART_GetStatusFlags
                0x0000000000005242       0x26 ./drivers/fsl_uart.o
                0x0000000000005242                UART_GetStatusFlags
 .text.UART_WriteBlocking
                0x0000000000005268       0x3c ./drivers/fsl_uart.o
                0x0000000000005268                UART_WriteBlocking
 .text.BOARD_InitBootClocks
                0x00000000000052a4        0xe ./board/clock_config.o
                0x00000000000052a4                BOARD_InitBootClocks
 .text.BOARD_InitBootPeripherals
                0x00000000000052b2        0xa ./board/peripherals.o
                0x00000000000052b2                BOARD_InitBootPeripherals
 .text.BOARD_InitBootPins
                0x00000000000052bc        0xe ./board/pin_mux.o
                0x00000000000052bc                BOARD_InitBootPins
 .text.enable_irq
                0x00000000000052ca       0x24 ./application/Debug.o
 .text.buf_reset
                0x00000000000052ee       0x28 ./application/Debug.o
                0x00000000000052ee                buf_reset
 .text.buf_len  0x0000000000005316       0x38 ./application/Debug.o
                0x0000000000005316                buf_len
 .text.buf_isfull
                0x000000000000534e       0x2a ./application/Debug.o
                0x000000000000534e                buf_isfull
 .text.buf_isempty
                0x0000000000005378       0x24 ./application/Debug.o
                0x0000000000005378                buf_isempty
 .text.advance  0x000000000000539c       0x3a ./application/Debug.o
                0x000000000000539c                advance
 .text.buf_get_byte
                0x00000000000053d6       0x44 ./application/Debug.o
                0x00000000000053d6                buf_get_byte
 .text.buf_put_byte
                0x000000000000541a       0x44 ./application/Debug.o
                0x000000000000541a                buf_put_byte
 .text._ZN7EncoderC2Ev
                0x000000000000545e       0x36 ./application/Encoder.o
                0x000000000000545e                Encoder::Encoder()
                0x000000000000545e                Encoder::Encoder()
 .text._ZN8MovementC2Ev
                0x0000000000005494       0x3c ./application/Movement.o
                0x0000000000005494                Movement::Movement()
                0x0000000000005494                Movement::Movement()
 .text._ZN8Movement3setEif
                0x00000000000054d0       0x32 ./application/Movement.o
                0x00000000000054d0                Movement::set(int, float)
 .text          0x0000000000005502        0xe /usr/local/mcuxpressoide-11.7.0_9198/ide/plugins/com.nxp.mcuxpresso.tools.linux_11.7.0.202209140929/tools/bin/../lib/gcc/arm-none-eabi/10.3.1/../../../../arm-none-eabi/lib/thumb/v6-m/nofp/libc_nano.a(lib_a-strlen.o)
                0x0000000000005502                strlen
 *(SORT_BY_ALIGNMENT(.rodata) SORT_BY_ALIGNMENT(.rodata.*) SORT_BY_ALIGNMENT(.constdata) SORT_BY_ALIGNMENT(.constdata.*))
 .rodata.CLOCK_GetMcgExtClkFreq.str1.4
                0x0000000000005510       0x18 ./drivers/fsl_clock.o
 .rodata.CLOCK_GetPll0Freq.str1.4
                0x0000000000005528        0xb ./drivers/fsl_clock.o
 *fill*         0x0000000000005533        0x1 ff
 .rodata.CLOCK_EnablePll0.str1.4
                0x0000000000005534        0x7 ./drivers/fsl_clock.o
 *fill*         0x000000000000553b        0x1 ff
 .rodata.__func__.8
                0x000000000000553c       0x17 ./drivers/fsl_clock.o
 *fill*         0x0000000000005553        0x1 ff
 .rodata.fllFactorTable.5
                0x0000000000005554       0x10 ./drivers/fsl_clock.o
 .rodata.__func__.4
                0x0000000000005564       0x12 ./drivers/fsl_clock.o
 *fill*         0x0000000000005576        0x2 ff
 .rodata.__func__.3
                0x0000000000005578       0x11 ./drivers/fsl_clock.o
 *fill*         0x0000000000005589        0x3 ff
 .rodata.__func__.1
                0x000000000000558c       0x11 ./drivers/fsl_clock.o
 *fill*         0x000000000000559d        0x3 ff
 .rodata.__func__.0
                0x00000000000055a0       0x14 ./drivers/fsl_clock.o
 .rodata.__assert_func.str1.4
                0x00000000000055b4       0x3e ./drivers/fsl_common.o
 *fill*         0x00000000000055f2        0x2 ff
 .rodata.LPSCI_GetInstance.str1.4
                0x00000000000055f4       0x30 ./drivers/fsl_lpsci.o
 .rodata.LPSCI_ReadNonBlocking.str1.4
                0x0000000000005624        0x5 ./drivers/fsl_lpsci.o
 *fill*         0x0000000000005629        0x3 ff
 .rodata.LPSCI_Init.str1.4
                0x000000000000562c       0x15 ./drivers/fsl_lpsci.o
                                         0x1d (size before relaxing)
 *fill*         0x0000000000005641        0x3 ff
 .rodata.__func__.19
                0x0000000000005644       0x12 ./drivers/fsl_lpsci.o
 *fill*         0x0000000000005656        0x2 ff
 .rodata.__func__.14
                0x0000000000005658        0xb ./drivers/fsl_lpsci.o
 *fill*         0x0000000000005663        0x1 ff
 .rodata.__func__.13
                0x0000000000005664       0x17 ./drivers/fsl_lpsci.o
 *fill*         0x000000000000567b        0x1 ff
 .rodata.__func__.11
                0x000000000000567c       0x14 ./drivers/fsl_lpsci.o
 .rodata.__func__.10
                0x0000000000005690       0x13 ./drivers/fsl_lpsci.o
 *fill*         0x00000000000056a3        0x1 ff
 .rodata.s_uartBases
                0x00000000000056a4        0xc ./drivers/fsl_uart.o
 .rodata.s_uartClock
                0x00000000000056b0        0xc ./drivers/fsl_uart.o
 .rodata.UART_GetInstance.str1.4
                0x00000000000056bc       0x27 ./drivers/fsl_uart.o
 .rodata.UART_Init.str1.4
                0x00000000000056e3       0x1d ./drivers/fsl_uart.o
 .rodata.UART_WriteNonBlocking.str1.4
                0x00000000000056e3        0x5 ./drivers/fsl_uart.o
 *fill*         0x00000000000056e3        0x1 ff
 .rodata.__func__.18
                0x00000000000056e4       0x11 ./drivers/fsl_uart.o
 *fill*         0x00000000000056f5        0x3 ff
 .rodata.__func__.15
                0x00000000000056f8        0xa ./drivers/fsl_uart.o
 *fill*         0x0000000000005702        0x2 ff
 .rodata.__func__.14
                0x0000000000005704       0x16 ./drivers/fsl_uart.o
 *fill*         0x000000000000571a        0x2 ff
 .rodata.__func__.11
                0x000000000000571c       0x12 ./drivers/fsl_uart.o
 *fill*         0x000000000000572e        0x2 ff
 .rodata.mcgConfig_BOARD_BootClockRUN
                0x0000000000005730        0xa ./board/clock_config.o
                0x0000000000005730                mcgConfig_BOARD_BootClockRUN
 *fill*         0x000000000000573a        0x2 ff
 .rodata.simConfig_BOARD_BootClockRUN
                0x000000000000573c        0x8 ./board/clock_config.o
                0x000000000000573c                simConfig_BOARD_BootClockRUN
 .rodata.oscConfig_BOARD_BootClockRUN
                0x0000000000005744        0x8 ./board/clock_config.o
                0x0000000000005744                oscConfig_BOARD_BootClockRUN
 .rodata.debugDisplayNbMap
                0x000000000000574c       0x44 ./application/Debug.o
                0x000000000000574c                debugDisplayNbMap
 .rodata.debug_init.str1.4
                0x0000000000005790        0xe ./application/Debug.o
 *fill*         0x000000000000579e        0x2 ff
 .rodata.BatteryVoltage.str1.4
                0x00000000000057a0       0x1a ./application/Debug.o
 *fill*         0x00000000000057ba        0x2 ff
 .rodata._Z11applicationv.str1.4
                0x00000000000057bc       0x2b ./application/application.o
 *fill*         0x00000000000057e7        0x1 ff
 .rodata._Z11applicationv
                0x00000000000057e8       0x2c ./application/application.o
 .rodata        0x0000000000005814       0x40 /usr/local/mcuxpressoide-11.7.0_9198/ide/plugins/com.nxp.mcuxpresso.tools.linux_11.7.0.202209140929/tools/bin/../lib/gcc/arm-none-eabi/10.3.1/thumb/v6-m/nofp/libgcc.a(divdf3.o)
 .rodata        0x0000000000005854       0x40 /usr/local/mcuxpressoide-11.7.0_9198/ide/plugins/com.nxp.mcuxpresso.tools.linux_11.7.0.202209140929/tools/bin/../lib/gcc/arm-none-eabi/10.3.1/thumb/v6-m/nofp/libgcc.a(muldf3.o)
                0x0000000000005894                . = ALIGN (0x4)
                0x0000000000005894                . = ALIGN (0x4)
 *(.init)
 .init          0x0000000000005894        0x4 /usr/local/mcuxpressoide-11.7.0_9198/ide/plugins/com.nxp.mcuxpresso.tools.linux_11.7.0.202209140929/tools/bin/../lib/gcc/arm-none-eabi/10.3.1/thumb/v6-m/nofp/crti.o
                0x0000000000005894                _init
 .init          0x0000000000005898        0x8 /usr/local/mcuxpressoide-11.7.0_9198/ide/plugins/com.nxp.mcuxpresso.tools.linux_11.7.0.202209140929/tools/bin/../lib/gcc/arm-none-eabi/10.3.1/thumb/v6-m/nofp/crtn.o
                0x00000000000058a0                . = ALIGN (0x4)
                0x00000000000058a0                __preinit_array_start = .
 *(SORT_BY_ALIGNMENT(.preinit_array))
                0x00000000000058a0                __preinit_array_end = .
                0x00000000000058a0                . = ALIGN (0x4)
                0x00000000000058a0                __init_array_start = .
 *(SORT_BY_NAME(SORT_BY_ALIGNMENT(.init_array.*)))
 *(SORT_BY_ALIGNMENT(.init_array))
 .init_array    0x00000000000058a0        0x4 ./application/application.o
 .init_array    0x00000000000058a4        0x4 /usr/local/mcuxpressoide-11.7.0_9198/ide/plugins/com.nxp.mcuxpresso.tools.linux_11.7.0.202209140929/tools/bin/../lib/gcc/arm-none-eabi/10.3.1/thumb/v6-m/nofp/crtbegin.o
                0x00000000000058a8                __init_array_end = .
 *(.fini)
 .fini          0x00000000000058a8        0x4 /usr/local/mcuxpressoide-11.7.0_9198/ide/plugins/com.nxp.mcuxpresso.tools.linux_11.7.0.202209140929/tools/bin/../lib/gcc/arm-none-eabi/10.3.1/thumb/v6-m/nofp/crti.o
                0x00000000000058a8                _fini
 .fini          0x00000000000058ac        0x8 /usr/local/mcuxpressoide-11.7.0_9198/ide/plugins/com.nxp.mcuxpresso.tools.linux_11.7.0.202209140929/tools/bin/../lib/gcc/arm-none-eabi/10.3.1/thumb/v6-m/nofp/crtn.o
                0x00000000000058b4                . = ALIGN (0x4)
 *crtbegin.o(SORT_BY_ALIGNMENT(.ctors))
 *(SORT_BY_ALIGNMENT(EXCLUDE_FILE(*crtend.o) .ctors))
 *(SORT_BY_NAME(SORT_BY_ALIGNMENT(.ctors.*)))
 *crtend.o(SORT_BY_ALIGNMENT(.ctors))
                0x00000000000058b4                . = ALIGN (0x4)
 *crtbegin.o(SORT_BY_ALIGNMENT(.dtors))
 *(SORT_BY_ALIGNMENT(EXCLUDE_FILE(*crtend.o) .dtors))
 *(SORT_BY_NAME(SORT_BY_ALIGNMENT(.dtors.*)))
 *crtend.o(SORT_BY_ALIGNMENT(.dtors))
                0x00000000000058b4                . = ALIGN (0x4)

.glue_7         0x00000000000058b4        0x0
 .glue_7        0x00000000000058b4        0x0 linker stubs

.glue_7t        0x00000000000058b4        0x0
 .glue_7t       0x00000000000058b4        0x0 linker stubs

.vfp11_veneer   0x00000000000058b4        0x0
 .vfp11_veneer  0x00000000000058b4        0x0 linker stubs

.v4_bx          0x00000000000058b4        0x0
 .v4_bx         0x00000000000058b4        0x0 linker stubs

.iplt           0x00000000000058b4        0x0
 .iplt          0x00000000000058b4        0x0 ./utilities/fsl_debug_console.o

.rel.dyn        0x00000000000058b4        0x0
 .rel.iplt      0x00000000000058b4        0x0 ./utilities/fsl_debug_console.o

.eh_frame       0x00000000000058b4        0x0
 .eh_frame      0x00000000000058b4        0x0 /usr/local/mcuxpressoide-11.7.0_9198/ide/plugins/com.nxp.mcuxpresso.tools.linux_11.7.0.202209140929/tools/bin/../lib/gcc/arm-none-eabi/10.3.1/thumb/v6-m/nofp/crtbegin.o

.ARM.extab
 *(SORT_BY_ALIGNMENT(.ARM.extab*) SORT_BY_ALIGNMENT(.gnu.linkonce.armextab.*))

.ARM.exidx      0x00000000000058b4        0x0
                0x00000000000058b4                __exidx_start = .
 *(SORT_BY_ALIGNMENT(.ARM.exidx*) SORT_BY_ALIGNMENT(.gnu.linkonce.armexidx.*))
                0x00000000000058b4                __exidx_end = .
                0x00000000000058b4                _etext = .

.m_usb_data
 *(SORT_BY_ALIGNMENT(m_usb_bdt))

.mtb_buffer_default
                0x000000001ffff000       0x80
 *(SORT_BY_ALIGNMENT(.mtb*))
 .mtb.$RAM1     0x000000001ffff000       0x80 ./source/mtb.o
                0x000000001ffff000                __mtb_buffer__

.uninit_RESERVED
                0x000000001ffff080        0x0
                0x000000001ffff080                _start_uninit_RESERVED = .
 *(SORT_BY_ALIGNMENT(.bss.$RESERVED*))
                0x000000001ffff080                . = ALIGN (0x4)
                0x000000001ffff080                _end_uninit_RESERVED = .

.data           0x000000001ffff080       0x18 load address 0x00000000000058b4
 FILL mask 0xff
                0x000000001ffff080                _data = .
                [!provide]                        PROVIDE (__start_data_RAM = .)
                [!provide]                        PROVIDE (__start_data_SRAM = .)
 *(SORT_BY_ALIGNMENT(vtable))
 *(SORT_BY_ALIGNMENT(.ramfunc*))
 *(SORT_BY_ALIGNMENT(CodeQuickAccess))
 *(SORT_BY_ALIGNMENT(DataQuickAccess))
 *(SORT_BY_ALIGNMENT(RamFunction))
 *(SORT_BY_ALIGNMENT(.data*))
 .data.s_slowIrcFreq
                0x000000001ffff080        0x4 ./drivers/fsl_clock.o
 .data.V        0x000000001ffff084        0x4 ./application/application.o
                0x000000001ffff084                V
 .data.Vset     0x000000001ffff088        0x4 ./application/application.o
                0x000000001ffff088                Vset
 .data.Vslow    0x000000001ffff08c        0x4 ./application/application.o
                0x000000001ffff08c                Vslow
 .data.VslowTH  0x000000001ffff090        0x4 ./application/application.o
                0x000000001ffff090                VslowTH
 .data.SystemCoreClock
                0x000000001ffff094        0x4 ./CMSIS/system_MKL25Z4.o
                0x000000001ffff094                SystemCoreClock
                0x000000001ffff098                . = ALIGN (0x4)
                0x000000001ffff098                _edata = .
                [!provide]                        PROVIDE (__end_data_RAM = .)
                [!provide]                        PROVIDE (__end_data_SRAM = .)

.igot.plt       0x000000001ffff098        0x0 load address 0x00000000000058cc
 .igot.plt      0x000000001ffff098        0x0 ./utilities/fsl_debug_console.o

.bss            0x000000001ffff098      0x4d0
                0x000000001ffff098                _bss = .
                [!provide]                        PROVIDE (__start_bss_RAM = .)
                [!provide]                        PROVIDE (__start_bss_SRAM = .)
 *(SORT_BY_ALIGNMENT(.bss*))
 .bss.s_debugConsole
                0x000000001ffff098       0x10 ./utilities/fsl_debug_console.o
 .bss.g_xtal0Freq
                0x000000001ffff0a8        0x4 ./drivers/fsl_clock.o
                0x000000001ffff0a8                g_xtal0Freq
 .bss.s_lpsciHandle
                0x000000001ffff0ac        0x4 ./drivers/fsl_lpsci.o
 .bss.s_lpsciIsr
                0x000000001ffff0b0        0x4 ./drivers/fsl_lpsci.o
 .bss.s_uartHandle
                0x000000001ffff0b4        0xc ./drivers/fsl_uart.o
 .bss.s_uartIsr
                0x000000001ffff0c0        0x4 ./drivers/fsl_uart.o
 .bss._tx_buffer
                0x000000001ffff0c4      0x106 ./application/Debug.o
 *fill*         0x000000001ffff1ca        0x2 
 .bss._rx_buffer
                0x000000001ffff1cc      0x106 ./application/Debug.o
 *fill*         0x000000001ffff2d2        0x2 
 .bss.n         0x000000001ffff2d4        0x4 ./application/application.o
                0x000000001ffff2d4                n
 .bss.myMovement
                0x000000001ffff2d8       0x2c ./application/application.o
                0x000000001ffff2d8                myMovement
 .bss.camera    0x000000001ffff304      0x244 ./application/application.o
                0x000000001ffff304                camera
 .bss           0x000000001ffff548       0x1c /usr/local/mcuxpressoide-11.7.0_9198/ide/plugins/com.nxp.mcuxpresso.tools.linux_11.7.0.202209140929/tools/bin/../lib/gcc/arm-none-eabi/10.3.1/thumb/v6-m/nofp/crtbegin.o
 .bss.FLAG_SEND_IMG
                0x000000001ffff564        0x1 ./application/application.o
                0x000000001ffff564                FLAG_SEND_IMG
 .bss.FLAG_ENABLE_LOG_IMG
                0x000000001ffff565        0x1 ./application/application.o
                0x000000001ffff565                FLAG_ENABLE_LOG_IMG
 .bss.FLAG_ENABLE_LOG_SERVO
                0x000000001ffff566        0x1 ./application/application.o
                0x000000001ffff566                FLAG_ENABLE_LOG_SERVO
 *(SORT_BY_ALIGNMENT(COMMON))
                0x000000001ffff568                . = ALIGN (0x4)
 *fill*         0x000000001ffff567        0x1 
                0x000000001ffff568                _ebss = .
                [!provide]                        PROVIDE (__end_bss_RAM = .)
                [!provide]                        PROVIDE (__end_bss_SRAM = .)
                [!provide]                        PROVIDE (end = .)

.noinit         0x000000001ffff568        0x0
                0x000000001ffff568                _noinit = .
                [!provide]                        PROVIDE (__start_noinit_RAM = .)
                [!provide]                        PROVIDE (__start_noinit_SRAM = .)
 *(SORT_BY_ALIGNMENT(.noinit*))
                0x000000001ffff568                . = ALIGN (0x4)
                0x000000001ffff568                _end_noinit = .
                [!provide]                        PROVIDE (__end_noinit_RAM = .)
                [!provide]                        PROVIDE (__end_noinit_SRAM = .)
                0x0000000000000400                _HeapSize = 0x400

.heap           0x000000001ffff568      0x400
                0x000000001ffff568                _pvHeapStart = .
                0x000000001ffff968                . = (. + _HeapSize)
 *fill*         0x000000001ffff568      0x400 
                0x000000001ffff968                . = ALIGN (0x4)
                0x000000001ffff968                _pvHeapLimit = .
                0x0000000000000400                _StackSize = 0x400

.heap2stackfill
                0x000000001ffff968      0x400
                0x000000001ffffd68                . = (. + _StackSize)
 *fill*         0x000000001ffff968      0x400 

.stack          0x0000000020002c00        0x0
                0x0000000020002c00                _vStackBase = .
                0x0000000020002c00                . = ALIGN (0x4)
                0x0000000020003000                _vStackTop = (. + _StackSize)
                0x0000000000000000                _image_start = LOADADDR (.text)
                0x00000000000058cc                _image_end = (LOADADDR (.data) + SIZEOF (.data))
                0x00000000000058cc                _image_size = (_image_end - _image_start)
OUTPUT(NXP-DRY-2023.axf elf32-littlearm)
LOAD linker stubs

.debug_info     0x0000000000000000    0x112e8
 .debug_info    0x0000000000000000      0xe60 ./utilities/fsl_debug_console.o
 .debug_info    0x0000000000000e60      0x4ee ./startup/startup_mkl25z4.o
 .debug_info    0x000000000000134e       0x99 ./source/NXP-DRY-2023.o
 .debug_info    0x00000000000013e7       0x53 ./source/mtb.o
 .debug_info    0x000000000000143a       0x3c ./source/semihost_hardfault.o
 .debug_info    0x0000000000001476     0x1b79 ./drivers/fsl_clock.o
 .debug_info    0x0000000000002fef      0x42d ./drivers/fsl_common.o
 .debug_info    0x000000000000341c     0x1678 ./drivers/fsl_lpsci.o
 .debug_info    0x0000000000004a94     0x15f5 ./drivers/fsl_uart.o
 .debug_info    0x0000000000006089      0x3ba ./board/board.o
 .debug_info    0x0000000000006443      0xae2 ./board/clock_config.o
 .debug_info    0x0000000000006f25       0x3c ./board/peripherals.o
 .debug_info    0x0000000000006f61      0x56d ./board/pin_mux.o
 .debug_info    0x00000000000074ce      0xf6b ./application/Debug.o
 .debug_info    0x0000000000008439      0x777 ./application/Encoder.o
 .debug_info    0x0000000000008bb0     0x39e8 ./application/ImageProcessing.o
 .debug_info    0x000000000000c598      0x485 ./application/Motor.o
 .debug_info    0x000000000000ca1d      0x5db ./application/Movement.o
 .debug_info    0x000000000000cff8     0x3989 ./application/application.o
 .debug_info    0x0000000000010981      0x542 ./application/servo.o
 .debug_info    0x0000000000010ec3      0x425 ./CMSIS/system_MKL25Z4.o

.debug_abbrev   0x0000000000000000     0x2843
 .debug_abbrev  0x0000000000000000      0x2a5 ./utilities/fsl_debug_console.o
 .debug_abbrev  0x00000000000002a5      0x18e ./startup/startup_mkl25z4.o
 .debug_abbrev  0x0000000000000433       0x4e ./source/NXP-DRY-2023.o
 .debug_abbrev  0x0000000000000481       0x46 ./source/mtb.o
 .debug_abbrev  0x00000000000004c7       0x31 ./source/semihost_hardfault.o
 .debug_abbrev  0x00000000000004f8      0x34a ./drivers/fsl_clock.o
 .debug_abbrev  0x0000000000000842      0x25b ./drivers/fsl_common.o
 .debug_abbrev  0x0000000000000a9d      0x2e4 ./drivers/fsl_lpsci.o
 .debug_abbrev  0x0000000000000d81      0x2fe ./drivers/fsl_uart.o
 .debug_abbrev  0x000000000000107f      0x11b ./board/board.o
 .debug_abbrev  0x000000000000119a      0x201 ./board/clock_config.o
 .debug_abbrev  0x000000000000139b       0x31 ./board/peripherals.o
 .debug_abbrev  0x00000000000013cc      0x189 ./board/pin_mux.o
 .debug_abbrev  0x0000000000001555      0x377 ./application/Debug.o
 .debug_abbrev  0x00000000000018cc      0x205 ./application/Encoder.o
 .debug_abbrev  0x0000000000001ad1      0x3d8 ./application/ImageProcessing.o
 .debug_abbrev  0x0000000000001ea9       0xdf ./application/Motor.o
 .debug_abbrev  0x0000000000001f88      0x20e ./application/Movement.o
 .debug_abbrev  0x0000000000002196      0x451 ./application/application.o
 .debug_abbrev  0x00000000000025e7      0x12e ./application/servo.o
 .debug_abbrev  0x0000000000002715      0x12e ./CMSIS/system_MKL25Z4.o

.debug_aranges  0x0000000000000000      0xa10
 .debug_aranges
                0x0000000000000000       0x90 ./utilities/fsl_debug_console.o
 .debug_aranges
                0x0000000000000090      0x160 ./startup/startup_mkl25z4.o
 .debug_aranges
                0x00000000000001f0       0x20 ./source/NXP-DRY-2023.o
 .debug_aranges
                0x0000000000000210       0x18 ./source/mtb.o
 .debug_aranges
                0x0000000000000228       0x20 ./source/semihost_hardfault.o
 .debug_aranges
                0x0000000000000248      0x1d8 ./drivers/fsl_clock.o
 .debug_aranges
                0x0000000000000420       0x38 ./drivers/fsl_common.o
 .debug_aranges
                0x0000000000000458      0x118 ./drivers/fsl_lpsci.o
 .debug_aranges
                0x0000000000000570      0x130 ./drivers/fsl_uart.o
 .debug_aranges
                0x00000000000006a0       0x28 ./board/board.o
 .debug_aranges
                0x00000000000006c8       0x58 ./board/clock_config.o
 .debug_aranges
                0x0000000000000720       0x20 ./board/peripherals.o
 .debug_aranges
                0x0000000000000740       0x38 ./board/pin_mux.o
 .debug_aranges
                0x0000000000000778       0xf0 ./application/Debug.o
 .debug_aranges
                0x0000000000000868       0x40 ./application/Encoder.o
 .debug_aranges
                0x00000000000008a8       0x58 ./application/ImageProcessing.o
 .debug_aranges
                0x0000000000000900       0x20 ./application/Motor.o
 .debug_aranges
                0x0000000000000920       0x58 ./application/Movement.o
 .debug_aranges
                0x0000000000000978       0x48 ./application/application.o
 .debug_aranges
                0x00000000000009c0       0x28 ./application/servo.o
 .debug_aranges
                0x00000000000009e8       0x28 ./CMSIS/system_MKL25Z4.o

.debug_ranges   0x0000000000000000      0x8b8
 .debug_ranges  0x0000000000000000       0x80 ./utilities/fsl_debug_console.o
 .debug_ranges  0x0000000000000080      0x150 ./startup/startup_mkl25z4.o
 .debug_ranges  0x00000000000001d0       0x10 ./source/NXP-DRY-2023.o
 .debug_ranges  0x00000000000001e0       0x10 ./source/semihost_hardfault.o
 .debug_ranges  0x00000000000001f0      0x1c8 ./drivers/fsl_clock.o
 .debug_ranges  0x00000000000003b8       0x28 ./drivers/fsl_common.o
 .debug_ranges  0x00000000000003e0      0x108 ./drivers/fsl_lpsci.o
 .debug_ranges  0x00000000000004e8      0x120 ./drivers/fsl_uart.o
 .debug_ranges  0x0000000000000608       0x18 ./board/board.o
 .debug_ranges  0x0000000000000620       0x48 ./board/clock_config.o
 .debug_ranges  0x0000000000000668       0x10 ./board/peripherals.o
 .debug_ranges  0x0000000000000678       0x28 ./board/pin_mux.o
 .debug_ranges  0x00000000000006a0       0xe0 ./application/Debug.o
 .debug_ranges  0x0000000000000780       0x30 ./application/Encoder.o
 .debug_ranges  0x00000000000007b0       0x48 ./application/ImageProcessing.o
 .debug_ranges  0x00000000000007f8       0x10 ./application/Motor.o
 .debug_ranges  0x0000000000000808       0x48 ./application/Movement.o
 .debug_ranges  0x0000000000000850       0x38 ./application/application.o
 .debug_ranges  0x0000000000000888       0x18 ./application/servo.o
 .debug_ranges  0x00000000000008a0       0x18 ./CMSIS/system_MKL25Z4.o

.debug_macro    0x0000000000000000     0xcd55
 .debug_macro   0x0000000000000000      0x22e ./utilities/fsl_debug_console.o
 .debug_macro   0x000000000000022e      0xa78 ./utilities/fsl_debug_console.o
 .debug_macro   0x0000000000000ca6       0x58 ./utilities/fsl_debug_console.o
 .debug_macro   0x0000000000000cfe       0x18 ./utilities/fsl_debug_console.o
 .debug_macro   0x0000000000000d16       0x22 ./utilities/fsl_debug_console.o
 .debug_macro   0x0000000000000d38       0x4c ./utilities/fsl_debug_console.o
 .debug_macro   0x0000000000000d84       0x94 ./utilities/fsl_debug_console.o
 .debug_macro   0x0000000000000e18       0x3c ./utilities/fsl_debug_console.o
 .debug_macro   0x0000000000000e54       0x34 ./utilities/fsl_debug_console.o
 .debug_macro   0x0000000000000e88       0x16 ./utilities/fsl_debug_console.o
 .debug_macro   0x0000000000000e9e      0x10e ./utilities/fsl_debug_console.o
 .debug_macro   0x0000000000000fac       0x8d ./utilities/fsl_debug_console.o
 .debug_macro   0x0000000000001039       0x16 ./utilities/fsl_debug_console.o
 .debug_macro   0x000000000000104f       0x43 ./utilities/fsl_debug_console.o
 .debug_macro   0x0000000000001092       0x57 ./utilities/fsl_debug_console.o
 .debug_macro   0x00000000000010e9       0x34 ./utilities/fsl_debug_console.o
 .debug_macro   0x000000000000111d       0x10 ./utilities/fsl_debug_console.o
 .debug_macro   0x000000000000112d       0x58 ./utilities/fsl_debug_console.o
 .debug_macro   0x0000000000001185       0x71 ./utilities/fsl_debug_console.o
 .debug_macro   0x00000000000011f6       0x1c ./utilities/fsl_debug_console.o
 .debug_macro   0x0000000000001212      0x12a ./utilities/fsl_debug_console.o
 .debug_macro   0x000000000000133c      0x341 ./utilities/fsl_debug_console.o
 .debug_macro   0x000000000000167d       0x16 ./utilities/fsl_debug_console.o
 .debug_macro   0x0000000000001693       0x29 ./utilities/fsl_debug_console.o
 .debug_macro   0x00000000000016bc      0x19b ./utilities/fsl_debug_console.o
 .debug_macro   0x0000000000001857       0x16 ./utilities/fsl_debug_console.o
 .debug_macro   0x000000000000186d       0x22 ./utilities/fsl_debug_console.o
 .debug_macro   0x000000000000188f      0x103 ./utilities/fsl_debug_console.o
 .debug_macro   0x0000000000001992       0x6a ./utilities/fsl_debug_console.o
 .debug_macro   0x00000000000019fc      0x1df ./utilities/fsl_debug_console.o
 .debug_macro   0x0000000000001bdb       0x16 ./utilities/fsl_debug_console.o
 .debug_macro   0x0000000000001bf1       0x35 ./utilities/fsl_debug_console.o
 .debug_macro   0x0000000000001c26       0x10 ./utilities/fsl_debug_console.o
 .debug_macro   0x0000000000001c36       0x3f ./utilities/fsl_debug_console.o
 .debug_macro   0x0000000000001c75       0x3a ./utilities/fsl_debug_console.o
 .debug_macro   0x0000000000001caf       0x26 ./utilities/fsl_debug_console.o
 .debug_macro   0x0000000000001cd5      0x329 ./utilities/fsl_debug_console.o
 .debug_macro   0x0000000000001ffe       0x30 ./utilities/fsl_debug_console.o
 .debug_macro   0x000000000000202e     0x51e2 ./utilities/fsl_debug_console.o
 .debug_macro   0x0000000000007210     0x1352 ./utilities/fsl_debug_console.o
 .debug_macro   0x0000000000008562       0x3a ./utilities/fsl_debug_console.o
 .debug_macro   0x000000000000859c       0xf4 ./utilities/fsl_debug_console.o
 .debug_macro   0x0000000000008690       0x35 ./utilities/fsl_debug_console.o
 .debug_macro   0x00000000000086c5       0x34 ./utilities/fsl_debug_console.o
 .debug_macro   0x00000000000086f9       0x10 ./utilities/fsl_debug_console.o
 .debug_macro   0x0000000000008709       0x10 ./utilities/fsl_debug_console.o
 .debug_macro   0x0000000000008719       0x2a ./startup/startup_mkl25z4.o
 .debug_macro   0x0000000000008743      0xb50 ./startup/startup_mkl25z4.o
 .debug_macro   0x0000000000009293      0x2bb ./source/NXP-DRY-2023.o
 .debug_macro   0x000000000000954e       0x34 ./source/NXP-DRY-2023.o
 .debug_macro   0x0000000000009582       0x16 ./source/NXP-DRY-2023.o
 .debug_macro   0x0000000000009598       0x97 ./source/NXP-DRY-2023.o
 .debug_macro   0x000000000000962f      0x364 ./source/NXP-DRY-2023.o
 .debug_macro   0x0000000000009993      0x104 ./source/NXP-DRY-2023.o
 .debug_macro   0x0000000000009a97       0x10 ./source/NXP-DRY-2023.o
 .debug_macro   0x0000000000009aa7       0x43 ./source/NXP-DRY-2023.o
 .debug_macro   0x0000000000009aea       0x16 ./source/NXP-DRY-2023.o
 .debug_macro   0x0000000000009b00       0x10 ./source/NXP-DRY-2023.o
 .debug_macro   0x0000000000009b10       0x1c ./source/NXP-DRY-2023.o
 .debug_macro   0x0000000000009b2c       0x52 ./source/NXP-DRY-2023.o
 .debug_macro   0x0000000000009b7e       0x22 ./source/NXP-DRY-2023.o
 .debug_macro   0x0000000000009ba0       0x10 ./source/NXP-DRY-2023.o
 .debug_macro   0x0000000000009bb0       0x52 ./source/NXP-DRY-2023.o
 .debug_macro   0x0000000000009c02       0xd5 ./source/NXP-DRY-2023.o
 .debug_macro   0x0000000000009cd7       0x1c ./source/NXP-DRY-2023.o
 .debug_macro   0x0000000000009cf3       0x3d ./source/NXP-DRY-2023.o
 .debug_macro   0x0000000000009d30       0x16 ./source/NXP-DRY-2023.o
 .debug_macro   0x0000000000009d46      0x137 ./source/NXP-DRY-2023.o
 .debug_macro   0x0000000000009e7d       0x10 ./source/NXP-DRY-2023.o
 .debug_macro   0x0000000000009e8d       0x16 ./source/NXP-DRY-2023.o
 .debug_macro   0x0000000000009ea3      0x34e ./source/NXP-DRY-2023.o
 .debug_macro   0x000000000000a1f1       0x35 ./source/NXP-DRY-2023.o
 .debug_macro   0x000000000000a226      0x329 ./source/NXP-DRY-2023.o
 .debug_macro   0x000000000000a54f       0x16 ./source/NXP-DRY-2023.o
 .debug_macro   0x000000000000a565       0x10 ./source/NXP-DRY-2023.o
 .debug_macro   0x000000000000a575      0x112 ./source/NXP-DRY-2023.o
 .debug_macro   0x000000000000a687       0x3a ./source/NXP-DRY-2023.o
 .debug_macro   0x000000000000a6c1       0x2f ./source/mtb.o
 .debug_macro   0x000000000000a6f0       0x82 ./source/mtb.o
 .debug_macro   0x000000000000a772       0x10 ./source/mtb.o
 .debug_macro   0x000000000000a782       0x11 ./source/semihost_hardfault.o
 .debug_macro   0x000000000000a793      0x277 ./drivers/fsl_clock.o
 .debug_macro   0x000000000000aa0a      0x174 ./drivers/fsl_clock.o
 .debug_macro   0x000000000000ab7e       0x10 ./drivers/fsl_clock.o
 .debug_macro   0x000000000000ab8e      0x1d0 ./drivers/fsl_common.o
 .debug_macro   0x000000000000ad5e      0x1cd ./drivers/fsl_lpsci.o
 .debug_macro   0x000000000000af2b      0x1d3 ./drivers/fsl_uart.o
 .debug_macro   0x000000000000b0fe      0x1f3 ./board/board.o
 .debug_macro   0x000000000000b2f1       0x8e ./board/board.o
 .debug_macro   0x000000000000b37f       0x51 ./board/board.o
 .debug_macro   0x000000000000b3d0       0x52 ./board/board.o
 .debug_macro   0x000000000000b422      0x204 ./board/clock_config.o
 .debug_macro   0x000000000000b626       0x1b ./board/peripherals.o
 .debug_macro   0x000000000000b641      0x1e8 ./board/pin_mux.o
 .debug_macro   0x000000000000b829       0x10 ./board/pin_mux.o
 .debug_macro   0x000000000000b839       0xc5 ./application/Debug.o
 .debug_macro   0x000000000000b8fe       0x34 ./application/Debug.o
 .debug_macro   0x000000000000b932       0xd0 ./application/Debug.o
 .debug_macro   0x000000000000ba02       0x88 ./application/Encoder.o
 .debug_macro   0x000000000000ba8a       0x22 ./application/Encoder.o
 .debug_macro   0x000000000000baac      0x2d0 ./application/ImageProcessing.o
 .debug_macro   0x000000000000bd7c       0x18 ./application/ImageProcessing.o
 .debug_macro   0x000000000000bd94      0x17b ./application/ImageProcessing.o
 .debug_macro   0x000000000000bf0f      0x194 ./application/ImageProcessing.o
 .debug_macro   0x000000000000c0a3       0x10 ./application/ImageProcessing.o
 .debug_macro   0x000000000000c0b3       0x10 ./application/ImageProcessing.o
 .debug_macro   0x000000000000c0c3      0x3c7 ./application/ImageProcessing.o
 .debug_macro   0x000000000000c48a       0x1c ./application/ImageProcessing.o
 .debug_macro   0x000000000000c4a6       0xf0 ./application/ImageProcessing.o
 .debug_macro   0x000000000000c596       0x7c ./application/ImageProcessing.o
 .debug_macro   0x000000000000c612       0xbe ./application/Motor.o
 .debug_macro   0x000000000000c6d0       0x52 ./application/Motor.o
 .debug_macro   0x000000000000c722       0xa9 ./application/Movement.o
 .debug_macro   0x000000000000c7cb       0x34 ./application/Movement.o
 .debug_macro   0x000000000000c7ff       0x58 ./application/Movement.o
 .debug_macro   0x000000000000c857       0x28 ./application/Movement.o
 .debug_macro   0x000000000000c87f       0x1c ./application/Movement.o
 .debug_macro   0x000000000000c89b      0x307 ./application/application.o
 .debug_macro   0x000000000000cba2       0x3a ./application/application.o
 .debug_macro   0x000000000000cbdc       0xbe ./application/servo.o
 .debug_macro   0x000000000000cc9a       0xbb ./CMSIS/system_MKL25Z4.o

.debug_line     0x0000000000000000     0xa01b
 .debug_line    0x0000000000000000      0xf2a ./utilities/fsl_debug_console.o
 .debug_line    0x0000000000000f2a      0x1f1 ./startup/startup_mkl25z4.o
 .debug_line    0x000000000000111b      0x736 ./source/NXP-DRY-2023.o
 .debug_line    0x0000000000001851       0xda ./source/mtb.o
 .debug_line    0x000000000000192b       0x59 ./source/semihost_hardfault.o
 .debug_line    0x0000000000001984     0x157a ./drivers/fsl_clock.o
 .debug_line    0x0000000000002efe      0x6c0 ./drivers/fsl_common.o
 .debug_line    0x00000000000035be      0xff2 ./drivers/fsl_lpsci.o
 .debug_line    0x00000000000045b0      0xfe0 ./drivers/fsl_uart.o
 .debug_line    0x0000000000005590      0x634 ./board/board.o
 .debug_line    0x0000000000005bc4      0x67c ./board/clock_config.o
 .debug_line    0x0000000000006240       0x5c ./board/peripherals.o
 .debug_line    0x000000000000629c      0x603 ./board/pin_mux.o
 .debug_line    0x000000000000689f      0xa48 ./application/Debug.o
 .debug_line    0x00000000000072e7      0x2f7 ./application/Encoder.o
 .debug_line    0x00000000000075de      0xf64 ./application/ImageProcessing.o
 .debug_line    0x0000000000008542      0x3cf ./application/Motor.o
 .debug_line    0x0000000000008911      0x381 ./application/Movement.o
 .debug_line    0x0000000000008c92      0xb14 ./application/application.o
 .debug_line    0x00000000000097a6      0x3ee ./application/servo.o
 .debug_line    0x0000000000009b94      0x487 ./CMSIS/system_MKL25Z4.o

.debug_str      0x0000000000000000    0x3dd3f
 .debug_str     0x0000000000000000    0x33ea0 ./utilities/fsl_debug_console.o
                                      0x34314 (size before relaxing)
 .debug_str     0x0000000000033ea0      0x9f0 ./startup/startup_mkl25z4.o
                                       0x34d7 (size before relaxing)
 .debug_str     0x0000000000034890     0x23b4 ./source/NXP-DRY-2023.o
                                      0x34b20 (size before relaxing)
 .debug_str     0x0000000000036c44      0x532 ./source/mtb.o
                                       0x31d0 (size before relaxing)
 .debug_str     0x0000000000037176       0x1f ./source/semihost_hardfault.o
                                       0x2cbd (size before relaxing)
 .debug_str     0x0000000000037195     0x1861 ./drivers/fsl_clock.o
                                      0x34a59 (size before relaxing)
 .debug_str     0x00000000000389f6      0x2db ./drivers/fsl_common.o
                                      0x33020 (size before relaxing)
 .debug_str     0x0000000000038cd1      0x9bf ./drivers/fsl_lpsci.o
                                      0x34048 (size before relaxing)
 .debug_str     0x0000000000039690      0x832 ./drivers/fsl_uart.o
                                      0x3406b (size before relaxing)
 .debug_str     0x0000000000039ec2       0x4c ./board/board.o
                                      0x33819 (size before relaxing)
 .debug_str     0x0000000000039f0e      0x3c1 ./board/clock_config.o
                                      0x3396c (size before relaxing)
 .debug_str     0x000000000003a2cf       0x31 ./board/peripherals.o
                                       0x2cce (size before relaxing)
 .debug_str     0x000000000003a300      0x1f2 ./board/pin_mux.o
                                      0x330b3 (size before relaxing)
 .debug_str     0x000000000003a4f2      0x64a ./application/Debug.o
                                      0x28ea3 (size before relaxing)
 .debug_str     0x000000000003ab3c      0x1d4 ./application/Encoder.o
                                      0x28b56 (size before relaxing)
 .debug_str     0x000000000003ad10     0x2913 ./application/ImageProcessing.o
                                      0x2fe30 (size before relaxing)
 .debug_str     0x000000000003d623      0x25a ./application/Motor.o
                                      0x287e3 (size before relaxing)
 .debug_str     0x000000000003d87d      0x296 ./application/Movement.o
                                      0x28eb4 (size before relaxing)
 .debug_str     0x000000000003db13      0x1ae ./application/application.o
                                      0x3086c (size before relaxing)
 .debug_str     0x000000000003dcc1       0x2f ./application/servo.o
                                      0x286b0 (size before relaxing)
 .debug_str     0x000000000003dcf0       0x4f ./CMSIS/system_MKL25Z4.o
                                      0x2f375 (size before relaxing)

.comment        0x0000000000000000       0x49
 .comment       0x0000000000000000       0x49 ./utilities/fsl_debug_console.o
                                         0x4a (size before relaxing)
 .comment       0x0000000000000049       0x4a ./startup/startup_mkl25z4.o
 .comment       0x0000000000000049       0x4a ./source/NXP-DRY-2023.o
 .comment       0x0000000000000049       0x4a ./source/mtb.o
 .comment       0x0000000000000049       0x4a ./source/semihost_hardfault.o
 .comment       0x0000000000000049       0x4a ./drivers/fsl_clock.o
 .comment       0x0000000000000049       0x4a ./drivers/fsl_common.o
 .comment       0x0000000000000049       0x4a ./drivers/fsl_lpsci.o
 .comment       0x0000000000000049       0x4a ./drivers/fsl_uart.o
 .comment       0x0000000000000049       0x4a ./board/board.o
 .comment       0x0000000000000049       0x4a ./board/clock_config.o
 .comment       0x0000000000000049       0x4a ./board/peripherals.o
 .comment       0x0000000000000049       0x4a ./board/pin_mux.o
 .comment       0x0000000000000049       0x4a ./application/Debug.o
 .comment       0x0000000000000049       0x4a ./application/Encoder.o
 .comment       0x0000000000000049       0x4a ./application/ImageProcessing.o
 .comment       0x0000000000000049       0x4a ./application/Motor.o
 .comment       0x0000000000000049       0x4a ./application/Movement.o
 .comment       0x0000000000000049       0x4a ./application/application.o
 .comment       0x0000000000000049       0x4a ./application/servo.o
 .comment       0x0000000000000049       0x4a ./CMSIS/system_MKL25Z4.o

.ARM.attributes
                0x0000000000000000       0x2a
 .ARM.attributes
                0x0000000000000000       0x2c ./utilities/fsl_debug_console.o
 .ARM.attributes
                0x000000000000002c       0x2c ./startup/startup_mkl25z4.o
 .ARM.attributes
                0x0000000000000058       0x2c ./source/NXP-DRY-2023.o
 .ARM.attributes
                0x0000000000000084       0x2c ./source/mtb.o
 .ARM.attributes
                0x00000000000000b0       0x2c ./source/semihost_hardfault.o
 .ARM.attributes
                0x00000000000000dc       0x2c ./drivers/fsl_clock.o
 .ARM.attributes
                0x0000000000000108       0x2c ./drivers/fsl_common.o
 .ARM.attributes
                0x0000000000000134       0x2c ./drivers/fsl_lpsci.o
 .ARM.attributes
                0x0000000000000160       0x2c ./drivers/fsl_uart.o
 .ARM.attributes
                0x000000000000018c       0x2c ./board/board.o
 .ARM.attributes
                0x00000000000001b8       0x2c ./board/clock_config.o
 .ARM.attributes
                0x00000000000001e4       0x2c ./board/peripherals.o
 .ARM.attributes
                0x0000000000000210       0x2c ./board/pin_mux.o
 .ARM.attributes
                0x000000000000023c       0x2c ./application/Debug.o
 .ARM.attributes
                0x0000000000000268       0x2c ./application/Encoder.o
 .ARM.attributes
                0x0000000000000294       0x2c ./application/ImageProcessing.o
 .ARM.attributes
                0x00000000000002c0       0x2c ./application/Motor.o
 .ARM.attributes
                0x00000000000002ec       0x2c ./application/Movement.o
 .ARM.attributes
                0x0000000000000318       0x2c ./application/application.o
 .ARM.attributes
                0x0000000000000344       0x2c ./application/servo.o
 .ARM.attributes
                0x0000000000000370       0x2c ./CMSIS/system_MKL25Z4.o
 .ARM.attributes
                0x000000000000039c       0x1e /usr/local/mcuxpressoide-11.7.0_9198/ide/plugins/com.nxp.mcuxpresso.tools.linux_11.7.0.202209140929/tools/bin/../lib/gcc/arm-none-eabi/10.3.1/thumb/v6-m/nofp/libgcc.a(_udivsi3.o)
 .ARM.attributes
                0x00000000000003ba       0x1e /usr/local/mcuxpressoide-11.7.0_9198/ide/plugins/com.nxp.mcuxpresso.tools.linux_11.7.0.202209140929/tools/bin/../lib/gcc/arm-none-eabi/10.3.1/thumb/v6-m/nofp/libgcc.a(_divsi3.o)
 .ARM.attributes
                0x00000000000003d8       0x1e /usr/local/mcuxpressoide-11.7.0_9198/ide/plugins/com.nxp.mcuxpresso.tools.linux_11.7.0.202209140929/tools/bin/../lib/gcc/arm-none-eabi/10.3.1/thumb/v6-m/nofp/libgcc.a(_dvmd_tls.o)
 .ARM.attributes
                0x00000000000003f6       0x1e /usr/local/mcuxpressoide-11.7.0_9198/ide/plugins/com.nxp.mcuxpresso.tools.linux_11.7.0.202209140929/tools/bin/../lib/gcc/arm-none-eabi/10.3.1/thumb/v6-m/nofp/libgcc.a(_arm_cmpsf2.o)
 .ARM.attributes
                0x0000000000000414       0x2c /usr/local/mcuxpressoide-11.7.0_9198/ide/plugins/com.nxp.mcuxpresso.tools.linux_11.7.0.202209140929/tools/bin/../lib/gcc/arm-none-eabi/10.3.1/thumb/v6-m/nofp/libgcc.a(_fixunsdfsi.o)
 .ARM.attributes
                0x0000000000000440       0x2c /usr/local/mcuxpressoide-11.7.0_9198/ide/plugins/com.nxp.mcuxpresso.tools.linux_11.7.0.202209140929/tools/bin/../lib/gcc/arm-none-eabi/10.3.1/thumb/v6-m/nofp/libgcc.a(eqsf2.o)
 .ARM.attributes
                0x000000000000046c       0x2c /usr/local/mcuxpressoide-11.7.0_9198/ide/plugins/com.nxp.mcuxpresso.tools.linux_11.7.0.202209140929/tools/bin/../lib/gcc/arm-none-eabi/10.3.1/thumb/v6-m/nofp/libgcc.a(gesf2.o)
 .ARM.attributes
                0x0000000000000498       0x2c /usr/local/mcuxpressoide-11.7.0_9198/ide/plugins/com.nxp.mcuxpresso.tools.linux_11.7.0.202209140929/tools/bin/../lib/gcc/arm-none-eabi/10.3.1/thumb/v6-m/nofp/libgcc.a(lesf2.o)
 .ARM.attributes
                0x00000000000004c4       0x2c /usr/local/mcuxpressoide-11.7.0_9198/ide/plugins/com.nxp.mcuxpresso.tools.linux_11.7.0.202209140929/tools/bin/../lib/gcc/arm-none-eabi/10.3.1/thumb/v6-m/nofp/libgcc.a(fixsfsi.o)
 .ARM.attributes
                0x00000000000004f0       0x2c /usr/local/mcuxpressoide-11.7.0_9198/ide/plugins/com.nxp.mcuxpresso.tools.linux_11.7.0.202209140929/tools/bin/../lib/gcc/arm-none-eabi/10.3.1/thumb/v6-m/nofp/libgcc.a(adddf3.o)
 .ARM.attributes
                0x000000000000051c       0x2c /usr/local/mcuxpressoide-11.7.0_9198/ide/plugins/com.nxp.mcuxpresso.tools.linux_11.7.0.202209140929/tools/bin/../lib/gcc/arm-none-eabi/10.3.1/thumb/v6-m/nofp/libgcc.a(divdf3.o)
 .ARM.attributes
                0x0000000000000548       0x2c /usr/local/mcuxpressoide-11.7.0_9198/ide/plugins/com.nxp.mcuxpresso.tools.linux_11.7.0.202209140929/tools/bin/../lib/gcc/arm-none-eabi/10.3.1/thumb/v6-m/nofp/libgcc.a(muldf3.o)
 .ARM.attributes
                0x0000000000000574       0x2c /usr/local/mcuxpressoide-11.7.0_9198/ide/plugins/com.nxp.mcuxpresso.tools.linux_11.7.0.202209140929/tools/bin/../lib/gcc/arm-none-eabi/10.3.1/thumb/v6-m/nofp/libgcc.a(subdf3.o)
 .ARM.attributes
                0x00000000000005a0       0x2c /usr/local/mcuxpressoide-11.7.0_9198/ide/plugins/com.nxp.mcuxpresso.tools.linux_11.7.0.202209140929/tools/bin/../lib/gcc/arm-none-eabi/10.3.1/thumb/v6-m/nofp/libgcc.a(fixdfsi.o)
 .ARM.attributes
                0x00000000000005cc       0x2c /usr/local/mcuxpressoide-11.7.0_9198/ide/plugins/com.nxp.mcuxpresso.tools.linux_11.7.0.202209140929/tools/bin/../lib/gcc/arm-none-eabi/10.3.1/thumb/v6-m/nofp/libgcc.a(floatsidf.o)
 .ARM.attributes
                0x00000000000005f8       0x2c /usr/local/mcuxpressoide-11.7.0_9198/ide/plugins/com.nxp.mcuxpresso.tools.linux_11.7.0.202209140929/tools/bin/../lib/gcc/arm-none-eabi/10.3.1/thumb/v6-m/nofp/libgcc.a(floatunsidf.o)
 .ARM.attributes
                0x0000000000000624       0x2c /usr/local/mcuxpressoide-11.7.0_9198/ide/plugins/com.nxp.mcuxpresso.tools.linux_11.7.0.202209140929/tools/bin/../lib/gcc/arm-none-eabi/10.3.1/thumb/v6-m/nofp/libgcc.a(extendsfdf2.o)
 .ARM.attributes
                0x0000000000000650       0x1e /usr/local/mcuxpressoide-11.7.0_9198/ide/plugins/com.nxp.mcuxpresso.tools.linux_11.7.0.202209140929/tools/bin/../lib/gcc/arm-none-eabi/10.3.1/thumb/v6-m/nofp/libgcc.a(_arm_cmpdf2.o)
 .ARM.attributes
                0x000000000000066e       0x1e /usr/local/mcuxpressoide-11.7.0_9198/ide/plugins/com.nxp.mcuxpresso.tools.linux_11.7.0.202209140929/tools/bin/../lib/gcc/arm-none-eabi/10.3.1/thumb/v6-m/nofp/libgcc.a(_clzsi2.o)
 .ARM.attributes
                0x000000000000068c       0x2c /usr/local/mcuxpressoide-11.7.0_9198/ide/plugins/com.nxp.mcuxpresso.tools.linux_11.7.0.202209140929/tools/bin/../lib/gcc/arm-none-eabi/10.3.1/thumb/v6-m/nofp/libgcc.a(eqdf2.o)
 .ARM.attributes
                0x00000000000006b8       0x2c /usr/local/mcuxpressoide-11.7.0_9198/ide/plugins/com.nxp.mcuxpresso.tools.linux_11.7.0.202209140929/tools/bin/../lib/gcc/arm-none-eabi/10.3.1/thumb/v6-m/nofp/libgcc.a(gedf2.o)
 .ARM.attributes
                0x00000000000006e4       0x2c /usr/local/mcuxpressoide-11.7.0_9198/ide/plugins/com.nxp.mcuxpresso.tools.linux_11.7.0.202209140929/tools/bin/../lib/gcc/arm-none-eabi/10.3.1/thumb/v6-m/nofp/libgcc.a(ledf2.o)
 .ARM.attributes
                0x0000000000000710       0x2c /usr/local/mcuxpressoide-11.7.0_9198/ide/plugins/com.nxp.mcuxpresso.tools.linux_11.7.0.202209140929/tools/bin/../lib/gcc/arm-none-eabi/10.3.1/../../../../arm-none-eabi/lib/thumb/v6-m/nofp/libc_nano.a(lib_a-init.o)
 .ARM.attributes
                0x000000000000073c       0x1c /usr/local/mcuxpressoide-11.7.0_9198/ide/plugins/com.nxp.mcuxpresso.tools.linux_11.7.0.202209140929/tools/bin/../lib/gcc/arm-none-eabi/10.3.1/../../../../arm-none-eabi/lib/thumb/v6-m/nofp/libc_nano.a(lib_a-strlen.o)
 .ARM.attributes
                0x0000000000000758       0x1e /usr/local/mcuxpressoide-11.7.0_9198/ide/plugins/com.nxp.mcuxpresso.tools.linux_11.7.0.202209140929/tools/bin/../lib/gcc/arm-none-eabi/10.3.1/thumb/v6-m/nofp/crti.o
 .ARM.attributes
                0x0000000000000776       0x1e /usr/local/mcuxpressoide-11.7.0_9198/ide/plugins/com.nxp.mcuxpresso.tools.linux_11.7.0.202209140929/tools/bin/../lib/gcc/arm-none-eabi/10.3.1/thumb/v6-m/nofp/crtn.o
 .ARM.attributes
                0x0000000000000794       0x2c /usr/local/mcuxpressoide-11.7.0_9198/ide/plugins/com.nxp.mcuxpresso.tools.linux_11.7.0.202209140929/tools/bin/../lib/gcc/arm-none-eabi/10.3.1/thumb/v6-m/nofp/crtbegin.o

.debug_frame    0x0000000000000000     0x2300
 .debug_frame   0x0000000000000000      0x1f0 ./utilities/fsl_debug_console.o
 .debug_frame   0x00000000000001f0      0x3b0 ./startup/startup_mkl25z4.o
 .debug_frame   0x00000000000005a0       0x2c ./source/NXP-DRY-2023.o
 .debug_frame   0x00000000000005cc       0x20 ./source/semihost_hardfault.o
 .debug_frame   0x00000000000005ec      0x6e0 ./drivers/fsl_clock.o
 .debug_frame   0x0000000000000ccc       0x90 ./drivers/fsl_common.o
 .debug_frame   0x0000000000000d5c      0x414 ./drivers/fsl_lpsci.o
 .debug_frame   0x0000000000001170      0x464 ./drivers/fsl_uart.o
 .debug_frame   0x00000000000015d4       0x50 ./board/board.o
 .debug_frame   0x0000000000001624      0x100 ./board/clock_config.o
 .debug_frame   0x0000000000001724       0x2c ./board/peripherals.o
 .debug_frame   0x0000000000001750       0x88 ./board/pin_mux.o
 .debug_frame   0x00000000000017d8      0x350 ./application/Debug.o
 .debug_frame   0x0000000000001b28       0xb0 ./application/Encoder.o
 .debug_frame   0x0000000000001bd8      0x114 ./application/ImageProcessing.o
 .debug_frame   0x0000000000001cec       0x2c ./application/Motor.o
 .debug_frame   0x0000000000001d18      0x114 ./application/Movement.o
 .debug_frame   0x0000000000001e2c       0xc4 ./application/application.o
 .debug_frame   0x0000000000001ef0       0x50 ./application/servo.o
 .debug_frame   0x0000000000001f40       0x4c ./CMSIS/system_MKL25Z4.o
 .debug_frame   0x0000000000001f8c       0x20 /usr/local/mcuxpressoide-11.7.0_9198/ide/plugins/com.nxp.mcuxpresso.tools.linux_11.7.0.202209140929/tools/bin/../lib/gcc/arm-none-eabi/10.3.1/thumb/v6-m/nofp/libgcc.a(_udivsi3.o)
 .debug_frame   0x0000000000001fac       0x20 /usr/local/mcuxpressoide-11.7.0_9198/ide/plugins/com.nxp.mcuxpresso.tools.linux_11.7.0.202209140929/tools/bin/../lib/gcc/arm-none-eabi/10.3.1/thumb/v6-m/nofp/libgcc.a(_divsi3.o)
 .debug_frame   0x0000000000001fcc       0x2c /usr/local/mcuxpressoide-11.7.0_9198/ide/plugins/com.nxp.mcuxpresso.tools.linux_11.7.0.202209140929/tools/bin/../lib/gcc/arm-none-eabi/10.3.1/thumb/v6-m/nofp/libgcc.a(_fixunsdfsi.o)
 .debug_frame   0x0000000000001ff8       0x2c /usr/local/mcuxpressoide-11.7.0_9198/ide/plugins/com.nxp.mcuxpresso.tools.linux_11.7.0.202209140929/tools/bin/../lib/gcc/arm-none-eabi/10.3.1/thumb/v6-m/nofp/libgcc.a(eqsf2.o)
 .debug_frame   0x0000000000002024       0x2c /usr/local/mcuxpressoide-11.7.0_9198/ide/plugins/com.nxp.mcuxpresso.tools.linux_11.7.0.202209140929/tools/bin/../lib/gcc/arm-none-eabi/10.3.1/thumb/v6-m/nofp/libgcc.a(gesf2.o)
 .debug_frame   0x0000000000002050       0x2c /usr/local/mcuxpressoide-11.7.0_9198/ide/plugins/com.nxp.mcuxpresso.tools.linux_11.7.0.202209140929/tools/bin/../lib/gcc/arm-none-eabi/10.3.1/thumb/v6-m/nofp/libgcc.a(lesf2.o)
 .debug_frame   0x000000000000207c       0x20 /usr/local/mcuxpressoide-11.7.0_9198/ide/plugins/com.nxp.mcuxpresso.tools.linux_11.7.0.202209140929/tools/bin/../lib/gcc/arm-none-eabi/10.3.1/thumb/v6-m/nofp/libgcc.a(fixsfsi.o)
 .debug_frame   0x000000000000209c       0x38 /usr/local/mcuxpressoide-11.7.0_9198/ide/plugins/com.nxp.mcuxpresso.tools.linux_11.7.0.202209140929/tools/bin/../lib/gcc/arm-none-eabi/10.3.1/thumb/v6-m/nofp/libgcc.a(adddf3.o)
 .debug_frame   0x00000000000020d4       0x3c /usr/local/mcuxpressoide-11.7.0_9198/ide/plugins/com.nxp.mcuxpresso.tools.linux_11.7.0.202209140929/tools/bin/../lib/gcc/arm-none-eabi/10.3.1/thumb/v6-m/nofp/libgcc.a(divdf3.o)
 .debug_frame   0x0000000000002110       0x3c /usr/local/mcuxpressoide-11.7.0_9198/ide/plugins/com.nxp.mcuxpresso.tools.linux_11.7.0.202209140929/tools/bin/../lib/gcc/arm-none-eabi/10.3.1/thumb/v6-m/nofp/libgcc.a(muldf3.o)
 .debug_frame   0x000000000000214c       0x3c /usr/local/mcuxpressoide-11.7.0_9198/ide/plugins/com.nxp.mcuxpresso.tools.linux_11.7.0.202209140929/tools/bin/../lib/gcc/arm-none-eabi/10.3.1/thumb/v6-m/nofp/libgcc.a(subdf3.o)
 .debug_frame   0x0000000000002188       0x2c /usr/local/mcuxpressoide-11.7.0_9198/ide/plugins/com.nxp.mcuxpresso.tools.linux_11.7.0.202209140929/tools/bin/../lib/gcc/arm-none-eabi/10.3.1/thumb/v6-m/nofp/libgcc.a(fixdfsi.o)
 .debug_frame   0x00000000000021b4       0x2c /usr/local/mcuxpressoide-11.7.0_9198/ide/plugins/com.nxp.mcuxpresso.tools.linux_11.7.0.202209140929/tools/bin/../lib/gcc/arm-none-eabi/10.3.1/thumb/v6-m/nofp/libgcc.a(floatsidf.o)
 .debug_frame   0x00000000000021e0       0x28 /usr/local/mcuxpressoide-11.7.0_9198/ide/plugins/com.nxp.mcuxpresso.tools.linux_11.7.0.202209140929/tools/bin/../lib/gcc/arm-none-eabi/10.3.1/thumb/v6-m/nofp/libgcc.a(floatunsidf.o)
 .debug_frame   0x0000000000002208       0x2c /usr/local/mcuxpressoide-11.7.0_9198/ide/plugins/com.nxp.mcuxpresso.tools.linux_11.7.0.202209140929/tools/bin/../lib/gcc/arm-none-eabi/10.3.1/thumb/v6-m/nofp/libgcc.a(extendsfdf2.o)
 .debug_frame   0x0000000000002234       0x38 /usr/local/mcuxpressoide-11.7.0_9198/ide/plugins/com.nxp.mcuxpresso.tools.linux_11.7.0.202209140929/tools/bin/../lib/gcc/arm-none-eabi/10.3.1/thumb/v6-m/nofp/libgcc.a(eqdf2.o)
 .debug_frame   0x000000000000226c       0x34 /usr/local/mcuxpressoide-11.7.0_9198/ide/plugins/com.nxp.mcuxpresso.tools.linux_11.7.0.202209140929/tools/bin/../lib/gcc/arm-none-eabi/10.3.1/thumb/v6-m/nofp/libgcc.a(gedf2.o)
 .debug_frame   0x00000000000022a0       0x34 /usr/local/mcuxpressoide-11.7.0_9198/ide/plugins/com.nxp.mcuxpresso.tools.linux_11.7.0.202209140929/tools/bin/../lib/gcc/arm-none-eabi/10.3.1/thumb/v6-m/nofp/libgcc.a(ledf2.o)
 .debug_frame   0x00000000000022d4       0x2c /usr/local/mcuxpressoide-11.7.0_9198/ide/plugins/com.nxp.mcuxpresso.tools.linux_11.7.0.202209140929/tools/bin/../lib/gcc/arm-none-eabi/10.3.1/../../../../arm-none-eabi/lib/thumb/v6-m/nofp/libc_nano.a(lib_a-init.o)

Cross Reference Table

Symbol                                            File
ADC0_DriverIRQHandler                             ./startup/startup_mkl25z4.o
ADC0_IRQHandler                                   ./startup/startup_mkl25z4.o
ADC_init                                          ./application/Debug.o
BOARD_BootClockRUN                                ./board/clock_config.o
BOARD_BootClockVLPR                               ./board/clock_config.o
BOARD_InitBootClocks                              ./board/clock_config.o
                                                  ./source/NXP-DRY-2023.o
BOARD_InitBootPeripherals                         ./board/peripherals.o
                                                  ./source/NXP-DRY-2023.o
BOARD_InitBootPins                                ./board/pin_mux.o
                                                  ./source/NXP-DRY-2023.o
BOARD_InitDebugConsole                            ./board/board.o
                                                  ./source/NXP-DRY-2023.o
BOARD_InitPins                                    ./board/pin_mux.o
BatteryVoltage                                    ./application/Debug.o
CLOCK_BootToBlpeMode                              ./drivers/fsl_clock.o
CLOCK_BootToBlpiMode                              ./drivers/fsl_clock.o
                                                  ./board/clock_config.o
CLOCK_BootToFeeMode                               ./drivers/fsl_clock.o
CLOCK_BootToFeiMode                               ./drivers/fsl_clock.o
CLOCK_BootToPeeMode                               ./drivers/fsl_clock.o
                                                  ./board/clock_config.o
CLOCK_CalcPllDiv                                  ./drivers/fsl_clock.o
CLOCK_ClearStatusFlags                            ./drivers/fsl_clock.o
CLOCK_DeinitOsc0                                  ./drivers/fsl_clock.o
CLOCK_EnablePll0                                  ./drivers/fsl_clock.o
CLOCK_EnableUsbfs0Clock                           ./drivers/fsl_clock.o
CLOCK_ExternalModeToFbeModeQuick                  ./drivers/fsl_clock.o
CLOCK_FllStableDelay                              ./drivers/fsl_clock.o
CLOCK_GetBusClkFreq                               ./drivers/fsl_clock.o
CLOCK_GetCoreSysClkFreq                           ./drivers/fsl_clock.o
CLOCK_GetEr32kClkFreq                             ./drivers/fsl_clock.o
CLOCK_GetFixedFreqClkFreq                         ./drivers/fsl_clock.o
CLOCK_GetFlashClkFreq                             ./drivers/fsl_clock.o
CLOCK_GetFllFreq                                  ./drivers/fsl_clock.o
CLOCK_GetFreq                                     ./drivers/fsl_clock.o
CLOCK_GetInternalRefClkFreq                       ./drivers/fsl_clock.o
CLOCK_GetMode                                     ./drivers/fsl_clock.o
CLOCK_GetOsc0ErClkFreq                            ./drivers/fsl_clock.o
CLOCK_GetOutClkFreq                               ./drivers/fsl_clock.o
CLOCK_GetPlatClkFreq                              ./drivers/fsl_clock.o
CLOCK_GetPll0Freq                                 ./drivers/fsl_clock.o
CLOCK_GetPllFllSelClkFreq                         ./drivers/fsl_clock.o
                                                  ./board/board.o
CLOCK_GetStatusFlags                              ./drivers/fsl_clock.o
CLOCK_InitOsc0                                    ./drivers/fsl_clock.o
                                                  ./board/clock_config.o
CLOCK_InternalModeToFbiModeQuick                  ./drivers/fsl_clock.o
CLOCK_SetBlpeMode                                 ./drivers/fsl_clock.o
CLOCK_SetBlpiMode                                 ./drivers/fsl_clock.o
CLOCK_SetExternalRefClkConfig                     ./drivers/fsl_clock.o
CLOCK_SetFbeMode                                  ./drivers/fsl_clock.o
CLOCK_SetFbiMode                                  ./drivers/fsl_clock.o
CLOCK_SetFeeMode                                  ./drivers/fsl_clock.o
CLOCK_SetFeiMode                                  ./drivers/fsl_clock.o
CLOCK_SetInternalRefClkConfig                     ./drivers/fsl_clock.o
                                                  ./board/clock_config.o
CLOCK_SetMcgConfig                                ./drivers/fsl_clock.o
CLOCK_SetOsc0MonitorMode                          ./drivers/fsl_clock.o
CLOCK_SetPbeMode                                  ./drivers/fsl_clock.o
CLOCK_SetPeeMode                                  ./drivers/fsl_clock.o
CLOCK_SetPll0MonitorMode                          ./drivers/fsl_clock.o
CLOCK_SetSimConfig                                ./drivers/fsl_clock.o
                                                  ./board/clock_config.o
CLOCK_TrimInternalRefClk                          ./drivers/fsl_clock.o
CMP0_DriverIRQHandler                             ./startup/startup_mkl25z4.o
CMP0_IRQHandler                                   ./startup/startup_mkl25z4.o
DAC0_DriverIRQHandler                             ./startup/startup_mkl25z4.o
DAC0_IRQHandler                                   ./startup/startup_mkl25z4.o
DMA0_DriverIRQHandler                             ./startup/startup_mkl25z4.o
DMA0_IRQHandler                                   ./startup/startup_mkl25z4.o
DMA1_DriverIRQHandler                             ./startup/startup_mkl25z4.o
DMA1_IRQHandler                                   ./startup/startup_mkl25z4.o
DMA2_DriverIRQHandler                             ./startup/startup_mkl25z4.o
DMA2_IRQHandler                                   ./startup/startup_mkl25z4.o
DMA3_DriverIRQHandler                             ./startup/startup_mkl25z4.o
DMA3_IRQHandler                                   ./startup/startup_mkl25z4.o
DbgConsole_Deinit                                 ./utilities/fsl_debug_console.o
DbgConsole_Getchar                                ./utilities/fsl_debug_console.o
DbgConsole_Init                                   ./utilities/fsl_debug_console.o
                                                  ./board/board.o
DbgConsole_Printf                                 ./utilities/fsl_debug_console.o
                                                  ./drivers/fsl_common.o
DbgConsole_Putchar                                ./utilities/fsl_debug_console.o
DbgConsole_Scanf                                  ./utilities/fsl_debug_console.o
Encoder::Encoder()                                ./application/Encoder.o
Encoder::Encoder()                                ./application/Encoder.o
                                                  ./application/Movement.o
Encoder::getLeftSpeed()                           ./application/Encoder.o
                                                  ./application/Movement.o
Encoder::getRightSpeed()                          ./application/Encoder.o
                                                  ./application/Movement.o
Encoder::init()                                   ./application/Encoder.o
                                                  ./application/Movement.o
Encoder::interruptHandler()                       ./application/Encoder.o
                                                  ./application/application.o
FLAG_ENABLE_LOG_IMG                               ./application/application.o
FLAG_ENABLE_LOG_SERVO                             ./application/application.o
FLAG_SEND_IMG                                     ./application/application.o
FLASH_Erase                                       ./drivers/fsl_flash.o
FLASH_EraseAll                                    ./drivers/fsl_flash.o
FLASH_EraseAllExecuteOnlySegments                 ./drivers/fsl_flash.o
FLASH_GetProperty                                 ./drivers/fsl_flash.o
FLASH_GetSecurityState                            ./drivers/fsl_flash.o
FLASH_Init                                        ./drivers/fsl_flash.o
FLASH_IsExecuteOnly                               ./drivers/fsl_flash.o
FLASH_IsProtected                                 ./drivers/fsl_flash.o
FLASH_PflashGetPrefetchSpeculation                ./drivers/fsl_flash.o
FLASH_PflashGetProtection                         ./drivers/fsl_flash.o
FLASH_PflashSetPrefetchSpeculation                ./drivers/fsl_flash.o
                                                  ./drivers/fsl_smc.o
FLASH_PflashSetProtection                         ./drivers/fsl_flash.o
FLASH_PrepareExecuteInRamFunctions                ./drivers/fsl_flash.o
FLASH_Program                                     ./drivers/fsl_flash.o
FLASH_ProgramOnce                                 ./drivers/fsl_flash.o
FLASH_ReadOnce                                    ./drivers/fsl_flash.o
FLASH_ReadResource                                ./drivers/fsl_flash.o
FLASH_SecurityBypass                              ./drivers/fsl_flash.o
FLASH_SetCallback                                 ./drivers/fsl_flash.o
FLASH_SetProperty                                 ./drivers/fsl_flash.o
FLASH_VerifyErase                                 ./drivers/fsl_flash.o
FLASH_VerifyEraseAll                              ./drivers/fsl_flash.o
FLASH_VerifyEraseAllExecuteOnlySegments           ./drivers/fsl_flash.o
FLASH_VerifyProgram                               ./drivers/fsl_flash.o
FTFA_DriverIRQHandler                             ./startup/startup_mkl25z4.o
FTFA_IRQHandler                                   ./startup/startup_mkl25z4.o
FTM1_IRQHandler()                                 ./application/application.o
FTM2_IRQHandler()                                 ./application/application.o
GPIO_ClearPinsInterruptFlags                      ./drivers/fsl_gpio.o
GPIO_GetPinsInterruptFlags                        ./drivers/fsl_gpio.o
GPIO_PinInit                                      ./drivers/fsl_gpio.o
HardFault_Handler                                 ./source/semihost_hardfault.o
                                                  ./startup/startup_mkl25z4.o
I2C0_DriverIRQHandler                             ./startup/startup_mkl25z4.o