/home/dimercur/Travail/git/insa-nxpcup/code/projet-2024/FRDM-K32L3A6_M0SLAVE/drivers/fsl_mu.h:353:24:MU_GetStatusFlags	16	static
/home/dimercur/Travail/git/insa-nxpcup/code/projet-2024/FRDM-K32L3A6_M0SLAVE/drivers/fsl_mu.h:414:20:MU_ClearStatusFlags	24	static
../mcmgr/mcmgr_mu_internal.c:33:28:MU_Tx3EmptyFlagISR	8	static
../mcmgr/mcmgr_mu_internal.c:34:28:MU_Tx2EmptyFlagISR	8	static
../mcmgr/mcmgr_mu_internal.c:35:28:MU_Tx1EmptyFlagISR	8	static
../mcmgr/mcmgr_mu_internal.c:36:28:MU_Tx0EmptyFlagISR	8	static
../mcmgr/mcmgr_mu_internal.c:37:28:MU_Rx3FullFlagISR	8	static
../mcmgr/mcmgr_mu_internal.c:38:28:MU_Rx2FullFlagISR	8	static
../mcmgr/mcmgr_mu_internal.c:39:28:MU_Rx1FullFlagISR	8	static
../mcmgr/mcmgr_mu_internal.c:40:28:MU_Rx0FullFlagISR	8	static
../mcmgr/mcmgr_mu_internal.c:41:28:MU_GenInt3FlagISR	8	static
../mcmgr/mcmgr_mu_internal.c:42:28:MU_GenInt2FlagISR	8	static
../mcmgr/mcmgr_mu_internal.c:43:28:MU_GenInt1FlagISR	8	static
../mcmgr/mcmgr_mu_internal.c:44:28:MU_GenInt0FlagISR	8	static
../mcmgr/mcmgr_mu_internal.c:64:13:mu_isr	24	static
../mcmgr/mcmgr_mu_internal.c:142:5:MUB_IRQHandler	8	static
