../freertos/freertos-kernel/queue.c:296:12:xQueueGenericReset	32	static
../freertos/freertos-kernel/queue.c:428:19:xQueueGenericCreate	48	static
../freertos/freertos-kernel/queue.c:494:13:prvInitialiseNewQueue	24	static
../freertos/freertos-kernel/queue.c:542:17:prvInitialiseMutex	16	static
../freertos/freertos-kernel/queue.c:572:19:xQueueCreateMutex	32	static
../freertos/freertos-kernel/queue.c:668:16:xQueueGiveMutexRecursive	40	static
../freertos/freertos-kernel/queue.c:723:16:xQueueTakeMutexRecursive	40	static
../freertos/freertos-kernel/queue.c:802:19:xQueueCreateCountingSemaphore	24	static
../freertos/freertos-kernel/queue.c:835:12:xQueueGenericSend	64	static
../freertos/freertos-kernel/queue.c:1047:12:xQueueGenericSendFromISR	80	static
../freertos/freertos-kernel/queue.c:1212:12:xQueueGiveFromISR	72	static
../freertos/freertos-kernel/queue.c:1378:12:xQueueReceive	56	static
../freertos/freertos-kernel/queue.c:1521:12:xQueueSemaphoreTake	64	static
../freertos/freertos-kernel/queue.c:1742:12:xQueuePeek	64	static
../freertos/freertos-kernel/queue.c:1893:12:xQueueReceiveFromISR	72	static
../freertos/freertos-kernel/queue.c:1986:12:xQueuePeekFromISR	56	static
../freertos/freertos-kernel/queue.c:2041:13:uxQueueMessagesWaiting	24	static
../freertos/freertos-kernel/queue.c:2057:13:uxQueueSpacesAvailable	32	static
../freertos/freertos-kernel/queue.c:2074:13:uxQueueMessagesWaitingFromISR	32	static
../freertos/freertos-kernel/queue.c:2086:6:vQueueDelete	24	static
../freertos/freertos-kernel/queue.c:2130:17:uxQueueGetQueueNumber	16	static
../freertos/freertos-kernel/queue.c:2140:10:vQueueSetQueueNumber	16	static
../freertos/freertos-kernel/queue.c:2151:13:ucQueueGetQueueType	16	static
../freertos/freertos-kernel/queue.c:2161:24:prvGetDisinheritPriorityAfterTimeout	24	static
../freertos/freertos-kernel/queue.c:2186:19:prvCopyDataToQueue	32	static
../freertos/freertos-kernel/queue.c:2269:13:prvCopyDataFromQueue	16	static
../freertos/freertos-kernel/queue.c:2290:13:prvUnlockQueue	24	static
../freertos/freertos-kernel/queue.c:2410:19:prvIsQueueEmpty	24	static
../freertos/freertos-kernel/queue.c:2431:12:xQueueIsQueueEmptyFromISR	32	static
../freertos/freertos-kernel/queue.c:2451:19:prvIsQueueFull	24	static
../freertos/freertos-kernel/queue.c:2472:12:xQueueIsQueueFullFromISR	32	static
../freertos/freertos-kernel/queue.c:2781:10:vQueueAddToRegistry	32	static
../freertos/freertos-kernel/queue.c:2828:18:pcQueueGetName	32	static
../freertos/freertos-kernel/queue.c:2859:10:vQueueUnregisterQueue	24	static
../freertos/freertos-kernel/queue.c:2892:10:vQueueWaitForMessageRestricted	32	static
