/home/dimercur/Travail/git/insa-nxpcup/code/projet-2024/FRDM-K32L3A60_MASTER/rpmsg_lite/include/virtio_ring.h:131:23:vring_size	24	static
/home/dimercur/Travail/git/insa-nxpcup/code/projet-2024/FRDM-K32L3A60_MASTER/rpmsg_lite/include/virtio_ring.h:142:20:vring_init	24	static
/home/dimercur/Travail/git/insa-nxpcup/code/projet-2024/FRDM-K32L3A60_MASTER/rpmsg_lite/include/virtio_ring.h:157:23:vring_need_event	16	static
../rpmsg_lite/virtio/virtqueue.c:59:9:virtqueue_create_static	40	static
../rpmsg_lite/virtio/virtqueue.c:172:9:virtqueue_add_buffer	24	static
../rpmsg_lite/virtio/virtqueue.c:205:9:virtqueue_fill_avail_buffers	48	static
../rpmsg_lite/virtio/virtqueue.c:248:7:virtqueue_get_buffer	40	static
../rpmsg_lite/virtio/virtqueue.c:294:10:virtqueue_get_buffer_length	16	static
../rpmsg_lite/virtio/virtqueue.c:306:6:virtqueue_free_static	16	static
../rpmsg_lite/virtio/virtqueue.c:349:7:virtqueue_get_available_buffer	32	static
../rpmsg_lite/virtio/virtqueue.c:386:9:virtqueue_add_consumed_buffer	24	static
../rpmsg_lite/virtio/virtqueue.c:409:9:virtqueue_fill_used_buffers	40	static
../rpmsg_lite/virtio/virtqueue.c:438:9:virtqueue_enable_cb	16	static
../rpmsg_lite/virtio/virtqueue.c:451:6:virtqueue_disable_cb	16	static
../rpmsg_lite/virtio/virtqueue.c:475:6:virtqueue_kick	16	static
../rpmsg_lite/virtio/virtqueue.c:496:6:virtqueue_dump	64	static
../rpmsg_lite/virtio/virtqueue.c:522:10:virtqueue_get_desc_size	24	static
../rpmsg_lite/virtio/virtqueue.c:552:17:vq_ring_add_buffer	40	static
../rpmsg_lite/virtio/virtqueue.c:583:6:vq_ring_init	32	static
../rpmsg_lite/virtio/virtqueue.c:603:13:vq_ring_update_avail	24	static
../rpmsg_lite/virtio/virtqueue.c:630:13:vq_ring_update_used	32	static
../rpmsg_lite/virtio/virtqueue.c:657:16:vq_ring_enable_interrupt	16	static
../rpmsg_lite/virtio/virtqueue.c:695:6:virtqueue_notification	16	static
../rpmsg_lite/virtio/virtqueue.c:711:16:vq_ring_must_notify_host	24	static
../rpmsg_lite/virtio/virtqueue.c:736:13:vq_ring_notify_host	16	static
../rpmsg_lite/virtio/virtqueue.c:749:17:virtqueue_nused	24	static
