/home/dimercur/Travail/git/insa-nxpcup/code/projet-2024/FRDM-K32L3A60_MASTER/CMSIS/core_cm4.h:1684:22:__NVIC_EnableIRQ	16	static
/home/dimercur/Travail/git/insa-nxpcup/code/projet-2024/FRDM-K32L3A60_MASTER/CMSIS/core_cm4.h:1814:22:__NVIC_SetPriority	16	static
/home/dimercur/Travail/git/insa-nxpcup/code/projet-2024/FRDM-K32L3A60_MASTER/drivers/fsl_clock.h:723:20:CLOCK_EnableClock	16	static
/home/dimercur/Travail/git/insa-nxpcup/code/projet-2024/FRDM-K32L3A60_MASTER/drivers/fsl_mu.h:203:20:MU_SendMsgNonBlocking	24	static
/home/dimercur/Travail/git/insa-nxpcup/code/projet-2024/FRDM-K32L3A60_MASTER/drivers/fsl_mu.h:242:24:MU_ReceiveMsgNonBlocking	16	static
/home/dimercur/Travail/git/insa-nxpcup/code/projet-2024/FRDM-K32L3A60_MASTER/drivers/fsl_mu.h:353:24:MU_GetStatusFlags	16	static
/home/dimercur/Travail/git/insa-nxpcup/code/projet-2024/FRDM-K32L3A60_MASTER/drivers/fsl_mu.h:451:20:MU_EnableInterrupts	24	static
/home/dimercur/Travail/git/insa-nxpcup/code/projet-2024/FRDM-K32L3A60_MASTER/drivers/fsl_mu.h:595:20:MU_ResetBothSides	24	static
/home/dimercur/Travail/git/insa-nxpcup/code/projet-2024/FRDM-K32L3A60_MASTER/drivers/fsl_mu.h:737:31:MU_GetOtherCorePowerMode	24	static
../mcmgr/mcmgr_internal_core_api_k32l3a6.c:49:16:mcmgr_early_init_internal	16	static
../mcmgr/mcmgr_internal_core_api_k32l3a6.c:73:16:mcmgr_late_init_internal	16	static
../mcmgr/mcmgr_internal_core_api_k32l3a6.c:102:16:mcmgr_start_core_internal	16	static
../mcmgr/mcmgr_internal_core_api_k32l3a6.c:132:16:mcmgr_get_startup_data_internal	16	static
../mcmgr/mcmgr_internal_core_api_k32l3a6.c:154:16:mcmgr_stop_core_internal	16	static
../mcmgr/mcmgr_internal_core_api_k32l3a6.c:173:16:mcmgr_get_core_property_internal	32	static
../mcmgr/mcmgr_internal_core_api_k32l3a6.c:260:14:mcmgr_get_current_core_internal	8	static
../mcmgr/mcmgr_internal_core_api_k32l3a6.c:267:16:mcmgr_trigger_event_internal	16	static
../mcmgr/mcmgr_internal_core_api_k32l3a6.c:297:6:MU_Rx3FullFlagISR	16	static
