/home/dimercur/Travail/git/insa-nxpcup/code/projet-2024/FRDM-K32L3A6_M0SLAVE/CMSIS/core_cm0plus.h:741:22:__NVIC_EnableIRQ	16	static
/home/dimercur/Travail/git/insa-nxpcup/code/projet-2024/FRDM-K32L3A6_M0SLAVE/CMSIS/core_cm0plus.h:779:22:__NVIC_DisableIRQ	16	static
/home/dimercur/Travail/git/insa-nxpcup/code/projet-2024/FRDM-K32L3A6_M0SLAVE/drivers/fsl_mu.h:451:20:MU_EnableInterrupts	24	static
/home/dimercur/Travail/git/insa-nxpcup/code/projet-2024/FRDM-K32L3A6_M0SLAVE/drivers/fsl_mu.h:472:20:MU_DisableInterrupts	24	static
../rpmsg_lite/rpmsg_lite/porting/platform/k32l3a6/rpmsg_platform.c:33:13:mcmgr_event_handler	16	static
../rpmsg_lite/rpmsg_lite/porting/platform/k32l3a6/rpmsg_platform.c:85:13:platform_global_isr_disable	8	static
../rpmsg_lite/rpmsg_lite/porting/platform/k32l3a6/rpmsg_platform.c:90:13:platform_global_isr_enable	8	static
../rpmsg_lite/rpmsg_lite/porting/platform/k32l3a6/rpmsg_platform.c:95:9:platform_init_interrupt	16	static
../rpmsg_lite/rpmsg_lite/porting/platform/k32l3a6/rpmsg_platform.c:124:9:platform_deinit_interrupt	16	static
../rpmsg_lite/rpmsg_lite/porting/platform/k32l3a6/rpmsg_platform.c:154:6:platform_notify	16	static
../rpmsg_lite/rpmsg_lite/porting/platform/k32l3a6/rpmsg_platform.c:181:6:platform_time_delay	24	static
../rpmsg_lite/rpmsg_lite/porting/platform/k32l3a6/rpmsg_platform.c:207:9:platform_in_isr	8	static
../rpmsg_lite/rpmsg_lite/porting/platform/k32l3a6/rpmsg_platform.c:222:9:platform_interrupt_enable	16	static
../rpmsg_lite/rpmsg_lite/porting/platform/k32l3a6/rpmsg_platform.c:251:9:platform_interrupt_disable	16	static
../rpmsg_lite/rpmsg_lite/porting/platform/k32l3a6/rpmsg_platform.c:279:6:platform_map_mem_region	24	static
../rpmsg_lite/rpmsg_lite/porting/platform/k32l3a6/rpmsg_platform.c:289:6:platform_cache_all_flush_invalidate	8	static
../rpmsg_lite/rpmsg_lite/porting/platform/k32l3a6/rpmsg_platform.c:299:6:platform_cache_disable	8	static
../rpmsg_lite/rpmsg_lite/porting/platform/k32l3a6/rpmsg_platform.c:309:10:platform_vatopa	16	static
../rpmsg_lite/rpmsg_lite/porting/platform/k32l3a6/rpmsg_platform.c:320:7:platform_patova	16	static
../rpmsg_lite/rpmsg_lite/porting/platform/k32l3a6/rpmsg_platform.c:330:9:platform_init	24	static
../rpmsg_lite/rpmsg_lite/porting/platform/k32l3a6/rpmsg_platform.c:363:9:platform_deinit	8	static
