/home/dimercur/Travail/git/insa-nxpcup/code/projet-2024/FRDM-K32L3A60_MASTER/CMSIS/core_cm4.h:1684:22:__NVIC_EnableIRQ	16	static
../drivers/fsl_clock.h:723:20:CLOCK_EnableClock	16	static
../drivers/fsl_clock.h:735:20:CLOCK_DisableClock	16	static
../drivers/fsl_common_arm.h:499:24:EnableIRQ	24	static
../drivers/fsl_usdhc.h:902:20:USDHC_EnableInternalDMA	16	static
../drivers/fsl_usdhc.h:950:20:USDHC_EnableInterruptSignal	16	static
../drivers/fsl_usdhc.h:961:20:USDHC_DisableInterruptSignal	16	static
../drivers/fsl_usdhc.h:979:24:USDHC_GetEnabledInterruptStatusFlags	24	static
../drivers/fsl_usdhc.h:992:24:USDHC_GetInterruptStatusFlags	16	static
../drivers/fsl_usdhc.h:1003:20:USDHC_ClearInterruptStatusFlags	16	static
../drivers/fsl_usdhc.h:1137:20:USDHC_WriteData	16	static
../drivers/fsl_usdhc.h:1150:24:USDHC_ReadData	16	static
../drivers/fsl_usdhc.c:236:17:USDHC_GetInstance	24	static
../drivers/fsl_usdhc.c:250:17:USDHC_SetTransferConfig	32	static
../drivers/fsl_usdhc.c:340:6:USDHC_SetDataConfig	32	static
../drivers/fsl_usdhc.c:361:17:USDHC_ReceiveCommandResponse	32	static
../drivers/fsl_usdhc.c:397:17:USDHC_ReadDataPort	48	static
../drivers/fsl_usdhc.c:450:17:USDHC_ReadByDataPortBlocking	32	static
../drivers/fsl_usdhc.c:523:17:USDHC_WriteDataPort	40	static
../drivers/fsl_usdhc.c:575:17:USDHC_WriteByDataPortBlocking	32	static
../drivers/fsl_usdhc.c:659:6:USDHC_SendCommand	24	static
../drivers/fsl_usdhc.c:717:17:USDHC_WaitCommandDone	32	static
../drivers/fsl_usdhc.c:749:17:USDHC_TransferDataBlocking	32	static
../drivers/fsl_usdhc.c:831:6:USDHC_Init	32	static
../drivers/fsl_usdhc.c:899:6:USDHC_Deinit	16	static
../drivers/fsl_usdhc.c:916:6:USDHC_Reset	24	static
../drivers/fsl_usdhc.c:942:6:USDHC_GetCapability	24	static
../drivers/fsl_usdhc.c:982:10:USDHC_SetSdClock	48	static
../drivers/fsl_usdhc.c:1103:6:USDHC_SetCardActive	16	static
../drivers/fsl_usdhc.c:1126:6:USDHC_EnableDDRMode	32	static
../drivers/fsl_usdhc.c:1171:6:USDHC_SetMmcBootConfig	24	static
../drivers/fsl_usdhc.c:1215:10:USDHC_SetADMA1Descriptor	56	static
../drivers/fsl_usdhc.c:1302:10:USDHC_SetADMA2Descriptor	56	static
../drivers/fsl_usdhc.c:1413:10:USDHC_SetInternalDmaConfig	24	static
../drivers/fsl_usdhc.c:1479:10:USDHC_SetAdmaTableConfig	48	static
../drivers/fsl_usdhc.c:1549:10:USDHC_TransferBlocking	56	static
../drivers/fsl_usdhc.c:1858:10:USDHC_TransferNonBlocking	56	static
../drivers/fsl_usdhc.c:2172:13:USDHC_TransferHandleCardDetect	24	static
../drivers/fsl_usdhc.c:2190:13:USDHC_TransferHandleCommand	32	static
../drivers/fsl_usdhc.c:2282:13:USDHC_TransferHandleData	40	static
../drivers/fsl_usdhc.c:2344:13:USDHC_TransferHandleSdioInterrupt	16	static
../drivers/fsl_usdhc.c:2364:13:USDHC_TransferHandleBlockGap	16	static
../drivers/fsl_usdhc.c:2380:6:USDHC_TransferCreateHandle	24	static
../drivers/fsl_usdhc.c:2417:6:USDHC_TransferHandleIRQ	24	static
../drivers/fsl_usdhc.c:2456:6:USDHC0_DriverIRQHandler	8	static
