../drivers/fsl_clock.h:723:20:CLOCK_EnableClock	16	static
../drivers/fsl_clock.h:735:20:CLOCK_DisableClock	16	static
../drivers/fsl_flexio.h:393:20:FLEXIO_Enable	16	static
../drivers/fsl_flexio.c:55:10:FLEXIO_GetInstance	24	static
../drivers/fsl_flexio.c:91:6:FLEXIO_Init	24	static
../drivers/fsl_flexio.c:120:6:FLEXIO_Deinit	16	static
../drivers/fsl_flexio.c:140:6:FLEXIO_GetDefaultConfig	16	static
../drivers/fsl_flexio.c:158:6:FLEXIO_Reset	16	static
../drivers/fsl_flexio.c:173:10:FLEXIO_GetShifterBufferAddress	24	static
../drivers/fsl_flexio.c:247:6:FLEXIO_SetShifterConfig	24	static
../drivers/fsl_flexio.c:292:6:FLEXIO_SetTimerConfig	24	static
../drivers/fsl_flexio.c:318:10:FLEXIO_RegisterHandleIRQ	32	static
../drivers/fsl_flexio.c:356:10:FLEXIO_UnregisterHandleIRQ	24	static
../drivers/fsl_flexio.c:385:13:FLEXIO_CommonIRQHandler	16	static
../drivers/fsl_flexio.c:400:6:FLEXIO_DriverIRQHandler	8	static
../drivers/fsl_flexio.c:406:6:FLEXIO0_DriverIRQHandler	8	static
../drivers/fsl_flexio.c:412:6:FLEXIO1_DriverIRQHandler	8	static
../drivers/fsl_flexio.c:418:6:UART2_FLEXIO_DriverIRQHandler	8	static
../drivers/fsl_flexio.c:424:6:FLEXIO2_DriverIRQHandler	8	static
../drivers/fsl_flexio.c:430:6:FLEXIO3_DriverIRQHandler	8	static
