../drivers/fsl_clock.h:723:20:CLOCK_EnableClock	16	static
../drivers/fsl_clock.h:766:20:CLOCK_SetIpSrc	24	static
../drivers/fsl_clock.h:873:24:CLOCK_GetLpoClkFreq	4	static
../drivers/fsl_clock.h:992:20:CLOCK_GetCurSysClkConfig	16	static
../drivers/fsl_clock.c:79:10:CLOCK_GetOsc32kClkFreq	8	static
../drivers/fsl_clock.c:90:10:CLOCK_GetFlashClkFreq	8	static
../drivers/fsl_clock.c:100:10:CLOCK_GetBusClkFreq	8	static
../drivers/fsl_clock.c:110:10:CLOCK_GetPlatClkFreq	8	static
../drivers/fsl_clock.c:120:10:CLOCK_GetCoreSysClkFreq	8	static
../drivers/fsl_clock.c:130:10:CLOCK_GetExtClkFreq	8	static
../drivers/fsl_clock.c:144:10:CLOCK_GetFreq	24	static
../drivers/fsl_clock.c:231:10:CLOCK_GetIpFreq	32	static
../drivers/fsl_clock.c:288:6:CLOCK_EnableUsbfs0Clock	24	static
../drivers/fsl_clock.c:320:10:CLOCK_GetSysClkFreq	24	static
../drivers/fsl_clock.c:383:10:CLOCK_InitSirc	24	static
../drivers/fsl_clock.c:427:10:CLOCK_DeinitSirc	16	static
../drivers/fsl_clock.c:453:10:CLOCK_GetSircFreq	4	static
../drivers/fsl_clock.c:473:10:CLOCK_GetSircAsyncFreq	24	static
../drivers/fsl_clock.c:520:10:CLOCK_InitFirc	24	static
../drivers/fsl_clock.c:585:10:CLOCK_DeinitFirc	16	static
../drivers/fsl_clock.c:611:10:CLOCK_GetFircFreq	4	static
../drivers/fsl_clock.c:636:10:CLOCK_GetFircAsyncFreq	24	static
../drivers/fsl_clock.c:675:10:CLOCK_GetRtcOscFreq	8	static
../drivers/fsl_clock.c:702:10:CLOCK_InitLpFll	24	static
../drivers/fsl_clock.c:775:10:CLOCK_DeinitLpFll	16	static
../drivers/fsl_clock.c:801:10:CLOCK_GetLpFllFreq	4	static
../drivers/fsl_clock.c:826:10:CLOCK_GetLpFllAsyncFreq	24	static
