../startup/startup_mkl25z4.cpp:265:6:void data_init(unsigned int, unsigned int, unsigned int)	8	static
../startup/startup_mkl25z4.cpp:274:6:void bss_init(unsigned int, unsigned int)	0	static
../startup/startup_mkl25z4.cpp:299:6:void ResetISR()	8	static
../startup/startup_mkl25z4.cpp:381:14:void NMI_Handler()	0	static
../startup/startup_mkl25z4.cpp:385:14:void HardFault_Handler()	0	static
../startup/startup_mkl25z4.cpp:389:14:void SVC_Handler()	0	static
../startup/startup_mkl25z4.cpp:393:14:void PendSV_Handler()	0	static
../startup/startup_mkl25z4.cpp:397:14:void SysTick_Handler()	0	static
../startup/startup_mkl25z4.cpp:405:14:void IntDefaultHandler()	0	static
../startup/startup_mkl25z4.cpp:415:14:void DMA0_IRQHandler()	8	static
../startup/startup_mkl25z4.cpp:419:14:void DMA1_IRQHandler()	8	static
../startup/startup_mkl25z4.cpp:423:14:void DMA2_IRQHandler()	8	static
../startup/startup_mkl25z4.cpp:427:14:void DMA3_IRQHandler()	8	static
../startup/startup_mkl25z4.cpp:431:14:void Reserved20_IRQHandler()	8	static
../startup/startup_mkl25z4.cpp:435:14:void FTFA_IRQHandler()	8	static
../startup/startup_mkl25z4.cpp:439:14:void LVD_LVW_IRQHandler()	8	static
../startup/startup_mkl25z4.cpp:443:14:void LLWU_IRQHandler()	8	static
../startup/startup_mkl25z4.cpp:447:14:void I2C0_IRQHandler()	8	static
../startup/startup_mkl25z4.cpp:451:14:void I2C1_IRQHandler()	8	static
../startup/startup_mkl25z4.cpp:455:14:void SPI0_IRQHandler()	8	static
../startup/startup_mkl25z4.cpp:459:14:void SPI1_IRQHandler()	8	static
../startup/startup_mkl25z4.cpp:463:14:void UART0_IRQHandler()	8	static
../startup/startup_mkl25z4.cpp:467:14:void UART1_IRQHandler()	8	static
../startup/startup_mkl25z4.cpp:471:14:void UART2_IRQHandler()	8	static
../startup/startup_mkl25z4.cpp:475:14:void ADC0_IRQHandler()	8	static
../startup/startup_mkl25z4.cpp:479:14:void CMP0_IRQHandler()	8	static
../startup/startup_mkl25z4.cpp:483:14:void TPM0_IRQHandler()	8	static
../startup/startup_mkl25z4.cpp:487:14:void TPM1_IRQHandler()	8	static
../startup/startup_mkl25z4.cpp:491:14:void TPM2_IRQHandler()	8	static
../startup/startup_mkl25z4.cpp:495:14:void RTC_IRQHandler()	8	static
../startup/startup_mkl25z4.cpp:499:14:void RTC_Seconds_IRQHandler()	8	static
../startup/startup_mkl25z4.cpp:503:14:void PIT_IRQHandler()	8	static
../startup/startup_mkl25z4.cpp:507:14:void Reserved39_IRQHandler()	8	static
../startup/startup_mkl25z4.cpp:511:14:void USB0_IRQHandler()	8	static
../startup/startup_mkl25z4.cpp:515:14:void DAC0_IRQHandler()	8	static
../startup/startup_mkl25z4.cpp:519:14:void TSI0_IRQHandler()	8	static
../startup/startup_mkl25z4.cpp:523:14:void MCG_IRQHandler()	8	static
../startup/startup_mkl25z4.cpp:527:14:void LPTMR0_IRQHandler()	8	static
../startup/startup_mkl25z4.cpp:531:14:void Reserved45_IRQHandler()	8	static
../startup/startup_mkl25z4.cpp:535:14:void PORTA_IRQHandler()	8	static
../startup/startup_mkl25z4.cpp:539:14:void PORTD_IRQHandler()	8	static
