../component/osa/fsl_os_abstraction_free_rtos.c:90:18:main_task	16	static
../component/osa/fsl_os_abstraction_free_rtos.c:121:7:OSA_MemoryAllocate	24	static
../component/osa/fsl_os_abstraction_free_rtos.c:139:6:OSA_MemoryFree	16	static
../component/osa/fsl_os_abstraction_free_rtos.c:144:6:OSA_EnterCritical	32	static
../component/osa/fsl_os_abstraction_free_rtos.c:160:6:OSA_ExitCritical	24	static
../component/osa/fsl_os_abstraction_free_rtos.c:182:6:startup_task	16	static
../component/osa/fsl_os_abstraction_free_rtos.c:335:6:OSA_TimeDelay	16	static
../component/osa/fsl_os_abstraction_free_rtos.c:345:10:OSA_TimeGetMsec	40	static
../component/osa/fsl_os_abstraction_free_rtos.c:369:14:OSA_SemaphorePrecreate	16	static
../component/osa/fsl_os_abstraction_free_rtos.c:383:14:OSA_SemaphoreCreate	24	static
../component/osa/fsl_os_abstraction_free_rtos.c:410:14:OSA_SemaphoreCreateBinary	24	static
../component/osa/fsl_os_abstraction_free_rtos.c:437:14:OSA_SemaphoreDestroy	24	static
../component/osa/fsl_os_abstraction_free_rtos.c:459:14:OSA_SemaphoreWait	24	static
../component/osa/fsl_os_abstraction_free_rtos.c:494:14:OSA_SemaphorePost	32	static
../component/osa/fsl_os_abstraction_free_rtos.c:535:14:OSA_MutexCreate	24	static
../component/osa/fsl_os_abstraction_free_rtos.c:565:14:OSA_MutexLock	24	static
../component/osa/fsl_os_abstraction_free_rtos.c:597:14:OSA_MutexUnlock	24	static
../component/osa/fsl_os_abstraction_free_rtos.c:619:14:OSA_MutexDestroy	24	static
../component/osa/fsl_os_abstraction_free_rtos.c:636:14:OSA_EventPrecreate	16	static
../component/osa/fsl_os_abstraction_free_rtos.c:650:14:OSA_EventCreate	24	static
../component/osa/fsl_os_abstraction_free_rtos.c:674:14:OSA_EventSet	32	static
../component/osa/fsl_os_abstraction_free_rtos.c:712:14:OSA_EventClear	24	static
../component/osa/fsl_os_abstraction_free_rtos.c:746:14:OSA_EventGet	40	static
../component/osa/fsl_os_abstraction_free_rtos.c:791:14:OSA_EventWait	48	static
../component/osa/fsl_os_abstraction_free_rtos.c:849:14:OSA_EventDestroy	24	static
../component/osa/fsl_os_abstraction_free_rtos.c:870:14:OSA_MsgQCreate	32	static
../component/osa/fsl_os_abstraction_free_rtos.c:898:14:OSA_MsgQPut	32	static
../component/osa/fsl_os_abstraction_free_rtos.c:938:14:OSA_MsgQGet	40	static
../component/osa/fsl_os_abstraction_free_rtos.c:972:5:OSA_MsgQAvailableMsgs	24	static
../component/osa/fsl_os_abstraction_free_rtos.c:987:14:OSA_MsgQDestroy	24	static
../component/osa/fsl_os_abstraction_free_rtos.c:1002:6:OSA_InterruptEnable	16	static
../component/osa/fsl_os_abstraction_free_rtos.c:1028:6:OSA_InterruptDisable	24	static
../component/osa/fsl_os_abstraction_free_rtos.c:1050:6:OSA_EnableIRQGlobal	4	static
../component/osa/fsl_os_abstraction_free_rtos.c:1070:6:OSA_DisableIRQGlobal	4	static
../component/osa/fsl_os_abstraction_free_rtos.c:1085:6:OSA_InstallIntHandler	16	static
