/home/dimercur/Travail/git/insa-nxpcup/code/2019-2020/Equipe2/NXP-DRY-2023/CMSIS/core_cm0plus.h:745:22:NVIC_EnableIRQ	16	static
/home/dimercur/Travail/git/insa-nxpcup/code/2019-2020/Equipe2/NXP-DRY-2023/CMSIS/core_cm0plus.h:791:22:NVIC_ClearPendingIRQ	16	static
../application/Debug.h:66:20:enable_irq	16	static
../application/Debug.c:15:6:debug_init	8	static
../application/Debug.c:73:15:debug_getRotarySW	8	static
../application/Debug.c:77:15:debug_getUserSW1	8	static
../application/Debug.c:80:15:debug_getUserSW2	8	static
../application/Debug.c:84:6:debug_displaySendRaw	24	static
../application/Debug.c:97:6:debug_displaySendNb	16	static
../application/Debug.c:114:6:UART0_IRQHandler	24	static
../application/Debug.c:130:5:uart_write	24	static
../application/Debug.c:138:6:uart_writeNb	32	static
../application/Debug.c:152:5:uart_write_err	24	static
../application/Debug.c:163:5:uart_read	32	static
../application/Debug.c:173:6:uart_init	24	static
../application/Debug.c:209:6:buf_reset	16	static
../application/Debug.c:214:5:buf_len	24	static
../application/Debug.c:220:5:buf_isfull	16	static
../application/Debug.c:224:5:buf_isempty	16	static
../application/Debug.c:228:5:advance	16	static
../application/Debug.c:233:9:buf_get_byte	32	static
../application/Debug.c:239:6:buf_put_byte	16	static
../application/Debug.c:245:6:lptmr_conf	8	static
../application/Debug.c:271:6:LPTMR0_IRQHandler	8	static
../application/Debug.c:280:6:ADC_init	8	static
../application/Debug.c:291:6:BatteryVoltage	16	static
../application/Debug.c:308:6:clock_init	8	static
