/home/dimercur/Travail/git/insa-nxpcup/code/projet-2024/FRDM-K32L3A6_M0SLAVE/CMSIS/core_cm0plus.h:741:22:__NVIC_EnableIRQ	16	static
../drivers/fsl_clock.h:723:20:CLOCK_EnableClock	16	static
../drivers/fsl_clock.h:735:20:CLOCK_DisableClock	16	static
../drivers/fsl_common_arm.h:499:24:EnableIRQ	24	static
../drivers/fsl_common_arm.h:717:24:DisableGlobalIRQ	16	static
../drivers/fsl_common_arm.h:743:20:EnableGlobalIRQ	24	static
../drivers/fsl_lpuart.h:355:20:LPUART_SoftwareReset	16	static
../drivers/fsl_lpuart.c:147:10:LPUART_GetInstance	24	static
../drivers/fsl_lpuart.c:171:8:LPUART_TransferGetRxRingBufferLength	32	static
../drivers/fsl_lpuart.c:192:13:LPUART_TransferIsRxRingBufferFull	24	static
../drivers/fsl_lpuart.c:209:13:LPUART_WriteNonBlocking	32	static
../drivers/fsl_lpuart.c:223:13:LPUART_ReadNonBlocking	40	static
../drivers/fsl_lpuart.c:277:10:LPUART_Init	56	static
../drivers/fsl_lpuart.c:489:6:LPUART_Deinit	24	static
../drivers/fsl_lpuart.c:553:6:LPUART_GetDefaultConfig	16	static
../drivers/fsl_lpuart.c:598:10:LPUART_SetBaudRate	56	static
../drivers/fsl_lpuart.c:686:6:LPUART_Enable9bitMode	24	static
../drivers/fsl_lpuart.c:720:6:LPUART_SendAddress	24	static
../drivers/fsl_lpuart.c:742:6:LPUART_EnableInterrupts	24	static
../drivers/fsl_lpuart.c:784:6:LPUART_DisableInterrupts	24	static
../drivers/fsl_lpuart.c:832:10:LPUART_GetEnabledInterrupts	24	static
../drivers/fsl_lpuart.c:870:10:LPUART_GetStatusFlags	24	static
../drivers/fsl_lpuart.c:903:10:LPUART_ClearStatusFlags	24	static
../drivers/fsl_lpuart.c:953:10:LPUART_WriteBlocking	32	static
../drivers/fsl_lpuart.c:1018:10:LPUART_ReadBlocking	48	static
../drivers/fsl_lpuart.c:1137:6:LPUART_TransferCreateHandle	48	static
../drivers/fsl_lpuart.c:1202:6:LPUART_TransferStartRingBuffer	32	static
../drivers/fsl_lpuart.c:1231:6:LPUART_TransferStopRingBuffer	24	static
../drivers/fsl_lpuart.c:1269:10:LPUART_TransferSendNonBlocking	32	static
../drivers/fsl_lpuart.c:1312:6:LPUART_TransferAbortSend	24	static
../drivers/fsl_lpuart.c:1337:10:LPUART_TransferGetSendCount	32	static
../drivers/fsl_lpuart.c:1395:10:LPUART_TransferReceiveNonBlocking	56	static
../drivers/fsl_lpuart.c:1534:6:LPUART_TransferAbortReceive	24	static
../drivers/fsl_lpuart.c:1565:10:LPUART_TransferGetReceiveCount	32	static
../drivers/fsl_lpuart.c:1585:13:LPUART_TransferHandleIDLEReady	32	static
../drivers/fsl_lpuart.c:1638:13:LPUART_TransferHandleReceiveDataFull	40	static
../drivers/fsl_lpuart.c:1751:13:LPUART_TransferHandleSendDataEmpty	32	static
../drivers/fsl_lpuart.c:1791:13:LPUART_TransferHandleTransmissionComplete	32	static
../drivers/fsl_lpuart.c:1819:6:LPUART_TransferHandleIRQ	40	static
../drivers/fsl_lpuart.c:1877:6:LPUART_TransferHandleErrorIRQ	16	static
../drivers/fsl_lpuart.c:1946:6:LPUART0_DriverIRQHandler	8	static
../drivers/fsl_lpuart.c:1972:6:LPUART1_DriverIRQHandler	8	static
../drivers/fsl_lpuart.c:1997:6:LPUART2_DriverIRQHandler	8	static
../drivers/fsl_lpuart.c:2021:6:LPUART3_DriverIRQHandler	8	static
