/home/dimercur/Travail/git/insa-nxpcup/code/projet-2024/FRDM-K32L3A6_M0SLAVE/CMSIS/core_cm0plus.h:741:22:__NVIC_EnableIRQ	16	static
../drivers/fsl_clock.h:723:20:CLOCK_EnableClock	16	static
../drivers/fsl_clock.h:735:20:CLOCK_DisableClock	16	static
../drivers/fsl_common_arm.h:499:24:EnableIRQ	24	static
../drivers/fsl_lpspi.h:507:20:LPSPI_Enable	16	static
../drivers/fsl_lpspi.h:533:24:LPSPI_GetStatusFlags	16	static
../drivers/fsl_lpspi.h:553:23:LPSPI_GetRxFifoSize	16	static
../drivers/fsl_lpspi.h:563:24:LPSPI_GetTxFifoCount	16	static
../drivers/fsl_lpspi.h:573:24:LPSPI_GetRxFifoCount	16	static
../drivers/fsl_lpspi.h:591:20:LPSPI_ClearStatusFlags	16	static
../drivers/fsl_lpspi.h:618:20:LPSPI_EnableInterrupts	16	static
../drivers/fsl_lpspi.h:633:20:LPSPI_DisableInterrupts	16	static
../drivers/fsl_lpspi.h:736:20:LPSPI_SetMasterSlaveMode	16	static
../drivers/fsl_lpspi.h:781:20:LPSPI_IsMaster	16	static
../drivers/fsl_lpspi.h:793:20:LPSPI_FlushFifo	16	static
../drivers/fsl_lpspi.h:809:20:LPSPI_SetFifoWatermarks	24	static
../drivers/fsl_lpspi.h:954:20:LPSPI_WriteData	16	static
../drivers/fsl_lpspi.h:968:24:LPSPI_ReadData	16	static
../drivers/fsl_lpspi.c:218:10:LPSPI_GetInstance	24	static
../drivers/fsl_lpspi.c:246:6:LPSPI_SetDummyData	24	static
../drivers/fsl_lpspi.c:259:6:LPSPI_MasterInit	32	static
../drivers/fsl_lpspi.c:323:6:LPSPI_MasterGetDefaultConfig	16	static
../drivers/fsl_lpspi.c:355:6:LPSPI_SlaveInit	24	static
../drivers/fsl_lpspi.c:402:6:LPSPI_SlaveGetDefaultConfig	16	static
../drivers/fsl_lpspi.c:427:6:LPSPI_Reset	16	static
../drivers/fsl_lpspi.c:443:6:LPSPI_Deinit	24	static
../drivers/fsl_lpspi.c:461:13:LPSPI_SetOnePcsPolarity	24	static
../drivers/fsl_lpspi.c:496:10:LPSPI_MasterSetBaudRate	64	static
../drivers/fsl_lpspi.c:608:6:LPSPI_MasterSetDelayScaler	24	static
../drivers/fsl_lpspi.c:681:10:LPSPI_MasterSetDelayTimes	176	static
../drivers/fsl_lpspi.c:804:6:LPSPI_MasterTransferCreateHandle	24	static
../drivers/fsl_lpspi.c:831:6:LPSPI_CheckTransferArgument	40	static
../drivers/fsl_lpspi.c:901:13:LPSPI_MasterTransferWriteAllTxData	64	static
../drivers/fsl_lpspi.c:1006:13:LPSPI_MasterTransferClearTCR	24	static
../drivers/fsl_lpspi.c:1026:13:LPSPI_MasterTransferReadDataInFifo	32	static
../drivers/fsl_lpspi.c:1063:13:LPSPI_MasterTransferReadDataInFifoNoBuf	16	static
../drivers/fsl_lpspi.c:1098:10:LPSPI_MasterTransferBlocking	48	static
../drivers/fsl_lpspi.c:1226:10:LPSPI_MasterTransferNonBlocking	56	static
../drivers/fsl_lpspi.c:1403:13:LPSPI_MasterTransferFillUpTxFifo	48	static
../drivers/fsl_lpspi.c:1471:13:LPSPI_MasterTransferComplete	24	static
../drivers/fsl_lpspi.c:1496:10:LPSPI_MasterTransferGetCount	32	static
../drivers/fsl_lpspi.c:1536:6:LPSPI_MasterTransferAbort	16	static
../drivers/fsl_lpspi.c:1558:6:LPSPI_MasterTransferHandleIRQ	40	static
../drivers/fsl_lpspi.c:1690:6:LPSPI_SlaveTransferCreateHandle	24	static
../drivers/fsl_lpspi.c:1726:10:LPSPI_SlaveTransferNonBlocking	40	static
../drivers/fsl_lpspi.c:1861:13:LPSPI_SlaveTransferFillUpTxFifo	40	static
../drivers/fsl_lpspi.c:1893:13:LPSPI_SlaveTransferComplete	32	static
../drivers/fsl_lpspi.c:1929:10:LPSPI_SlaveTransferGetCount	32	static
../drivers/fsl_lpspi.c:1969:6:LPSPI_SlaveTransferAbort	16	static
../drivers/fsl_lpspi.c:1991:6:LPSPI_SlaveTransferHandleIRQ	40	static
../drivers/fsl_lpspi.c:2103:17:LPSPI_CombineWriteData	24	static
../drivers/fsl_lpspi.c:2187:13:LPSPI_SeparateReadData	24	static
../drivers/fsl_lpspi.c:2267:13:LPSPI_TxFifoReady	16	static
../drivers/fsl_lpspi.c:2286:13:LPSPI_CommonIRQHandler	16	static
../drivers/fsl_lpspi.c:2301:6:LPSPI0_DriverIRQHandler	8	static
../drivers/fsl_lpspi.c:2310:6:LPSPI1_DriverIRQHandler	8	static
../drivers/fsl_lpspi.c:2319:6:LPSPI2_DriverIRQHandler	8	static
../drivers/fsl_lpspi.c:2328:6:LPSPI3_DriverIRQHandler	8	static
