../drivers/fsl_clock.h:723:20:CLOCK_EnableClock	16	static
../drivers/fsl_clock.h:735:20:CLOCK_DisableClock	16	static
../drivers/fsl_lpadc.h:571:20:LPADC_Enable	16	static
../drivers/fsl_lpadc.h:609:20:LPADC_DoResetFIFO	16	static
../drivers/fsl_lpadc.h:622:20:LPADC_DoResetConfig	16	static
../drivers/fsl_lpadc.h:811:24:LPADC_GetConvResultCount	16	static
../drivers/fsl_lpadc.h:858:20:LPADC_DoSoftwareTrigger	16	static
../drivers/fsl_lpadc.h:947:20:LPADC_SetOffsetValue	16	static
../drivers/fsl_lpadc.c:48:17:LPADC_GetInstance	24	static
../drivers/fsl_lpadc.c:102:6:LPADC_Init	24	static
../drivers/fsl_lpadc.c:211:6:LPADC_GetDefaultConfig	16	static
../drivers/fsl_lpadc.c:249:6:LPADC_Deinit	16	static
../drivers/fsl_lpadc.c:299:6:LPADC_GetConvResult	24	static
../drivers/fsl_lpadc.c:330:6:LPADC_SetConvTriggerConfig	32	static
../drivers/fsl_lpadc.c:369:6:LPADC_GetDefaultConvTriggerConfig	16	static
../drivers/fsl_lpadc.c:393:6:LPADC_SetConvCommandConfig	32	static
../drivers/fsl_lpadc.c:506:6:LPADC_GetDefaultConvCommandConfig	16	static
../drivers/fsl_lpadc.c:556:6:LPADC_EnableCalibration	16	static
../drivers/fsl_lpadc.c:581:6:LPADC_DoAutoCalibration	104	static
