/home/dimercur/Travail/git/insa-nxpcup/code/projet-2024/FRDM-K32L3A6_M0SLAVE/CMSIS/core_cm0plus.h:741:22:__NVIC_EnableIRQ	16	static
../drivers/fsl_clock.h:723:20:CLOCK_EnableClock	16	static
../drivers/fsl_clock.h:735:20:CLOCK_DisableClock	16	static
../drivers/fsl_common_arm.h:499:24:EnableIRQ	24	static
../drivers/fsl_lpi2c.h:545:20:LPI2C_MasterReset	16	static
../drivers/fsl_lpi2c.h:557:20:LPI2C_MasterEnable	16	static
../drivers/fsl_lpi2c.h:579:24:LPI2C_MasterGetStatusFlags	16	static
../drivers/fsl_lpi2c.h:604:20:LPI2C_MasterClearStatusFlags	16	static
../drivers/fsl_lpi2c.h:624:20:LPI2C_MasterEnableInterrupts	16	static
../drivers/fsl_lpi2c.h:639:20:LPI2C_MasterDisableInterrupts	16	static
../drivers/fsl_lpi2c.h:651:24:LPI2C_MasterGetEnabledInterrupts	16	static
../drivers/fsl_lpi2c.h:711:20:LPI2C_MasterSetWatermarks	24	static
../drivers/fsl_lpi2c.h:725:20:LPI2C_MasterGetFifoCounts	24	static
../drivers/fsl_lpi2c.h:1028:20:LPI2C_SlaveReset	16	static
../drivers/fsl_lpi2c.h:1040:20:LPI2C_SlaveEnable	16	static
../drivers/fsl_lpi2c.h:1062:24:LPI2C_SlaveGetStatusFlags	16	static
../drivers/fsl_lpi2c.h:1084:20:LPI2C_SlaveClearStatusFlags	16	static
../drivers/fsl_lpi2c.h:1104:20:LPI2C_SlaveEnableInterrupts	16	static
../drivers/fsl_lpi2c.h:1119:20:LPI2C_SlaveDisableInterrupts	16	static
../drivers/fsl_lpi2c.c:197:10:LPI2C_GetInstance	24	static
../drivers/fsl_lpi2c.c:220:17:LPI2C_GetCyclesForWidth	40	static
../drivers/fsl_lpi2c.c:262:10:LPI2C_MasterCheckAndClearError	24	static
../drivers/fsl_lpi2c.c:316:17:LPI2C_MasterWaitForTxReady	32	static
../drivers/fsl_lpi2c.c:364:10:LPI2C_CheckForBusyBus	24	static
../drivers/fsl_lpi2c.c:401:6:LPI2C_MasterGetDefaultConfig	16	static
../drivers/fsl_lpi2c.c:434:6:LPI2C_MasterInit	56	static
../drivers/fsl_lpi2c.c:535:6:LPI2C_MasterDeinit	24	static
../drivers/fsl_lpi2c.c:560:6:LPI2C_MasterConfigureDataMatch	32	static
../drivers/fsl_lpi2c.c:591:6:LPI2C_MasterSetBaudRate	80	static
../drivers/fsl_lpi2c.c:730:10:LPI2C_MasterStart	24	static
../drivers/fsl_lpi2c.c:767:10:LPI2C_MasterStop	24	static
../drivers/fsl_lpi2c.c:828:10:LPI2C_MasterReceive	40	static
../drivers/fsl_lpi2c.c:930:10:LPI2C_MasterSend	32	static
../drivers/fsl_lpi2c.c:969:10:LPI2C_MasterTransferBlocking	48	static
../drivers/fsl_lpi2c.c:1091:6:LPI2C_MasterTransferCreateHandle	32	static
../drivers/fsl_lpi2c.c:1125:13:LPI2C_TransferStateMachineSendCommand	32	static
../drivers/fsl_lpi2c.c:1192:13:LPI2C_TransferStateMachineReadCommand	24	static
../drivers/fsl_lpi2c.c:1216:13:LPI2C_TransferStateMachineTransferData	24	static
../drivers/fsl_lpi2c.c:1259:13:LPI2C_TransferStateMachineStopState	24	static
../drivers/fsl_lpi2c.c:1290:13:LPI2C_TransferStateMachineWaitState	24	static
../drivers/fsl_lpi2c.c:1328:17:LPI2C_RunTransferStateMachine	56	static
../drivers/fsl_lpi2c.c:1407:13:LPI2C_InitTransferStateMachine	40	static
../drivers/fsl_lpi2c.c:1480:10:LPI2C_MasterTransferNonBlocking	40	static
../drivers/fsl_lpi2c.c:1546:10:LPI2C_MasterTransferGetCount	48	static
../drivers/fsl_lpi2c.c:1614:6:LPI2C_MasterTransferAbort	16	static
../drivers/fsl_lpi2c.c:1644:6:LPI2C_MasterTransferHandleIRQ	40	static
../drivers/fsl_lpi2c.c:1714:6:LPI2C_SlaveGetDefaultConfig	16	static
../drivers/fsl_lpi2c.c:1753:6:LPI2C_SlaveInit	56	static
../drivers/fsl_lpi2c.c:1825:6:LPI2C_SlaveDeinit	24	static
../drivers/fsl_lpi2c.c:1852:17:LPI2C_SlaveCheckAndClearError	24	static
../drivers/fsl_lpi2c.c:1892:10:LPI2C_SlaveSend	40	static
../drivers/fsl_lpi2c.c:1979:10:LPI2C_SlaveReceive	40	static
../drivers/fsl_lpi2c.c:2073:6:LPI2C_SlaveTransferCreateHandle	32	static
../drivers/fsl_lpi2c.c:2130:10:LPI2C_SlaveTransferNonBlocking	32	static
../drivers/fsl_lpi2c.c:2190:10:LPI2C_SlaveTransferGetCount	32	static
../drivers/fsl_lpi2c.c:2225:6:LPI2C_SlaveTransferAbort	16	static
../drivers/fsl_lpi2c.c:2253:6:LPI2C_SlaveTransferHandleIRQ	32	static
../drivers/fsl_lpi2c.c:2411:13:LPI2C_CommonIRQHandler	16	static
../drivers/fsl_lpi2c.c:2433:6:LPI2C0_DriverIRQHandler	8	static
../drivers/fsl_lpi2c.c:2442:6:LPI2C1_DriverIRQHandler	8	static
../drivers/fsl_lpi2c.c:2451:6:LPI2C2_DriverIRQHandler	8	static
../drivers/fsl_lpi2c.c:2460:6:LPI2C3_DriverIRQHandler	8	static
