../drivers/fsl_clock.h:723:20:CLOCK_EnableClock	16	static
../drivers/fsl_clock.h:735:20:CLOCK_DisableClock	16	static
../drivers/fsl_tpm.h:485:23:TPM_GetChannelContorlBits	16	static
../drivers/fsl_tpm.h:499:20:TPM_DisableChannel	16	static
../drivers/fsl_tpm.h:521:20:TPM_EnableChannel	16	static
../drivers/fsl_tpm.h:889:20:TPM_Reset	16	static
../drivers/fsl_tpm.c:53:17:TPM_GetInstance	24	static
../drivers/fsl_tpm.c:81:6:TPM_Init	16	static
../drivers/fsl_tpm.c:128:6:TPM_Deinit	16	static
../drivers/fsl_tpm.c:170:6:TPM_GetDefaultConfig	16	static
../drivers/fsl_tpm.c:222:22:TPM_CalculateCounterClkDiv	32	static
../drivers/fsl_tpm.c:250:17:TPM_SetupSinglePwmChannel	56	static
../drivers/fsl_tpm.c:420:10:TPM_SetupPwm	72	static
../drivers/fsl_tpm.c:513:10:TPM_UpdatePwmDutycycle	48	static
../drivers/fsl_tpm.c:631:6:TPM_UpdateChnlEdgeLevelSelect	32	static
../drivers/fsl_tpm.c:659:6:TPM_SetupInputCapture	16	static
../drivers/fsl_tpm.c:703:6:TPM_SetupOutputCompare	32	static
../drivers/fsl_tpm.c:749:6:TPM_SetupDualEdgeCapture	48	static
../drivers/fsl_tpm.c:828:6:TPM_SetupQuadDecode	32	static
../drivers/fsl_tpm.c:905:6:TPM_EnableInterrupts	24	static
../drivers/fsl_tpm.c:935:6:TPM_DisableInterrupts	24	static
../drivers/fsl_tpm.c:966:10:TPM_GetEnabledInterrupts	32	static
